[control-server] listening {"origin":"http://localhost:17913"}
[app] started {"controlOrigin":"http://localhost:17913","mainThread":"ThreadId(1)","unstableFeature":true}
[env] environment {"controlOrigin":"http://localhost:17913","gogStoreUrl":"https://www.gog.com/en/games","steamStoreUrl":"https://store.steampowered.com/app/440/Team_Fortress_2/","tauri":"2.11.5 (Cargo.lock-pinned, matches src-tauri) + `unstable` feature","wry":"0.55.1"}
[autorun] === PHASE 0: baseline === {}
[embed] list_webviews {"count":1,"webviews":[{"boundsPhysical":"Rect { position: Logical(LogicalPosition { x: 0.0, y: 0.0 }), size: Logical(LogicalSize { width: 1280.0, height: 900.0 }) }","label":"main","url":"tauri://localhost","window":"main"}]}
[autorun] 0a list_webviews before anything (expect exactly ['main']) {"count":1,"webviews":[{"boundsPhysical":"Rect { position: Logical(LogicalPosition { x: 0.0, y: 0.0 }), size: Logical(LogicalSize { width: 1280.0, height: 900.0 }) }","label":"main","url":"tauri://localhost","window":"main"}]}
[autorun] === PHASE 1 (016 KILL-SHOT): add_child on the config-created main window === {}
[embed] add_child {"isolatedStore":false,"requested":{"h":560.0,"w":760.0,"x":290.0,"y":96.0},"spoofUa":true,"thread":"main","url":"http://localhost:17913/set"}
[embed] add_child OK {"boundsReadback":"Rect { position: Logical(LogicalPosition { x: 0.0, y: 0.0 }), size: Logical(LogicalSize { width: 0.0, height: 0.0 }) }","elapsedMs":2,"label":"store-embed","windowNumber":null,"windowWebviews":["main","store-embed"]}
[autorun] 1a create_embed → control origin /set (UA + cookie oracles server-side) {"boundsReadback":"Rect { position: Logical(LogicalPosition { x: 0.0, y: 0.0 }), size: Logical(LogicalSize { width: 0.0, height: 0.0 }) }","elapsedMs":2,"label":"store-embed","windowNumber":null,"windowWebviews":["main","store-embed"]}
[navigation] embed on_navigation {"url":"http://localhost:17913/set"}
[control-server] request {"cookieHeader":"","cookieHeaderNames":[],"path":"/set","userAgent":"Mozilla/5.0 (Macintosh; Intel Mac OS X 10_15_7) AppleWebKit/537.36 (KHTML, like Gecko) Chrome/131.0.0.0 Safari/537.36"}
[navigation] embed on_page_load {"event":"started","url":"http://localhost:17913/set"}
[navigation] embed on_page_load {"event":"finished","url":"http://localhost:17913/set"}
[embed] list_webviews {"count":2,"webviews":[{"boundsPhysical":"Rect { position: Logical(LogicalPosition { x: 0.0, y: 0.0 }), size: Logical(LogicalSize { width: 1280.0, height: 450.0 }) }","label":"main","url":"tauri://localhost","window":"main"},{"boundsPhysical":"Rect { position: Logical(LogicalPosition { x: 0.0, y: 0.0 }), size: Logical(LogicalSize { width: 1280.0, height: 450.0 }) }","label":"store-embed","url":"http://localhost:17913/set","window":"main"}]}
[autorun] 1b list_webviews (expect main + store-embed, same window) {"count":2,"webviews":[{"boundsPhysical":"Rect { position: Logical(LogicalPosition { x: 0.0, y: 0.0 }), size: Logical(LogicalSize { width: 1280.0, height: 450.0 }) }","label":"main","url":"tauri://localhost","window":"main"},{"boundsPhysical":"Rect { position: Logical(LogicalPosition { x: 0.0, y: 0.0 }), size: Logical(LogicalSize { width: 1280.0, height: 450.0 }) }","label":"store-embed","url":"http://localhost:17913/set","window":"main"}]}
[autorun] === PHASE 2 (016): /probe — server echoes Cookie header + UA of the EMBED === {}
[embed] navigate {"label":"store-embed","url":"http://localhost:17913/probe"}
[autorun] 2a navigate embed to /probe {"ok":true}
[navigation] embed on_navigation {"url":"http://localhost:17913/probe"}
[control-server] request {"cookieHeader":"spike_plain=alpha1; spike_httponly=bravo2","cookieHeaderNames":["spike_plain","spike_httponly"],"path":"/probe","userAgent":"Mozilla/5.0 (Macintosh; Intel Mac OS X 10_15_7) AppleWebKit/537.36 (KHTML, like Gecko) Chrome/131.0.0.0 Safari/537.36"}
[navigation] embed on_page_load {"event":"started","url":"http://localhost:17913/probe"}
[navigation] embed on_page_load {"event":"finished","url":"http://localhost:17913/probe"}
[autorun] === PHASE 3 (016): a REAL store page in the embed === {}
[embed] navigate {"label":"store-embed","url":"https://store.steampowered.com/app/440/Team_Fortress_2/"}
[autorun] 3a navigate embed to the Steam store {"ok":true}
[navigation] embed on_navigation {"url":"https://store.steampowered.com/app/440/Team_Fortress_2/"}
[navigation] embed on_page_load {"event":"started","url":"https://store.steampowered.com/app/440/Team_Fortress_2/"}
[navigation] embed on_page_load {"event":"finished","url":"https://store.steampowered.com/app/440/Team_Fortress_2/"}
[autorun] === PHASE 4 (017): bounds round-trips, hide/show === {}
[bounds] set_bounds round-trip {"elapsedMs":0,"readbackLogical":{"h":450.0,"w":1280.0,"x":0.0,"y":0.0},"readbackPhysical":{"h":450,"w":1280,"x":0,"y":0},"requestedLogical":{"h":700.0,"w":900.0,"x":290.0,"y":96.0},"scaleFactor":1.0}
[autorun] 4a set_bounds(290,96,900,700) round-trip {"elapsedMs":0,"readbackLogical":{"h":450.0,"w":1280.0,"x":0.0,"y":0.0},"readbackPhysical":{"h":450,"w":1280,"x":0,"y":0},"requestedLogical":{"h":700.0,"w":900.0,"x":290.0,"y":96.0},"scaleFactor":1.0}
[bounds] set_bounds round-trip {"elapsedMs":0,"readbackLogical":{"h":450.0,"w":1280.0,"x":0.0,"y":0.0},"readbackPhysical":{"h":450,"w":1280,"x":0,"y":0},"requestedLogical":{"h":300.0,"w":400.0,"x":10.0,"y":400.0},"scaleFactor":1.0}
[autorun] 4b set_bounds(10,400,400,300) round-trip {"elapsedMs":0,"readbackLogical":{"h":450.0,"w":1280.0,"x":0.0,"y":0.0},"readbackPhysical":{"h":450,"w":1280,"x":0,"y":0},"requestedLogical":{"h":300.0,"w":400.0,"x":10.0,"y":400.0},"scaleFactor":1.0}
[bounds] set_bounds round-trip {"elapsedMs":0,"readbackLogical":{"h":450.0,"w":1280.0,"x":0.0,"y":0.0},"readbackPhysical":{"h":450,"w":1280,"x":0,"y":0},"requestedLogical":{"h":560.75,"w":760.25,"x":290.5,"y":96.5},"scaleFactor":1.0}
[autorun] 4c set_bounds(290.5,96.5,760.25,560.75) round-trip {"elapsedMs":0,"readbackLogical":{"h":450.0,"w":1280.0,"x":0.0,"y":0.0},"readbackPhysical":{"h":450,"w":1280,"x":0,"y":0},"requestedLogical":{"h":560.75,"w":760.25,"x":290.5,"y":96.5},"scaleFactor":1.0}
[embed] hide {"error":null,"label":"store-embed","ok":true}
[autorun] 4d hide() {"ok":true}
[embed] show {"error":null,"label":"store-embed","ok":true}
[autorun] 4e show() {"ok":true}
[autorun] === PHASE 5 (018): cookies on child vs main handle === {}
[cookie-read] cookies() {"api":"cookies","controlCookiesSeen":["spike_plain","spike_httponly"],"cookies":[{"domain":"store.steampowered.com","http_only":false,"name":"browserid","secure":true,"value":"380…<redacted 18 chars>","value_len":18},{"domain":"store.steampowered.com","http_only":false,"name":"recentapps","secure":true,"value":"%7B…<redacted 28 chars>","value_len":28},{"domain":"store.steampowered.com","http_only":false,"name":"timezoneOffset","secure":false,"value":"468…<redacted 7 chars>","value_len":7},{"domain":"store.steampowered.com","http_only":false,"name":"timezoneName","secure":true,"value":"Pac…<redacted 16 chars>","value_len":16},{"domain":"store.steampowered.com","http_only":true,"name":"steamCountry","secure":true,"value":"NZ%…<redacted 37 chars>","value_len":37},{"domain":"store.steampowered.com","http_only":false,"name":"sessionid","secure":true,"value":"e03…<redacted 24 chars>","value_len":24},{"domain":"localhost","http_only":false,"name":"spike_plain","secure":false,"value":"alpha1","value_len":6},{"domain":"localhost","http_only":true,"name":"spike_httponly","secure":false,"value":"bravo2","value_len":6},{"domain":"gog.com","http_only":true,"name":"csrf","secure":true,"value":"tru…<redacted 4 chars>","value_len":4},{"domain":"gog.com","http_only":true,"name":"gog_lc","secure":false,"value":"NZ_…<redacted 12 chars>","value_len":12}],"count":10,"elapsedMs":0,"error":null,"ok":true,"thread":"main","webview":"store-embed"}
[autorun] 5a cookies() on the CHILD handle (expect control + steam cookies) {"api":"cookies","controlCookiesSeen":["spike_plain","spike_httponly"],"cookies":[{"domain":"store.steampowered.com","http_only":false,"name":"browserid","secure":true,"value":"380…<redacted 18 chars>","value_len":18},{"domain":"store.steampowered.com","http_only":false,"name":"recentapps","secure":true,"value":"%7B…<redacted 28 chars>","value_len":28},{"domain":"store.steampowered.com","http_only":false,"name":"timezoneOffset","secure":false,"value":"468…<redacted 7 chars>","value_len":7},{"domain":"store.steampowered.com","http_only":false,"name":"timezoneName","secure":true,"value":"Pac…<redacted 16 chars>","value_len":16},{"domain":"store.steampowered.com","http_only":true,"name":"steamCountry","secure":true,"value":"NZ%…<redacted 37 chars>","value_len":37},{"domain":"store.steampowered.com","http_only":false,"name":"sessionid","secure":true,"value":"e03…<redacted 24 chars>","value_len":24},{"domain":"localhost","http_only":false,"name":"spike_plain","secure":false,"value":"alpha1","value_len":6},{"domain":"localhost","http_only":true,"name":"spike_httponly","secure":false,"value":"bravo2","value_len":6},{"domain":"gog.com","http_only":true,"name":"csrf","secure":true,"value":"tru…<redacted 4 chars>","value_len":4},{"domain":"gog.com","http_only":true,"name":"gog_lc","secure":false,"value":"NZ_…<redacted 12 chars>","value_len":12}],"count":10,"elapsedMs":0,"error":null,"ok":true,"thread":"main","webview":"store-embed"}
[cookie-read] cookies() {"api":"cookies","controlCookiesSeen":["spike_plain","spike_httponly"],"cookies":[{"domain":"store.steampowered.com","http_only":false,"name":"browserid","secure":true,"value":"380…<redacted 18 chars>","value_len":18},{"domain":"store.steampowered.com","http_only":false,"name":"recentapps","secure":true,"value":"%7B…<redacted 28 chars>","value_len":28},{"domain":"store.steampowered.com","http_only":false,"name":"timezoneOffset","secure":false,"value":"468…<redacted 7 chars>","value_len":7},{"domain":"store.steampowered.com","http_only":false,"name":"timezoneName","secure":true,"value":"Pac…<redacted 16 chars>","value_len":16},{"domain":"store.steampowered.com","http_only":true,"name":"steamCountry","secure":true,"value":"NZ%…<redacted 37 chars>","value_len":37},{"domain":"store.steampowered.com","http_only":false,"name":"sessionid","secure":true,"value":"e03…<redacted 24 chars>","value_len":24},{"domain":"localhost","http_only":false,"name":"spike_plain","secure":false,"value":"alpha1","value_len":6},{"domain":"localhost","http_only":true,"name":"spike_httponly","secure":false,"value":"bravo2","value_len":6},{"domain":"gog.com","http_only":true,"name":"csrf","secure":true,"value":"tru…<redacted 4 chars>","value_len":4},{"domain":"gog.com","http_only":true,"name":"gog_lc","secure":false,"value":"NZ_…<redacted 12 chars>","value_len":12}],"count":10,"elapsedMs":0,"error":null,"ok":true,"thread":"main","webview":"main"}
[autorun] 5b cookies() on the MAIN handle (default shared jar? — 015 said yes for windows) {"api":"cookies","controlCookiesSeen":["spike_plain","spike_httponly"],"cookies":[{"domain":"store.steampowered.com","http_only":false,"name":"browserid","secure":true,"value":"380…<redacted 18 chars>","value_len":18},{"domain":"store.steampowered.com","http_only":false,"name":"recentapps","secure":true,"value":"%7B…<redacted 28 chars>","value_len":28},{"domain":"store.steampowered.com","http_only":false,"name":"timezoneOffset","secure":false,"value":"468…<redacted 7 chars>","value_len":7},{"domain":"store.steampowered.com","http_only":false,"name":"timezoneName","secure":true,"value":"Pac…<redacted 16 chars>","value_len":16},{"domain":"store.steampowered.com","http_only":true,"name":"steamCountry","secure":true,"value":"NZ%…<redacted 37 chars>","value_len":37},{"domain":"store.steampowered.com","http_only":false,"name":"sessionid","secure":true,"value":"e03…<redacted 24 chars>","value_len":24},{"domain":"localhost","http_only":false,"name":"spike_plain","secure":false,"value":"alpha1","value_len":6},{"domain":"localhost","http_only":true,"name":"spike_httponly","secure":false,"value":"bravo2","value_len":6},{"domain":"gog.com","http_only":true,"name":"csrf","secure":true,"value":"tru…<redacted 4 chars>","value_len":4},{"domain":"gog.com","http_only":true,"name":"gog_lc","secure":false,"value":"NZ_…<redacted 12 chars>","value_len":12}],"count":10,"elapsedMs":0,"error":null,"ok":true,"thread":"main","webview":"main"}
[autorun] === PHASE 6 (016 probe B): bare Window + two children === {}
[embed] probe B window built {"webviews":["multi-panel","multi-store"],"window":"multi","windowNumber":null}
[autorun] 6a create_multi_window {"webviews":["multi-panel","multi-store"],"window":"multi","windowNumber":null}
[env] environment {"controlOrigin":"http://localhost:17913","gogStoreUrl":"https://www.gog.com/en/games","steamStoreUrl":"https://store.steampowered.com/app/440/Team_Fortress_2/","tauri":"2.11.5 (Cargo.lock-pinned, matches src-tauri) + `unstable` feature","wry":"0.55.1"}
[navigation] multi-store on_page_load {"event":"started","url":"https://www.gog.com/en/games"}
