(14:57:07) [INFO]:    [Backend]:         [bootstrap] appRoot resolved=/Users/graysonmitchell/Projects/GameLib source=GAMELIB_APP_ROOT
(14:57:07) [INFO]:    [Backend]:         [bootstrap] GAMELIB_SHELL_EXE received=/Users/graysonmitchell/Projects/GameLib/src-tauri/target/debug/gamelib-shell
(14:57:07) [INFO]:    [Backend]:         [bootstrap] publicDir resolved=/Users/graysonmitchell/Projects/GameLib/public exists=true
(14:57:07) [INFO]:    [Backend]:         [bootstrap] runner binary legendary path=/Users/graysonmitchell/Projects/GameLib/public/bin/arm64/darwin/legendary exists=true
(14:57:07) [INFO]:    [Backend]:         [bootstrap] runner binary gogdl path=/Users/graysonmitchell/Projects/GameLib/public/bin/arm64/darwin/gogdl exists=true
(14:57:07) [INFO]:    [Backend]:         [bootstrap] runner binary nile path=/Users/graysonmitchell/Projects/GameLib/public/bin/arm64/darwin/nile exists=true
(14:57:07) [INFO]:    [Backend]:         [bootstrap] runner binary comet path=/Users/graysonmitchell/Projects/GameLib/public/bin/arm64/darwin/comet exists=true
(14:57:07) [INFO]:    [Steam]:           Steam TokenStore implementation set to SidecarKeyringTokenStore
(14:57:07) [INFO]:    [Backend]:         [bootstrap] Humble secret store installed: keyring-backed (humble-session/humble-csrf slots)
(14:57:07) [INFO]:    [Backend]:         [bootstrap] steamgrid secret store: keyring
(14:57:07) [INFO]:    [Backend]:         [bootstrap] secret stores: keyring
(14:57:07) [INFO]:    [Connection]:      Pinging external endpoints
(14:57:07) [INFO]:    [Connection]:      Connectivity: check-online
(14:57:07) [INFO]:    [DownloadManager]: sidecar: boot-time download-queue auto-resume (the startup-flagged initQueue call) is ENABLED as of Phase 35 plan 11 and runs from appShellFlowRegistration.ts frontendReady, not from this module — a persisted Steam queue head is still never auto-started, since the startup flag is itself the Steam suppression (downloadqueue.ts initQueue doc comment)
(14:57:07) [INFO]:    [Connection]:      Connectivity: online
(14:57:07) [INFO]:    [Backend]:         User Not Found, removing it from Store
(14:57:07) [INFO]:    [Gog]:             Running command: GOGDL_CONFIG_PATH="/Users/graysonmitchell/Library/Application Support/GameLib/gogdlConfig" /Users/graysonmitchell/Projects/GameLib/public/bin/arm64/darwin/gogdl/gogdl --auth-config-path "/Users/graysonmitchell/Library/Application Support/GameLib/gog_store/auth.json" auth
(14:57:07) [INFO]:    [Gog]:             Checking if login is valid
(14:57:07) [DEBUG]:   [Backend]:         Logging to file(s) /Users/graysonmitchell/Library/Logs/GameLib/runners/gog.log
(14:57:07) [INFO]:    [Gog]:             Running command: GOGDL_CONFIG_PATH="/Users/graysonmitchell/Library/Application Support/GameLib/gogdlConfig" /Users/graysonmitchell/Projects/GameLib/public/bin/arm64/darwin/gogdl/gogdl --auth-config-path "/Users/graysonmitchell/Library/Application Support/GameLib/gog_store/auth.json" auth
(14:57:07) [INFO]:    [Backend]:         [GAMELIB_SIDECAR_SEND_HANDLER] frontendReady
(14:57:07) [INFO]:    [Frontend]:        [refreshLibrary] runner=all origin=mount
(14:57:07) [INFO]:    [Backend]:         Frontend Ready
(14:57:07) [INFO]:    [Steam]:           SidecarKeyringSlotStore(humble-session).getToken(): issuing keyring_get (may prompt) trigger=unspecified
(14:57:07) [WARNING]: refresh not implemented on Sideload Library Manager
(14:57:07) [INFO]:    [Legendary]:       Refreshing library...
(14:57:07) [INFO]:    [Steam]:           Steam: library refresh deferred until a deliberate Steam action — no keyring_get issued (trigger=startup)
(14:57:07) [INFO]:    [Gog]:             Running command: GOGDL_CONFIG_PATH="/Users/graysonmitchell/Library/Application Support/GameLib/gogdlConfig" /Users/graysonmitchell/Projects/GameLib/public/bin/arm64/darwin/gogdl/gogdl --auth-config-path "/Users/graysonmitchell/Library/Application Support/GameLib/gog_store/auth.json" auth
(14:57:08) [DEBUG]:   [Backend]:         Releases info ready, checking anticheat data
(14:57:08) [DEBUG]:   [Backend]:         Releases info ready, checking wine releases
(14:57:08) [DEBUG]:   [Backend]:         AreWeAnticheatYet data did not change. Skipping.
(14:57:08) [INFO]:    [Gog]:             Getting GOG library
(14:57:09) [INFO]:    [Backend]:         Rosetta is available on this system.
(14:57:09) [ERROR]:   [Gog]:             Error getting login information AxiosError: Request failed with status code 404
    at settle (/Users/graysonmitchell/Projects/GameLib/node_modules/axios/dist/node/axios.cjs:2151:12)
    at BrotliDecompress.handleStreamEnd (/Users/graysonmitchell/Projects/GameLib/node_modules/axios/dist/node/axios.cjs:3545:11)
    at BrotliDecompress.emit (node:events:509:20)
    at endReadableNT (node:internal/streams/readable:1744:12)
    at process.processTicksAndRejections (node:internal/process/task_queues:90:21)
    at Axios.request (/Users/graysonmitchell/Projects/GameLib/node_modules/axios/dist/node/axios.cjs:4796:41)
    at process.processTicksAndRejections (node:internal/process/task_queues:104:5)
    at async GOGUser.getUserDetails (/Users/graysonmitchell/Projects/GameLib/build/main/sidecar.js:2336:26)
(14:57:10) [INFO]:    [Gog]:             GOG presence set
(14:57:11) [INFO]:    [Gog]:             Saved games data
(14:57:11) [INFO]:    [Backend]:         refreshLibrary complete runner=all managers=6
(14:57:11) [WARNING]: listUpdateableGames not implemented on Sideload Library Manager
(14:57:12) [INFO]:    [Backend]:         Starting the Download Queue
(14:57:13) [INFO]:    [Gog]:             Found 0 game(s) to update
(14:57:52) [WARNING]: [Steam]:           SidecarKeyringSlotStore(humble-session).getToken(): keyring_get failed: keyring:timeout trigger=unspecified elapsed=45011ms
(14:57:52) [WARNING]: [Steam]:           keyring failure memoized slot=humble-session class=timeout ms=120000 trigger=unspecified
(14:57:52) [DEBUG]:   [Steam]:           SidecarKeyringSlotStore(humble-session).getToken(): memo hit, answering unreadable/timeout without a second keyring_get trigger=unspecified
(15:02:08) [INFO]:    [Gog]:             GOG presence set
(15:07:08) [INFO]:    [Gog]:             GOG presence set
(15:12:08) [INFO]:    [Gog]:             GOG presence set
(15:17:08) [INFO]:    [Gog]:             GOG presence set
(15:22:08) [INFO]:    [Gog]:             GOG presence set
(15:27:08) [INFO]:    [Gog]:             GOG presence set
(15:32:08) [INFO]:    [Gog]:             GOG presence set
(15:37:08) [INFO]:    [Gog]:             GOG presence set
(15:42:08) [INFO]:    [Gog]:             GOG presence set
(15:47:08) [INFO]:    [Gog]:             GOG presence set
(15:52:08) [INFO]:    [Gog]:             GOG presence set
(16:01:38) [INFO]:    [Gog]:             Running command: GOGDL_CONFIG_PATH="/Users/graysonmitchell/Library/Application Support/GameLib/gogdlConfig" /Users/graysonmitchell/Projects/GameLib/public/bin/arm64/darwin/gogdl/gogdl --auth-config-path "/Users/graysonmitchell/Library/Application Support/GameLib/gog_store/auth.json" auth
(16:01:40) [INFO]:    [Gog]:             GOG presence set
(16:06:39) [INFO]:    [Gog]:             GOG presence set
(16:11:39) [INFO]:    [Gog]:             GOG presence set
(16:16:39) [INFO]:    [Gog]:             GOG presence set
(16:21:39) [INFO]:    [Gog]:             GOG presence set
(16:26:39) [INFO]:    [Gog]:             GOG presence set
(16:32:43) [INFO]:    [Gog]:             GOG presence set
(16:33:58) [INFO]:    [Connection]:      Connectivity: offline
(16:41:49) [INFO]:    [Connection]:      Pinging external endpoints
(16:41:49) [INFO]:    [Connection]:      Connectivity: check-online
(16:41:49) [INFO]:    [Connection]:      Connectivity: offline
(16:41:49) [INFO]:    [Connection]:      AggregateError: All promises were rejected
(16:41:49) [INFO]:    [Connection]:      All ping requests failed:
(16:41:49) [INFO]:    [Connection]:      Connectivity: check-online
(16:41:49) [INFO]:    [Connection]:      Pinging external endpoints
(16:41:49) [INFO]:    [Connection]:      Connectivity: offline
(16:41:49) [INFO]:    [Connection]:      Pinging external endpoints
(16:41:49) [INFO]:    [Connection]:      All ping requests failed:
(16:41:49) [INFO]:    [Connection]:      AggregateError: All promises were rejected
(16:41:49) [INFO]:    [Connection]:      Connectivity: check-online
(16:41:49) [INFO]:    [Connection]:      Connectivity: online
(16:44:29) [INFO]:    [Gog]:             GOG presence set
(16:49:29) [INFO]:    [Gog]:             GOG presence set
(16:59:06) [INFO]:    [Gog]:             GOG presence set
(17:04:06) [INFO]:    [Gog]:             Running command: GOGDL_CONFIG_PATH="/Users/graysonmitchell/Library/Application Support/GameLib/gogdlConfig" /Users/graysonmitchell/Projects/GameLib/public/bin/arm64/darwin/gogdl/gogdl --auth-config-path "/Users/graysonmitchell/Library/Application Support/GameLib/gog_store/auth.json" auth
(17:04:07) [INFO]:    [Gog]:             GOG presence set
(17:10:29) [INFO]:    [Gog]:             GOG presence set
(17:15:29) [INFO]:    [Gog]:             GOG presence set
(17:20:29) [INFO]:    [Gog]:             GOG presence set
(17:25:42) [INFO]:    [Gog]:             GOG presence set
(17:30:42) [INFO]:    [Gog]:             GOG presence set
(17:34:29) [INFO]:    [Connection]:      Connectivity: offline
(17:34:29) [INFO]:    [Connection]:      Pinging external endpoints
(17:34:29) [INFO]:    [Connection]:      Connectivity: check-online
(17:34:29) [INFO]:    [Connection]:      Connectivity: check-online
(17:34:29) [INFO]:    [Connection]:      Connectivity: offline
(17:34:29) [INFO]:    [Connection]:      Pinging external endpoints
(17:34:29) [INFO]:    [Connection]:      Connectivity: check-online
(17:34:29) [INFO]:    [Connection]:      Pinging external endpoints
(17:34:29) [INFO]:    [Connection]:      Connectivity: offline
(17:34:29) [INFO]:    [Connection]:      Connectivity: offline
(17:34:29) [INFO]:    [Connection]:      Connectivity: check-online
(17:34:29) [INFO]:    [Connection]:      Pinging external endpoints
(17:34:29) [INFO]:    [Connection]:      Connectivity: offline
(17:34:29) [INFO]:    [Connection]:      Pinging external endpoints
(17:34:29) [INFO]:    [Connection]:      Connectivity: check-online
(17:34:29) [INFO]:    [Connection]:      Connectivity: offline
(17:34:29) [INFO]:    [Connection]:      Connectivity: check-online
(17:34:29) [INFO]:    [Connection]:      Pinging external endpoints
(17:34:29) [INFO]:    [Connection]:      All ping requests failed:
(17:34:29) [INFO]:    [Connection]:      AggregateError: All promises were rejected
(17:34:29) [INFO]:    [Connection]:      AggregateError: All promises were rejected
(17:34:29) [INFO]:    [Connection]:      All ping requests failed:
(17:34:29) [INFO]:    [Connection]:      All ping requests failed:
(17:34:29) [INFO]:    [Connection]:      All ping requests failed:
(17:34:29) [INFO]:    [Connection]:      AggregateError: All promises were rejected
(17:34:29) [INFO]:    [Connection]:      All ping requests failed:
(17:34:29) [INFO]:    [Connection]:      AggregateError: All promises were rejected
(17:34:29) [INFO]:    [Connection]:      AggregateError: All promises were rejected
(17:34:29) [INFO]:    [Connection]:      Connectivity: online
(17:35:42) [INFO]:    [Gog]:             GOG presence set
(17:39:59) [INFO]:    [DownloadManager]: Avadon: The Black Fortress  was added to the download queue.
(17:39:59) [INFO]:    [Steam]:           [Timing] runNativeDepotDownload: ensureSteamClientReady took 1ms for appId 112100
(17:39:59) [WARNING]: [Steam]:           SteamGame: PICS returned no usable installdir for appId 112100 (absent or blank), using fallback "app_112100"
(17:39:59) [INFO]:    [Steam]:           [Timing] resolveSteamInstallTarget: total 1ms for appId 112100
(17:39:59) [INFO]:    [Steam]:           [Timing] runNativeDepotDownload: resolveSteamInstallTarget took 1ms for appId 112100
(17:39:59) [WARNING]: [Steam]:           SteamGame: appId 112100 installed to fallback directory "app_112100" (PICS installdir was absent/unresolved)
(17:39:59) [INFO]:    [Steam]:           SidecarKeyringSlotStore(steam-refresh-token).getToken(): issuing keyring_get (may prompt) trigger=user-install
(17:40:42) [INFO]:    [Gog]:             GOG presence set
(17:40:44) [WARNING]: [Steam]:           SidecarKeyringSlotStore(steam-refresh-token).getToken(): keyring_get failed: keyring:timeout trigger=user-install elapsed=45045ms
(17:40:44) [WARNING]: [Steam]:           keyring failure memoized slot=steam-refresh-token class=timeout ms=120000 trigger=user-install
(17:40:44) [WARNING]: [Steam]:           downloadSteamDepots: plan-build failed for appId 112100 before any depot was attempted — manifest deliberately left untouched (D-08)
(17:40:44) [WARNING]: [Steam]:           Steam: refresh token read failed (timeout) — this is retryable, keeping the signed-in session and NOT clearing any credentials
(17:40:44) [INFO]:    [Steam]:           [Timing] runNativeDepotDownload: downloadSteamDepots (buildDepotPlan + stream) took 45051ms so far for appId 112100 (status=error); total since click 45076ms
(17:40:44) [WARNING]: [DownloadManager]: No in-flight download to abort for 112100 — the install failed outside its abort controller's lifetime
(17:40:44) [WARNING]: [DownloadManager]: Installation of 112100 failed!
(17:40:44) [INFO]:    [DownloadManager]: 112100 removed from download manager.
(17:40:44) [WARNING]: [Steam]:           SteamGame: depot install failed for appId 112100: You are not signed in to Steam, so this download could not start.
(17:40:44) [WARNING]: [Steam]:           SteamGame.stop: Steam owns process lifecycle for appId 112100; no-op
(17:40:44) [INFO]:    [DownloadManager]: 112100 added to download manager finished.
(17:40:44) [WARNING]: [Steam]:           downloadSteamDepots: no authenticated Steam CM connection for appId 112100
(17:40:44) [ERROR]:   [DownloadManager]: Installation of 112100 failed with: You are not signed in to Steam, so this download could not start.
(17:40:44) [DEBUG]:   [Steam]:           SidecarKeyringSlotStore(steam-refresh-token).getToken(): memo hit, answering unreadable/timeout without a second keyring_get trigger=user-refresh
(17:40:44) [INFO]:    [Frontend]:        [refreshLibrary] runner=steam origin=game-status
(17:40:44) [WARNING]: [Steam]:           Steam: refresh token read failed (timeout) — this is retryable, keeping the signed-in session and NOT clearing any credentials
(17:40:44) [INFO]:    [Steam]:           refreshLibrary complete runner=steam managers=1
(17:40:44) [WARNING]: [Steam]:           Steam client not ready, skipping library refresh
(17:45:42) [INFO]:    [Gog]:             GOG presence set
(17:46:39) [INFO]:    [DownloadManager]: Avadon: The Black Fortress  was added to the download queue.
(17:46:39) [INFO]:    [Steam]:           Steam: starting install polling for appId 112100 (interval 3000ms, source native, isNativeHandoff false, skippedDepots 0)
(17:46:39) [INFO]:    [Steam]:           [Timing] runNativeDepotDownload: ensureSteamClientReady took 0ms for appId 112100
(17:46:39) [INFO]:    [Steam]:           [Timing] runNativeDepotDownload: resolveSteamInstallTarget took 1ms for appId 112100
(17:46:39) [INFO]:    [Steam]:           SidecarKeyringSlotStore(steam-refresh-token).getToken(): issuing keyring_get (may prompt) trigger=user-install
(17:46:39) [INFO]:    [Steam]:           [Timing] resolveSteamInstallTarget: total 1ms for appId 112100
(17:46:39) [WARNING]: [Steam]:           SteamGame: PICS returned no usable installdir for appId 112100 (absent or blank), using fallback "app_112100"
(17:46:39) [WARNING]: [Steam]:           SteamGame: appId 112100 installed to fallback directory "app_112100" (PICS installdir was absent/unresolved)
(17:46:39) [INFO]:    [Steam]:           SidecarKeyringSlotStore(steam-refresh-token).getToken(): keyring_get ok present=true len=494 trigger=user-install elapsed=49ms
(17:46:40) [INFO]:    [Steam]:           [Timing] SteamUser.loggedOn: cellID=22 publicIP=114.23.167.2
(17:46:40) [INFO]:    [Steam]:           [Timing] SteamUser.ensureConnected: cold-connect path took 1629ms
(17:46:41) [INFO]:    [Steam]:           [Timing] buildDepotPlan/fetchAppInfo: attempt 1 succeeded in 232ms (total 232ms)
(17:46:41) [INFO]:    [Steam]:           [Timing] buildDepotPlan/getOwnedSets: attempt 1 succeeded in 586ms (total 586ms)
(17:46:41) [INFO]:    [Steam]:           [Timing] buildDepotPlan/fetchDlcInfos: attempt 1 succeeded in 1ms (total 1ms)
(17:46:41) [INFO]:    [Steam]:           Steam depot selection: skipped depot 112103 (oslist=linux != macos)
(17:46:41) [INFO]:    [Steam]:           Steam depot selection: selectAllDepots union across base + DLC apps -> 1 depot(s)
(17:46:41) [INFO]:    [Steam]:           Steam depot selection: os=macos arch=64 language=english branch=public -> depots [112102(gid=5064231271319177420,size=121853904)]
(17:46:41) [INFO]:    [Steam]:           Steam depot selection: skipped depot 112101 (oslist=windows != macos)
(17:46:42) [INFO]:    [Steam]:           [Timing] buildDepotPlan/fetchDepotPlanEntry:112102: attempt 1 succeeded in 1162ms (total 1162ms)
(17:46:42) [INFO]:    [Steam]:           [Timing] getContentServerHosts RAW for appId 112100: [{"type":"SteamCache","sourceid":"498","cell":"22","load":"15","weightedload":"24","NumEntriesInClientList":"1","Host":"cache1-akl-edgx.steamcontent.com","vhost":"cache1-akl-edgx.steamcontent.com","https_support":"mandatory"},{"type":"SteamCache","sourceid":"350","cell":"22","load":"39","weightedload":"47","NumEntriesInClientList":"1","Host":"cache2-akl-tpwr.steamcontent.com","vhost":"cache2-akl-tpwr.steamcontent.com","https_support":"mandatory"},{"type":"SteamCache","sourceid":"349","cell":"22","load":"41","weightedload":"49","NumEntriesInClientList":"1","Host":"cache1-akl-tpwr.steamcontent.com","vhost":"cache1-akl-tpwr.steamcontent.com","https_support":"mandatory"},{"type":"CDN","sourceid":"11","load":"0","weightedload":"130","NumEntriesInClientList":"1","Host":"steampipe.akamaized.net","vhost":"steampipe.akamaized.net","https_support":"mandatory"},{"type":"CDN","sourceid":"31","load":"0","weightedload":"130","NumEntriesInClientList":"1","Host":"fastly.cdn.steampipe.steamcontent.com","vhost":"fastly.cdn.steampipe.steamcontent.com","https_support":"mandatory"},{"type":"CDN","sourceid":"33","load":"0","weightedload":"130","NumEntriesInClientList":"1","Host":"alibaba.cdn.steampipe.steamcontent.com","vhost":"alibaba.cdn.steampipe.steamcontent.com","https_support":"unavailable"}]
(17:46:42) [INFO]:    [Steam]:           [Timing] getContentServerHosts: getContentServers for appId 112100 took 1ms, hosts=6, weightedLoads=6
(17:46:42) [INFO]:    [Steam]:           steam-flags-census stage=plan-build appId=112100 depots=1 totalFiles=1215 flagBearing=6 executableFlagged=0 readonlyFlagged=0 hiddenFlagged=0 directoryEntries=6 symlinkEntries=0 zeroSizeEntries=6 distinctFlagValues=[64] skipped=
(17:46:42) [INFO]:    [Steam]:           [Timing] buildDepotPlan: total 3672ms for appId 112100 (1 depot(s))
(17:46:43) [WARNING]: [Steam]:           lzmaLoader: native lzma-native decode is explicitly DISABLED by this build (NATIVE_LZMA_DECODE_ENABLED=false, lzmaLoader.ts) -- running the pure-JS lzma package for THE REST OF THIS PROCESS. This is a deliberate, temporary kill switch, not an import/ smoke-test failure: a real cold-built packaged SEA binary showed native resolution AND its own small smoke-test decode genuinely succeeding, but decoding a real-sized chunk through that same binding then hangs until DecompressPool's own task timeout fires -- a failure class the smoke test below is proven unable to catch, so this switch does not rely on it. See .planning/debug/sea-native-lzma-real-chunk-decode-hang.md for the full investigation and the criteria for safely re-enabling this.
(17:46:43) [WARNING]: [Steam]:           lzmaLoader: native lzma-native decode is explicitly DISABLED by this build (NATIVE_LZMA_DECODE_ENABLED=false, lzmaLoader.ts) -- running the pure-JS lzma package for THE REST OF THIS PROCESS. This is a deliberate, temporary kill switch, not an import/ smoke-test failure: a real cold-built packaged SEA binary showed native resolution AND its own small smoke-test decode genuinely succeeding, but decoding a real-sized chunk through that same binding then hangs until DecompressPool's own task timeout fires -- a failure class the smoke test below is proven unable to catch, so this switch does not rely on it. See .planning/debug/sea-native-lzma-real-chunk-decode-hang.md for the full investigation and the criteria for safely re-enabling this.
(17:46:43) [WARNING]: [Steam]:           lzmaLoader: native lzma-native decode is explicitly DISABLED by this build (NATIVE_LZMA_DECODE_ENABLED=false, lzmaLoader.ts) -- running the pure-JS lzma package for THE REST OF THIS PROCESS. This is a deliberate, temporary kill switch, not an import/ smoke-test failure: a real cold-built packaged SEA binary showed native resolution AND its own small smoke-test decode genuinely succeeding, but decoding a real-sized chunk through that same binding then hangs until DecompressPool's own task timeout fires -- a failure class the smoke test below is proven unable to catch, so this switch does not rely on it. See .planning/debug/sea-native-lzma-real-chunk-decode-hang.md for the full investigation and the criteria for safely re-enabling this.
(17:46:44) [WARNING]: [Steam]:           lzmaLoader: native lzma-native decode is explicitly DISABLED by this build (NATIVE_LZMA_DECODE_ENABLED=false, lzmaLoader.ts) -- running the pure-JS lzma package for THE REST OF THIS PROCESS. This is a deliberate, temporary kill switch, not an import/ smoke-test failure: a real cold-built packaged SEA binary showed native resolution AND its own small smoke-test decode genuinely succeeding, but decoding a real-sized chunk through that same binding then hangs until DecompressPool's own task timeout fires -- a failure class the smoke test below is proven unable to catch, so this switch does not rely on it. See .planning/debug/sea-native-lzma-real-chunk-decode-hang.md for the full investigation and the criteria for safely re-enabling this.
(17:46:44) [WARNING]: [Steam]:           lzmaLoader: native lzma-native decode is explicitly DISABLED by this build (NATIVE_LZMA_DECODE_ENABLED=false, lzmaLoader.ts) -- running the pure-JS lzma package for THE REST OF THIS PROCESS. This is a deliberate, temporary kill switch, not an import/ smoke-test failure: a real cold-built packaged SEA binary showed native resolution AND its own small smoke-test decode genuinely succeeding, but decoding a real-sized chunk through that same binding then hangs until DecompressPool's own task timeout fires -- a failure class the smoke test below is proven unable to catch, so this switch does not rely on it. See .planning/debug/sea-native-lzma-real-chunk-decode-hang.md for the full investigation and the criteria for safely re-enabling this.
(17:46:44) [WARNING]: [Steam]:           lzmaLoader: native lzma-native decode is explicitly DISABLED by this build (NATIVE_LZMA_DECODE_ENABLED=false, lzmaLoader.ts) -- running the pure-JS lzma package for THE REST OF THIS PROCESS. This is a deliberate, temporary kill switch, not an import/ smoke-test failure: a real cold-built packaged SEA binary showed native resolution AND its own small smoke-test decode genuinely succeeding, but decoding a real-sized chunk through that same binding then hangs until DecompressPool's own task timeout fires -- a failure class the smoke test below is proven unable to catch, so this switch does not rely on it. See .planning/debug/sea-native-lzma-real-chunk-decode-hang.md for the full investigation and the criteria for safely re-enabling this.
(17:46:44) [WARNING]: [Steam]:           lzmaLoader: native lzma-native decode is explicitly DISABLED by this build (NATIVE_LZMA_DECODE_ENABLED=false, lzmaLoader.ts) -- running the pure-JS lzma package for THE REST OF THIS PROCESS. This is a deliberate, temporary kill switch, not an import/ smoke-test failure: a real cold-built packaged SEA binary showed native resolution AND its own small smoke-test decode genuinely succeeding, but decoding a real-sized chunk through that same binding then hangs until DecompressPool's own task timeout fires -- a failure class the smoke test below is proven unable to catch, so this switch does not rely on it. See .planning/debug/sea-native-lzma-real-chunk-decode-hang.md for the full investigation and the criteria for safely re-enabling this.
(17:46:45) [WARNING]: [Steam]:           lzmaLoader: native lzma-native decode is explicitly DISABLED by this build (NATIVE_LZMA_DECODE_ENABLED=false, lzmaLoader.ts) -- running the pure-JS lzma package for THE REST OF THIS PROCESS. This is a deliberate, temporary kill switch, not an import/ smoke-test failure: a real cold-built packaged SEA binary showed native resolution AND its own small smoke-test decode genuinely succeeding, but decoding a real-sized chunk through that same binding then hangs until DecompressPool's own task timeout fires -- a failure class the smoke test below is proven unable to catch, so this switch does not rely on it. See .planning/debug/sea-native-lzma-real-chunk-decode-hang.md for the full investigation and the criteria for safely re-enabling this.
(17:46:45) [WARNING]: [Steam]:           lzmaLoader: native lzma-native decode is explicitly DISABLED by this build (NATIVE_LZMA_DECODE_ENABLED=false, lzmaLoader.ts) -- running the pure-JS lzma package for THE REST OF THIS PROCESS. This is a deliberate, temporary kill switch, not an import/ smoke-test failure: a real cold-built packaged SEA binary showed native resolution AND its own small smoke-test decode genuinely succeeding, but decoding a real-sized chunk through that same binding then hangs until DecompressPool's own task timeout fires -- a failure class the smoke test below is proven unable to catch, so this switch does not rely on it. See .planning/debug/sea-native-lzma-real-chunk-decode-hang.md for the full investigation and the criteria for safely re-enabling this.
(17:46:45) [INFO]:    [Steam]:           steam-flags-census stage=download-entry appId=112100 totalFiles=1215 flagBearing=6 executableFlagged=0 readonlyFlagged=0 hiddenFlagged=0 directoryEntries=6 symlinkEntries=0 zeroSizeEntries=6 distinctFlagValues=[64]
(17:46:45) [WARNING]: [Steam]:           lzmaLoader: native lzma-native decode is explicitly DISABLED by this build (NATIVE_LZMA_DECODE_ENABLED=false, lzmaLoader.ts) -- running the pure-JS lzma package for THE REST OF THIS PROCESS. This is a deliberate, temporary kill switch, not an import/ smoke-test failure: a real cold-built packaged SEA binary showed native resolution AND its own small smoke-test decode genuinely succeeding, but decoding a real-sized chunk through that same binding then hangs until DecompressPool's own task timeout fires -- a failure class the smoke test below is proven unable to catch, so this switch does not rely on it. See .planning/debug/sea-native-lzma-real-chunk-decode-hang.md for the full investigation and the criteria for safely re-enabling this.
(17:46:46) [WARNING]: [Steam]:           CdnAuthTokenCache: empty token field in decoded GetCDNAuthToken response for depot=112102 host=alibaba.cdn.steampipe.steamcontent.com eresult=1 rawBodyShape=ByteBuffer rawBodyBytes=8 decodedExpirationTime=1788943606
(17:46:46) [WARNING]: [Steam]:           CdnAuthTokenCache: empty token field in decoded GetCDNAuthToken response for depot=112102 host=fastly.cdn.steampipe.steamcontent.com eresult=1 rawBodyShape=ByteBuffer rawBodyBytes=8 decodedExpirationTime=1788943606
(17:46:46) [WARNING]: [Steam]:           CdnAuthTokenCache: GetCDNAuthToken failed for depot=112102 host=alibaba.cdn.steampipe.steamcontent.com: Error: ContentServerDirectory.GetCDNAuthToken: empty response
    at SteamUser.<anonymous> (/Users/graysonmitchell/Projects/GameLib/build/main/sidecar.js:10788:19)
    at SteamUser._handleMessage (/Users/graysonmitchell/Projects/GameLib/node_modules/steam-user/components/03-messages.js:643:16)
    at SteamUser._handleNetMessage (/Users/graysonmitchell/Projects/GameLib/node_modules/steam-user/components/03-messages.js:565:8)
    at SteamUser._processMulti (/Users/graysonmitchell/Projects/GameLib/node_modules/steam-user/components/03-messages.js:697:9)
    at runNextTicks (node:internal/process/task_queues:65:5)
    at process.processImmediate (node:internal/timers:472:9)
(17:46:46) [WARNING]: [Steam]:           CdnAuthTokenCache: GetCDNAuthToken failed for depot=112102 host=fastly.cdn.steampipe.steamcontent.com: Error: ContentServerDirectory.GetCDNAuthToken: empty response
    at SteamUser.<anonymous> (/Users/graysonmitchell/Projects/GameLib/build/main/sidecar.js:10788:19)
    at SteamUser._handleMessage (/Users/graysonmitchell/Projects/GameLib/node_modules/steam-user/components/03-messages.js:643:16)
    at SteamUser._handleNetMessage (/Users/graysonmitchell/Projects/GameLib/node_modules/steam-user/components/03-messages.js:565:8)
    at SteamUser._processMulti (/Users/graysonmitchell/Projects/GameLib/node_modules/steam-user/components/03-messages.js:697:9)
    at runNextTicks (node:internal/process/task_queues:65:5)
    at process.processImmediate (node:internal/timers:472:9)
(17:46:46) [INFO]:    [Steam]:           [Timing] downloadDepotFiles: first bytes written after 277ms
(17:46:46) [WARNING]: [Steam]:           CdnAuthTokenCache: GetCDNAuthToken failed for depot=112102 host=steampipe.akamaized.net: Error: ContentServerDirectory.GetCDNAuthToken: empty response
    at SteamUser.<anonymous> (/Users/graysonmitchell/Projects/GameLib/build/main/sidecar.js:10788:19)
    at SteamUser._handleMessage (/Users/graysonmitchell/Projects/GameLib/node_modules/steam-user/components/03-messages.js:643:16)
    at SteamUser._handleNetMessage (/Users/graysonmitchell/Projects/GameLib/node_modules/steam-user/components/03-messages.js:565:8)
    at SteamUser._processMulti (/Users/graysonmitchell/Projects/GameLib/node_modules/steam-user/components/03-messages.js:697:9)
    at runNextTicks (node:internal/process/task_queues:65:5)
    at process.processImmediate (node:internal/timers:472:9)
(17:46:46) [WARNING]: [Steam]:           CdnAuthTokenCache: empty token field in decoded GetCDNAuthToken response for depot=112102 host=steampipe.akamaized.net eresult=1 rawBodyShape=ByteBuffer rawBodyBytes=8 decodedExpirationTime=1788943606
(17:46:50) [WARNING]: [Steam]:           downloadDepotFiles: applied secondary Mach-O executable fallback (chmod 0o755) to "Avadon.app\Contents\MacOS\Avadon" — its manifest carried no Executable/CustomExecutable flag, but its own bytes are a Mach-O EXECUTE/DYLIB image (G-23-02 H2 verdict, 23-TRACE.md)
(17:46:53) [WARNING]: [Steam]:           downloadDepotFiles: applied secondary Mach-O executable fallback (chmod 0o755) to "Avadon.app\Contents\MacOS\libsteam_api.dylib" — its manifest carried no Executable/CustomExecutable flag, but its own bytes are a Mach-O EXECUTE/DYLIB image (G-23-02 H2 verdict, 23-TRACE.md)
(17:46:55) [INFO]:    [Steam]:           [Timing] chunk-stream stats @10s: percent=100% downSpeedMiBs=5.55 diskSpeedMiBs=5.57 totalAttempts=1218 rotations=0 timeouts=0 avgMs=262 avgNetMs=259 avgDecodeMs=3 pool[size=10 busy=0 idle=10 queued=0 inline=false] hosts=6 worstHosts=[cache1-akl-edgx.steamcontent.com[a=428 ok=428 to=0 err=0 avgMs=253 wl=24 scheme=https type=SteamCache] cache1-akl-tpwr.steamcontent.com[a=201 ok=201 to=0 err=0 avgMs=257 wl=49 scheme=https type=SteamCache] alibaba.cdn.steampipe.steamcontent.com[a=200 ok=200 to=0 err=0 avgMs=272 wl=130 scheme=http type=CDN] fastly.cdn.steampipe.steamcontent.com[a=195 ok=195 to=0 err=0 avgMs=276 wl=130 scheme=https type=CDN] cache2-akl-tpwr.steamcontent.com[a=191 ok=191 to=0 err=0 avgMs=257 wl=47 scheme=https type=SteamCache] steampipe.akamaized.net[a=3 ok=3 to=0 err=0 avgMs=455 wl=130 scheme=https type=CDN]]
(17:46:55) [INFO]:    [Steam]:           steam-flags-census stage=download-complete appId=112100 totalFiles=1215 flagBearing=6 executableFlagged=0 readonlyFlagged=0 hiddenFlagged=0 directoryEntries=6 symlinkEntries=0 zeroSizeEntries=6 chmodAttempts=0 modeCallsites=0 jobCount=1215 reconciledSkipped=0 distinctFlagValues=[64]
(17:46:56) [INFO]:    [Steam]:           Writing StateFlags=4 full-ownership manifest for appId 112100 (sizeOnDisk=121853904, buildid=4252712)
(17:46:56) [INFO]:    [Steam]:           Steam: upgrading in-flight install poll for appId 112100 to isNativeHandoff (260822-dkf D-02)
(17:46:56) [INFO]:    [DownloadManager]: Finished Installation of 112100
(17:46:56) [INFO]:    [Steam]:           [Timing] runNativeDepotDownload: downloadSteamDepots (buildDepotPlan + stream) took 16837ms so far for appId 112100 (status=done); total since click 16858ms
(17:46:56) [INFO]:    [DownloadManager]: 112100 added to download manager finished.
(17:46:56) [INFO]:    [DownloadManager]: 112100 removed from download manager.
(17:46:57) [INFO]:    [Steam]:           Steam: stopped install polling for appId 112100
(17:46:57) [INFO]:    [Steam]:           Steam: install polling complete for appId 112100 — badge flipped to installed
(17:46:57) [INFO]:    [Frontend]:        [refreshLibrary] runner=steam origin=game-status
(17:46:57) [INFO]:    [Steam]:           [Timing] SteamUser.ensureConnected: already connected (fast path, canary OK)
(17:46:57) [INFO]:    [Steam]:           Steam: fetched 381 owned games
(17:46:58) [INFO]:    [Steam]:           Steam bulk platform capture: scoped=1 captured=0 skipped=1
(17:46:58) [INFO]:    [Steam]:           Steam bulk platform capture: scoped=1 captured=0 skipped=1 failed=false
(17:46:59) [INFO]:    [Steam]:           Steam library sync complete: 381 games
(17:46:59) [INFO]:    [Steam]:           refreshLibrary complete runner=steam managers=1
(17:48:34) [INFO]:    [DownloadManager]: Avadon: The Black Fortress  was added to the download queue.
(17:48:34) [INFO]:    [Steam]:           [Timing] runNativeDepotDownload: ensureSteamClientReady took 0ms for appId 112100
(17:48:34) [INFO]:    [Steam]:           [Timing] fetchInstalldir: getProductInfo for appId 112100 took 240ms
(17:48:34) [INFO]:    [Steam]:           [Timing] runNativeDepotDownload: resolveSteamInstallTarget took 240ms for appId 112100
(17:48:34) [INFO]:    [Steam]:           [Timing] resolveSteamInstallTarget: total 240ms for appId 112100
(17:48:35) [INFO]:    [Steam]:           [Timing] SteamUser.ensureConnected: already connected (fast path, canary OK)
(17:48:35) [INFO]:    [Steam]:           [Timing] buildDepotPlan/fetchAppInfo: attempt 1 succeeded in 249ms (total 249ms)
(17:48:35) [INFO]:    [Steam]:           Steam depot selection: skipped depot 112103 (oslist=linux != macos)
(17:48:35) [INFO]:    [Steam]:           Steam depot selection: skipped depot 112101 (oslist=windows != macos)
(17:48:35) [INFO]:    [Steam]:           [Timing] buildDepotPlan/getOwnedSets: attempt 1 succeeded in 324ms (total 324ms)
(17:48:35) [INFO]:    [Steam]:           Steam depot selection: os=macos arch=64 language=english branch=public -> depots [112102(gid=5064231271319177420,size=121853904)]
(17:48:35) [INFO]:    [Steam]:           [Timing] buildDepotPlan/fetchDlcInfos: attempt 1 succeeded in 0ms (total 0ms)
(17:48:35) [INFO]:    [Steam]:           Steam depot selection: selectAllDepots union across base + DLC apps -> 1 depot(s)
(17:48:36) [INFO]:    [Steam]:           [Timing] buildDepotPlan/fetchDepotPlanEntry:112102: attempt 1 succeeded in 566ms (total 566ms)
(17:48:36) [INFO]:    [Steam]:           [Timing] buildDepotPlan: total 1366ms for appId 112100 (1 depot(s))
(17:48:36) [INFO]:    [Steam]:           [Timing] getContentServerHosts: getContentServers for appId 112100 took 4ms, hosts=6, weightedLoads=6
(17:48:36) [INFO]:    [Steam]:           steam-flags-census stage=plan-build appId=112100 depots=1 totalFiles=1215 flagBearing=6 executableFlagged=0 readonlyFlagged=0 hiddenFlagged=0 directoryEntries=6 symlinkEntries=0 zeroSizeEntries=6 distinctFlagValues=[64] skipped=
(17:48:36) [INFO]:    [Steam]:           [Timing] getContentServerHosts RAW for appId 112100: [{"type":"SteamCache","sourceid":"498","cell":"22","load":"15","weightedload":"24","NumEntriesInClientList":"1","Host":"cache1-akl-edgx.steamcontent.com","vhost":"cache1-akl-edgx.steamcontent.com","https_support":"mandatory"},{"type":"SteamCache","sourceid":"350","cell":"22","load":"39","weightedload":"47","NumEntriesInClientList":"1","Host":"cache2-akl-tpwr.steamcontent.com","vhost":"cache2-akl-tpwr.steamcontent.com","https_support":"mandatory"},{"type":"SteamCache","sourceid":"349","cell":"22","load":"41","weightedload":"49","NumEntriesInClientList":"1","Host":"cache1-akl-tpwr.steamcontent.com","vhost":"cache1-akl-tpwr.steamcontent.com","https_support":"mandatory"},{"type":"CDN","sourceid":"11","load":"0","weightedload":"130","NumEntriesInClientList":"1","Host":"steampipe.akamaized.net","vhost":"steampipe.akamaized.net","https_support":"mandatory"},{"type":"CDN","sourceid":"31","load":"0","weightedload":"130","NumEntriesInClientList":"1","Host":"fastly.cdn.steampipe.steamcontent.com","vhost":"fastly.cdn.steampipe.steamcontent.com","https_support":"mandatory"},{"type":"CDN","sourceid":"33","load":"0","weightedload":"130","NumEntriesInClientList":"1","Host":"alibaba.cdn.steampipe.steamcontent.com","vhost":"alibaba.cdn.steampipe.steamcontent.com","https_support":"unavailable"}]
(17:48:36) [WARNING]: [Steam]:           lzmaLoader: native lzma-native decode is explicitly DISABLED by this build (NATIVE_LZMA_DECODE_ENABLED=false, lzmaLoader.ts) -- running the pure-JS lzma package for THE REST OF THIS PROCESS. This is a deliberate, temporary kill switch, not an import/ smoke-test failure: a real cold-built packaged SEA binary showed native resolution AND its own small smoke-test decode genuinely succeeding, but decoding a real-sized chunk through that same binding then hangs until DecompressPool's own task timeout fires -- a failure class the smoke test below is proven unable to catch, so this switch does not rely on it. See .planning/debug/sea-native-lzma-real-chunk-decode-hang.md for the full investigation and the criteria for safely re-enabling this.
(17:48:36) [WARNING]: [Steam]:           lzmaLoader: native lzma-native decode is explicitly DISABLED by this build (NATIVE_LZMA_DECODE_ENABLED=false, lzmaLoader.ts) -- running the pure-JS lzma package for THE REST OF THIS PROCESS. This is a deliberate, temporary kill switch, not an import/ smoke-test failure: a real cold-built packaged SEA binary showed native resolution AND its own small smoke-test decode genuinely succeeding, but decoding a real-sized chunk through that same binding then hangs until DecompressPool's own task timeout fires -- a failure class the smoke test below is proven unable to catch, so this switch does not rely on it. See .planning/debug/sea-native-lzma-real-chunk-decode-hang.md for the full investigation and the criteria for safely re-enabling this.
(17:48:37) [WARNING]: [Steam]:           lzmaLoader: native lzma-native decode is explicitly DISABLED by this build (NATIVE_LZMA_DECODE_ENABLED=false, lzmaLoader.ts) -- running the pure-JS lzma package for THE REST OF THIS PROCESS. This is a deliberate, temporary kill switch, not an import/ smoke-test failure: a real cold-built packaged SEA binary showed native resolution AND its own small smoke-test decode genuinely succeeding, but decoding a real-sized chunk through that same binding then hangs until DecompressPool's own task timeout fires -- a failure class the smoke test below is proven unable to catch, so this switch does not rely on it. See .planning/debug/sea-native-lzma-real-chunk-decode-hang.md for the full investigation and the criteria for safely re-enabling this.
(17:48:37) [WARNING]: [Steam]:           lzmaLoader: native lzma-native decode is explicitly DISABLED by this build (NATIVE_LZMA_DECODE_ENABLED=false, lzmaLoader.ts) -- running the pure-JS lzma package for THE REST OF THIS PROCESS. This is a deliberate, temporary kill switch, not an import/ smoke-test failure: a real cold-built packaged SEA binary showed native resolution AND its own small smoke-test decode genuinely succeeding, but decoding a real-sized chunk through that same binding then hangs until DecompressPool's own task timeout fires -- a failure class the smoke test below is proven unable to catch, so this switch does not rely on it. See .planning/debug/sea-native-lzma-real-chunk-decode-hang.md for the full investigation and the criteria for safely re-enabling this.
(17:48:37) [WARNING]: [Steam]:           lzmaLoader: native lzma-native decode is explicitly DISABLED by this build (NATIVE_LZMA_DECODE_ENABLED=false, lzmaLoader.ts) -- running the pure-JS lzma package for THE REST OF THIS PROCESS. This is a deliberate, temporary kill switch, not an import/ smoke-test failure: a real cold-built packaged SEA binary showed native resolution AND its own small smoke-test decode genuinely succeeding, but decoding a real-sized chunk through that same binding then hangs until DecompressPool's own task timeout fires -- a failure class the smoke test below is proven unable to catch, so this switch does not rely on it. See .planning/debug/sea-native-lzma-real-chunk-decode-hang.md for the full investigation and the criteria for safely re-enabling this.
(17:48:37) [WARNING]: [Steam]:           lzmaLoader: native lzma-native decode is explicitly DISABLED by this build (NATIVE_LZMA_DECODE_ENABLED=false, lzmaLoader.ts) -- running the pure-JS lzma package for THE REST OF THIS PROCESS. This is a deliberate, temporary kill switch, not an import/ smoke-test failure: a real cold-built packaged SEA binary showed native resolution AND its own small smoke-test decode genuinely succeeding, but decoding a real-sized chunk through that same binding then hangs until DecompressPool's own task timeout fires -- a failure class the smoke test below is proven unable to catch, so this switch does not rely on it. See .planning/debug/sea-native-lzma-real-chunk-decode-hang.md for the full investigation and the criteria for safely re-enabling this.
(17:48:38) [WARNING]: [Steam]:           lzmaLoader: native lzma-native decode is explicitly DISABLED by this build (NATIVE_LZMA_DECODE_ENABLED=false, lzmaLoader.ts) -- running the pure-JS lzma package for THE REST OF THIS PROCESS. This is a deliberate, temporary kill switch, not an import/ smoke-test failure: a real cold-built packaged SEA binary showed native resolution AND its own small smoke-test decode genuinely succeeding, but decoding a real-sized chunk through that same binding then hangs until DecompressPool's own task timeout fires -- a failure class the smoke test below is proven unable to catch, so this switch does not rely on it. See .planning/debug/sea-native-lzma-real-chunk-decode-hang.md for the full investigation and the criteria for safely re-enabling this.
(17:48:38) [WARNING]: [Steam]:           lzmaLoader: native lzma-native decode is explicitly DISABLED by this build (NATIVE_LZMA_DECODE_ENABLED=false, lzmaLoader.ts) -- running the pure-JS lzma package for THE REST OF THIS PROCESS. This is a deliberate, temporary kill switch, not an import/ smoke-test failure: a real cold-built packaged SEA binary showed native resolution AND its own small smoke-test decode genuinely succeeding, but decoding a real-sized chunk through that same binding then hangs until DecompressPool's own task timeout fires -- a failure class the smoke test below is proven unable to catch, so this switch does not rely on it. See .planning/debug/sea-native-lzma-real-chunk-decode-hang.md for the full investigation and the criteria for safely re-enabling this.
(17:48:38) [WARNING]: [Steam]:           lzmaLoader: native lzma-native decode is explicitly DISABLED by this build (NATIVE_LZMA_DECODE_ENABLED=false, lzmaLoader.ts) -- running the pure-JS lzma package for THE REST OF THIS PROCESS. This is a deliberate, temporary kill switch, not an import/ smoke-test failure: a real cold-built packaged SEA binary showed native resolution AND its own small smoke-test decode genuinely succeeding, but decoding a real-sized chunk through that same binding then hangs until DecompressPool's own task timeout fires -- a failure class the smoke test below is proven unable to catch, so this switch does not rely on it. See .planning/debug/sea-native-lzma-real-chunk-decode-hang.md for the full investigation and the criteria for safely re-enabling this.
(17:48:39) [INFO]:    [Steam]:           steam-flags-census stage=download-entry appId=112100 totalFiles=1215 flagBearing=6 executableFlagged=0 readonlyFlagged=0 hiddenFlagged=0 directoryEntries=6 symlinkEntries=0 zeroSizeEntries=6 distinctFlagValues=[64]
(17:48:39) [WARNING]: [Steam]:           lzmaLoader: native lzma-native decode is explicitly DISABLED by this build (NATIVE_LZMA_DECODE_ENABLED=false, lzmaLoader.ts) -- running the pure-JS lzma package for THE REST OF THIS PROCESS. This is a deliberate, temporary kill switch, not an import/ smoke-test failure: a real cold-built packaged SEA binary showed native resolution AND its own small smoke-test decode genuinely succeeding, but decoding a real-sized chunk through that same binding then hangs until DecompressPool's own task timeout fires -- a failure class the smoke test below is proven unable to catch, so this switch does not rely on it. See .planning/debug/sea-native-lzma-real-chunk-decode-hang.md for the full investigation and the criteria for safely re-enabling this.
(17:48:39) [WARNING]: [Steam]:           downloadDepotFiles: applied secondary Mach-O executable fallback (chmod 0o755) to "Avadon.app\Contents\MacOS\Avadon" — its manifest carried no Executable/CustomExecutable flag, but its own bytes are a Mach-O EXECUTE/DYLIB image (G-23-02 H2 verdict, 23-TRACE.md)
(17:48:39) [WARNING]: [Steam]:           downloadDepotFiles: applied secondary Mach-O executable fallback (chmod 0o755) to "Avadon.app\Contents\MacOS\libsteam_api.dylib" — its manifest carried no Executable/CustomExecutable flag, but its own bytes are a Mach-O EXECUTE/DYLIB image (G-23-02 H2 verdict, 23-TRACE.md)
(17:48:39) [INFO]:    [Steam]:           steam-flags-census stage=download-complete appId=112100 totalFiles=1215 flagBearing=6 executableFlagged=0 readonlyFlagged=0 hiddenFlagged=0 directoryEntries=6 symlinkEntries=0 zeroSizeEntries=6 chmodAttempts=0 modeCallsites=0 jobCount=0 reconciledSkipped=1215 distinctFlagValues=[64]
(17:48:39) [INFO]:    [Steam]:           Writing StateFlags=4 full-ownership manifest for appId 112100 (sizeOnDisk=121853904, buildid=4252712)
(17:48:39) [INFO]:    [Steam]:           Steam: starting install polling for appId 112100 (interval 3000ms, source native, isNativeHandoff true, skippedDepots 0)
(17:48:39) [INFO]:    [Steam]:           [Timing] runNativeDepotDownload: downloadSteamDepots (buildDepotPlan + stream) took 4856ms so far for appId 112100 (status=done); total since click 5123ms
(17:48:39) [INFO]:    [DownloadManager]: 112100 added to download manager finished.
(17:48:39) [INFO]:    [DownloadManager]: Finished Installation of 112100
(17:48:39) [INFO]:    [DownloadManager]: 112100 removed from download manager.
(17:48:42) [INFO]:    [Steam]:           Steam: stopped install polling for appId 112100
(17:48:42) [INFO]:    [Steam]:           Steam: install polling complete for appId 112100 — badge flipped to installed
(17:48:42) [INFO]:    [Frontend]:        [refreshLibrary] runner=steam origin=game-status
(17:48:42) [INFO]:    [Steam]:           [Timing] SteamUser.ensureConnected: already connected (fast path, canary OK)
(17:48:43) [INFO]:    [Steam]:           Steam: fetched 381 owned games
(17:48:44) [INFO]:    [Steam]:           Steam bulk platform capture: scoped=1 captured=0 skipped=1
(17:48:44) [INFO]:    [Steam]:           Steam bulk platform capture: scoped=1 captured=0 skipped=1 failed=false
(17:48:44) [INFO]:    [Steam]:           refreshLibrary complete runner=steam managers=1
(17:48:44) [INFO]:    [Steam]:           Steam library sync complete: 381 games
(17:50:18) [INFO]:    [DownloadManager]: Avadon: The Black Fortress  was added to the download queue.
(17:50:18) [INFO]:    [Steam]:           [Timing] runNativeDepotDownload: ensureSteamClientReady took 0ms for appId 112100
(17:50:19) [INFO]:    [Steam]:           [Timing] fetchInstalldir: getProductInfo for appId 112100 took 225ms
(17:50:19) [INFO]:    [Steam]:           [Timing] resolveSteamInstallTarget: total 225ms for appId 112100
(17:50:19) [INFO]:    [Steam]:           [Timing] runNativeDepotDownload: resolveSteamInstallTarget took 225ms for appId 112100
(17:50:19) [INFO]:    [Steam]:           [Timing] SteamUser.ensureConnected: already connected (fast path, canary OK)
(17:50:19) [INFO]:    [Steam]:           [Timing] buildDepotPlan/fetchAppInfo: attempt 1 succeeded in 254ms (total 254ms)
(17:50:19) [INFO]:    [Steam]:           [Timing] buildDepotPlan/fetchDlcInfos: attempt 1 succeeded in 0ms (total 0ms)
(17:50:19) [INFO]:    [Steam]:           [Timing] buildDepotPlan/getOwnedSets: attempt 1 succeeded in 305ms (total 305ms)
(17:50:19) [INFO]:    [Steam]:           Steam depot selection: skipped depot 112101 (oslist=windows != macos)
(17:50:19) [INFO]:    [Steam]:           Steam depot selection: skipped depot 112103 (oslist=linux != macos)
(17:50:19) [INFO]:    [Steam]:           Steam depot selection: os=macos arch=64 language=english branch=public -> depots [112102(gid=5064231271319177420,size=121853904)]
(17:50:19) [INFO]:    [Steam]:           Steam depot selection: selectAllDepots union across base + DLC apps -> 1 depot(s)
(17:50:20) [INFO]:    [Steam]:           [Timing] buildDepotPlan/fetchDepotPlanEntry:112102: attempt 1 succeeded in 460ms (total 460ms)
(17:50:20) [INFO]:    [Steam]:           [Timing] buildDepotPlan: total 1243ms for appId 112100 (1 depot(s))
(17:50:20) [INFO]:    [Steam]:           [Timing] getContentServerHosts RAW for appId 112100: [{"type":"SteamCache","sourceid":"498","cell":"22","load":"15","weightedload":"24","NumEntriesInClientList":"1","Host":"cache1-akl-edgx.steamcontent.com","vhost":"cache1-akl-edgx.steamcontent.com","https_support":"mandatory"},{"type":"SteamCache","sourceid":"350","cell":"22","load":"39","weightedload":"47","NumEntriesInClientList":"1","Host":"cache2-akl-tpwr.steamcontent.com","vhost":"cache2-akl-tpwr.steamcontent.com","https_support":"mandatory"},{"type":"SteamCache","sourceid":"349","cell":"22","load":"41","weightedload":"49","NumEntriesInClientList":"1","Host":"cache1-akl-tpwr.steamcontent.com","vhost":"cache1-akl-tpwr.steamcontent.com","https_support":"mandatory"},{"type":"CDN","sourceid":"11","load":"0","weightedload":"130","NumEntriesInClientList":"1","Host":"steampipe.akamaized.net","vhost":"steampipe.akamaized.net","https_support":"mandatory"},{"type":"CDN","sourceid":"31","load":"0","weightedload":"130","NumEntriesInClientList":"1","Host":"fastly.cdn.steampipe.steamcontent.com","vhost":"fastly.cdn.steampipe.steamcontent.com","https_support":"mandatory"},{"type":"CDN","sourceid":"33","load":"0","weightedload":"130","NumEntriesInClientList":"1","Host":"alibaba.cdn.steampipe.steamcontent.com","vhost":"alibaba.cdn.steampipe.steamcontent.com","https_support":"unavailable"}]
(17:50:20) [INFO]:    [Steam]:           [Timing] getContentServerHosts: getContentServers for appId 112100 took 0ms, hosts=6, weightedLoads=6
(17:50:20) [INFO]:    [Steam]:           steam-flags-census stage=plan-build appId=112100 depots=1 totalFiles=1215 flagBearing=6 executableFlagged=0 readonlyFlagged=0 hiddenFlagged=0 directoryEntries=6 symlinkEntries=0 zeroSizeEntries=6 distinctFlagValues=[64] skipped=
(17:50:20) [WARNING]: [Steam]:           lzmaLoader: native lzma-native decode is explicitly DISABLED by this build (NATIVE_LZMA_DECODE_ENABLED=false, lzmaLoader.ts) -- running the pure-JS lzma package for THE REST OF THIS PROCESS. This is a deliberate, temporary kill switch, not an import/ smoke-test failure: a real cold-built packaged SEA binary showed native resolution AND its own small smoke-test decode genuinely succeeding, but decoding a real-sized chunk through that same binding then hangs until DecompressPool's own task timeout fires -- a failure class the smoke test below is proven unable to catch, so this switch does not rely on it. See .planning/debug/sea-native-lzma-real-chunk-decode-hang.md for the full investigation and the criteria for safely re-enabling this.
(17:50:21) [WARNING]: [Steam]:           lzmaLoader: native lzma-native decode is explicitly DISABLED by this build (NATIVE_LZMA_DECODE_ENABLED=false, lzmaLoader.ts) -- running the pure-JS lzma package for THE REST OF THIS PROCESS. This is a deliberate, temporary kill switch, not an import/ smoke-test failure: a real cold-built packaged SEA binary showed native resolution AND its own small smoke-test decode genuinely succeeding, but decoding a real-sized chunk through that same binding then hangs until DecompressPool's own task timeout fires -- a failure class the smoke test below is proven unable to catch, so this switch does not rely on it. See .planning/debug/sea-native-lzma-real-chunk-decode-hang.md for the full investigation and the criteria for safely re-enabling this.
(17:50:21) [WARNING]: [Steam]:           lzmaLoader: native lzma-native decode is explicitly DISABLED by this build (NATIVE_LZMA_DECODE_ENABLED=false, lzmaLoader.ts) -- running the pure-JS lzma package for THE REST OF THIS PROCESS. This is a deliberate, temporary kill switch, not an import/ smoke-test failure: a real cold-built packaged SEA binary showed native resolution AND its own small smoke-test decode genuinely succeeding, but decoding a real-sized chunk through that same binding then hangs until DecompressPool's own task timeout fires -- a failure class the smoke test below is proven unable to catch, so this switch does not rely on it. See .planning/debug/sea-native-lzma-real-chunk-decode-hang.md for the full investigation and the criteria for safely re-enabling this.
(17:50:21) [WARNING]: [Steam]:           lzmaLoader: native lzma-native decode is explicitly DISABLED by this build (NATIVE_LZMA_DECODE_ENABLED=false, lzmaLoader.ts) -- running the pure-JS lzma package for THE REST OF THIS PROCESS. This is a deliberate, temporary kill switch, not an import/ smoke-test failure: a real cold-built packaged SEA binary showed native resolution AND its own small smoke-test decode genuinely succeeding, but decoding a real-sized chunk through that same binding then hangs until DecompressPool's own task timeout fires -- a failure class the smoke test below is proven unable to catch, so this switch does not rely on it. See .planning/debug/sea-native-lzma-real-chunk-decode-hang.md for the full investigation and the criteria for safely re-enabling this.
(17:50:21) [WARNING]: [Steam]:           lzmaLoader: native lzma-native decode is explicitly DISABLED by this build (NATIVE_LZMA_DECODE_ENABLED=false, lzmaLoader.ts) -- running the pure-JS lzma package for THE REST OF THIS PROCESS. This is a deliberate, temporary kill switch, not an import/ smoke-test failure: a real cold-built packaged SEA binary showed native resolution AND its own small smoke-test decode genuinely succeeding, but decoding a real-sized chunk through that same binding then hangs until DecompressPool's own task timeout fires -- a failure class the smoke test below is proven unable to catch, so this switch does not rely on it. See .planning/debug/sea-native-lzma-real-chunk-decode-hang.md for the full investigation and the criteria for safely re-enabling this.
(17:50:22) [WARNING]: [Steam]:           lzmaLoader: native lzma-native decode is explicitly DISABLED by this build (NATIVE_LZMA_DECODE_ENABLED=false, lzmaLoader.ts) -- running the pure-JS lzma package for THE REST OF THIS PROCESS. This is a deliberate, temporary kill switch, not an import/ smoke-test failure: a real cold-built packaged SEA binary showed native resolution AND its own small smoke-test decode genuinely succeeding, but decoding a real-sized chunk through that same binding then hangs until DecompressPool's own task timeout fires -- a failure class the smoke test below is proven unable to catch, so this switch does not rely on it. See .planning/debug/sea-native-lzma-real-chunk-decode-hang.md for the full investigation and the criteria for safely re-enabling this.
(17:50:22) [WARNING]: [Steam]:           lzmaLoader: native lzma-native decode is explicitly DISABLED by this build (NATIVE_LZMA_DECODE_ENABLED=false, lzmaLoader.ts) -- running the pure-JS lzma package for THE REST OF THIS PROCESS. This is a deliberate, temporary kill switch, not an import/ smoke-test failure: a real cold-built packaged SEA binary showed native resolution AND its own small smoke-test decode genuinely succeeding, but decoding a real-sized chunk through that same binding then hangs until DecompressPool's own task timeout fires -- a failure class the smoke test below is proven unable to catch, so this switch does not rely on it. See .planning/debug/sea-native-lzma-real-chunk-decode-hang.md for the full investigation and the criteria for safely re-enabling this.
(17:50:22) [WARNING]: [Steam]:           lzmaLoader: native lzma-native decode is explicitly DISABLED by this build (NATIVE_LZMA_DECODE_ENABLED=false, lzmaLoader.ts) -- running the pure-JS lzma package for THE REST OF THIS PROCESS. This is a deliberate, temporary kill switch, not an import/ smoke-test failure: a real cold-built packaged SEA binary showed native resolution AND its own small smoke-test decode genuinely succeeding, but decoding a real-sized chunk through that same binding then hangs until DecompressPool's own task timeout fires -- a failure class the smoke test below is proven unable to catch, so this switch does not rely on it. See .planning/debug/sea-native-lzma-real-chunk-decode-hang.md for the full investigation and the criteria for safely re-enabling this.
(17:50:23) [WARNING]: [Steam]:           lzmaLoader: native lzma-native decode is explicitly DISABLED by this build (NATIVE_LZMA_DECODE_ENABLED=false, lzmaLoader.ts) -- running the pure-JS lzma package for THE REST OF THIS PROCESS. This is a deliberate, temporary kill switch, not an import/ smoke-test failure: a real cold-built packaged SEA binary showed native resolution AND its own small smoke-test decode genuinely succeeding, but decoding a real-sized chunk through that same binding then hangs until DecompressPool's own task timeout fires -- a failure class the smoke test below is proven unable to catch, so this switch does not rely on it. See .planning/debug/sea-native-lzma-real-chunk-decode-hang.md for the full investigation and the criteria for safely re-enabling this.
(17:50:23) [INFO]:    [Steam]:           steam-flags-census stage=download-entry appId=112100 totalFiles=1215 flagBearing=6 executableFlagged=0 readonlyFlagged=0 hiddenFlagged=0 directoryEntries=6 symlinkEntries=0 zeroSizeEntries=6 distinctFlagValues=[64]
(17:50:23) [WARNING]: [Steam]:           lzmaLoader: native lzma-native decode is explicitly DISABLED by this build (NATIVE_LZMA_DECODE_ENABLED=false, lzmaLoader.ts) -- running the pure-JS lzma package for THE REST OF THIS PROCESS. This is a deliberate, temporary kill switch, not an import/ smoke-test failure: a real cold-built packaged SEA binary showed native resolution AND its own small smoke-test decode genuinely succeeding, but decoding a real-sized chunk through that same binding then hangs until DecompressPool's own task timeout fires -- a failure class the smoke test below is proven unable to catch, so this switch does not rely on it. See .planning/debug/sea-native-lzma-real-chunk-decode-hang.md for the full investigation and the criteria for safely re-enabling this.
(17:50:23) [WARNING]: [Steam]:           downloadDepotFiles: applied secondary Mach-O executable fallback (chmod 0o755) to "Avadon.app\Contents\MacOS\Avadon" — its manifest carried no Executable/CustomExecutable flag, but its own bytes are a Mach-O EXECUTE/DYLIB image (G-23-02 H2 verdict, 23-TRACE.md)
(17:50:23) [WARNING]: [Steam]:           downloadDepotFiles: applied secondary Mach-O executable fallback (chmod 0o755) to "Avadon.app\Contents\MacOS\libsteam_api.dylib" — its manifest carried no Executable/CustomExecutable flag, but its own bytes are a Mach-O EXECUTE/DYLIB image (G-23-02 H2 verdict, 23-TRACE.md)
(17:50:23) [WARNING]: [Steam]:           downloadDepotFiles: appId=112100 depot=112102 file="Avadon.app\Contents\Resources\AvScenData.dat" failed: downloadDepotFiles: "Avadon.app\Contents\Resources\AvScenData.dat" is a file in the depot manifest, but a NON-EMPTY directory exists at that path. Refusing to delete it (ENOTEMPTY: directory not empty, rmdir '/Users/graysonmitchell/Library/Application Support/Steam/steamapps/common/Avadon The Black Fortress/Avadon.app/Contents/Resources/AvScenData.dat') — remove it by hand and retry the install.
(17:50:23) [INFO]:    [Steam]:           steam-flags-census stage=download-complete appId=112100 totalFiles=1215 flagBearing=6 executableFlagged=0 readonlyFlagged=0 hiddenFlagged=0 directoryEntries=6 symlinkEntries=0 zeroSizeEntries=6 chmodAttempts=0 modeCallsites=0 jobCount=1 reconciledSkipped=1214 distinctFlagValues=[64]
(17:50:23) [ERROR]:   [Steam]:           downloadSteamDepots: appId=112100 download failed — 1 file failure(s), classified as steam.download.error.generic; first: file="Avadon.app\Contents\Resources\AvScenData.dat" downloadDepotFiles: "Avadon.app\Contents\Resources\AvScenData.dat" is a file in the depot manifest, but a NON-EMPTY directory exists at that path. Refusing to delete it (ENOTEMPTY: directory not empty, rmdir '/Users/graysonmitchell/Library/Application Support/Steam/steamapps/common/Avadon The Black Fortress/Avadon.app/Contents/Resources/AvScenData.dat') — remove it by hand and retry the install.
(17:50:23) [INFO]:    [Steam]:           [Timing] runNativeDepotDownload: downloadSteamDepots (buildDepotPlan + stream) took 4681ms so far for appId 112100 (status=error); total since click 4935ms
(17:50:23) [WARNING]: [Steam]:           SteamGame.stop: Steam owns process lifecycle for appId 112100; no-op
(17:50:23) [WARNING]: [DownloadManager]: No in-flight download to abort for 112100 — the install failed outside its abort controller's lifetime
(17:50:23) [ERROR]:   [DownloadManager]: Installation of 112100 failed with: The Steam download failed.
(17:50:23) [WARNING]: [Steam]:           SteamGame: depot install failed for appId 112100: The Steam download failed.
(17:50:23) [INFO]:    [DownloadManager]: 112100 added to download manager finished.
(17:50:23) [WARNING]: [DownloadManager]: Installation of 112100 failed!
(17:50:23) [INFO]:    [Frontend]:        [refreshLibrary] runner=steam origin=game-status
(17:50:23) [INFO]:    [DownloadManager]: 112100 removed from download manager.
(17:50:24) [INFO]:    [Steam]:           [Timing] SteamUser.ensureConnected: already connected (fast path, canary OK)
(17:50:24) [INFO]:    [Steam]:           Steam: fetched 381 owned games
(17:50:25) [INFO]:    [Steam]:           Steam bulk platform capture: scoped=1 captured=0 skipped=1
(17:50:25) [INFO]:    [Steam]:           Steam bulk platform capture: scoped=1 captured=0 skipped=1 failed=false
(17:50:26) [INFO]:    [Steam]:           Steam library sync complete: 381 games
(17:50:26) [INFO]:    [Steam]:           refreshLibrary complete runner=steam managers=1
(17:50:42) [INFO]:    [Gog]:             GOG presence set
