{"category":"control-server","data":{"origin":"http://localhost:17913"},"message":"listening","ms":0,"t":"2026-09-15T19:59:33.595Z"}
{"category":"app","data":{"controlOrigin":"http://localhost:17913","mainThread":"ThreadId(1)","unstableFeature":true},"message":"started","ms":609,"t":"2026-09-15T19:59:34.204Z"}
{"category":"env","data":{"controlOrigin":"http://localhost:17913","gogStoreUrl":"https://www.gog.com/en/games","steamStoreUrl":"https://store.steampowered.com/app/440/Team_Fortress_2/","tauri":"2.11.5 (Cargo.lock-pinned, matches src-tauri) + `unstable` feature","wry":"0.55.1"},"message":"environment","ms":1129,"t":"2026-09-15T19:59:34.723Z"}
{"category":"embed","data":{"isolatedStore":false,"requested":{"h":630.0,"w":986.0,"x":282.0,"y":56.0},"spoofUa":true,"thread":"main","url":"https://www.epicgames.com/store/en-US/"},"message":"add_child","ms":313613,"t":"2026-09-15T20:04:47.198Z"}
{"category":"embed","data":{"boundsReadback":"Rect { position: Logical(LogicalPosition { x: 282.0, y: 56.0 }), size: Logical(LogicalSize { width: 986.0, height: 630.0 }) }","elapsedMs":56,"label":"store-embed","windowNumber":12620,"windowWebviews":["store-embed","main"]},"message":"add_child OK","ms":313670,"t":"2026-09-15T20:04:47.255Z"}
{"category":"navigation","data":{"url":"https://www.epicgames.com/store/en-US/"},"message":"embed on_navigation","ms":313706,"t":"2026-09-15T20:04:47.291Z"}
{"category":"navigation","data":{"url":"https://store.epicgames.com/en-US/"},"message":"embed on_navigation","ms":313710,"t":"2026-09-15T20:04:47.295Z"}
{"category":"navigation","data":{"event":"started","url":"https://store.epicgames.com/en-US/"},"message":"embed on_page_load","ms":314454,"t":"2026-09-15T20:04:48.039Z"}
{"category":"navigation","data":{"url":"about:blank"},"message":"embed on_navigation","ms":314953,"t":"2026-09-15T20:04:48.538Z"}
{"category":"navigation","data":{"event":"finished","url":"https://store.epicgames.com/en-US/"},"message":"embed on_page_load","ms":314965,"t":"2026-09-15T20:04:48.550Z"}
{"category":"navigation","data":{"url":"https://challenges.cloudflare.com/cdn-cgi/challenge-platform/h/g/turnstile/f/av0/rch/68xxg/0x4AAAAAAADnPIDROrmt1Wwj/light/fbE/new/normal?lang=auto"},"message":"embed on_navigation","ms":315477,"t":"2026-09-15T20:04:49.062Z"}
{"category":"navigation","data":{"url":"about:blank"},"message":"embed on_navigation","ms":316643,"t":"2026-09-15T20:04:50.228Z"}
{"category":"navigation","data":{"url":"about:blank"},"message":"embed on_navigation","ms":318181,"t":"2026-09-15T20:04:51.766Z"}
{"category":"navigation","data":{"url":"about:blank"},"message":"embed on_navigation","ms":318322,"t":"2026-09-15T20:04:51.907Z"}
{"category":"navigation","data":{"url":"about:blank"},"message":"embed on_navigation","ms":318343,"t":"2026-09-15T20:04:51.928Z"}
{"category":"navigation","data":{"url":"about:srcdoc"},"message":"embed on_navigation","ms":318409,"t":"2026-09-15T20:04:51.994Z"}
{"category":"navigation","data":{"url":"about:blank"},"message":"embed on_navigation","ms":318409,"t":"2026-09-15T20:04:51.994Z"}
{"category":"navigation","data":{"url":"about:blank"},"message":"embed on_navigation","ms":318417,"t":"2026-09-15T20:04:52.002Z"}
{"category":"navigation","data":{"url":"https://store.epicgames.com/en-US/"},"message":"embed on_navigation","ms":325388,"t":"2026-09-15T20:04:58.973Z"}
{"category":"navigation","data":{"event":"started","url":"https://store.epicgames.com/en-US/"},"message":"embed on_page_load","ms":325831,"t":"2026-09-15T20:04:59.415Z"}
{"category":"navigation","data":{"url":"about:blank"},"message":"embed on_navigation","ms":326334,"t":"2026-09-15T20:04:59.918Z"}
{"category":"navigation","data":{"event":"finished","url":"https://store.epicgames.com/en-US/"},"message":"embed on_page_load","ms":326629,"t":"2026-09-15T20:05:00.213Z"}
{"category":"navigation","data":{"url":"https://challenges.cloudflare.com/cdn-cgi/challenge-platform/h/g/turnstile/f/av0/rch/0ryr2/0x4AAAAAAADnPIDROrmt1Wwj/light/fbE/new/normal?lang=auto"},"message":"embed on_navigation","ms":326805,"t":"2026-09-15T20:05:00.390Z"}
{"category":"navigation","data":{"url":"about:blank"},"message":"embed on_navigation","ms":327660,"t":"2026-09-15T20:05:01.244Z"}
{"category":"navigation","data":{"url":"about:blank"},"message":"embed on_navigation","ms":328885,"t":"2026-09-15T20:05:02.469Z"}
{"category":"navigation","data":{"url":"about:srcdoc"},"message":"embed on_navigation","ms":328906,"t":"2026-09-15T20:05:02.490Z"}
{"category":"navigation","data":{"url":"about:blank"},"message":"embed on_navigation","ms":328906,"t":"2026-09-15T20:05:02.491Z"}
{"category":"navigation","data":{"url":"about:blank"},"message":"embed on_navigation","ms":328972,"t":"2026-09-15T20:05:02.557Z"}
{"category":"navigation","data":{"url":"about:blank"},"message":"embed on_navigation","ms":328977,"t":"2026-09-15T20:05:02.561Z"}
{"category":"navigation","data":{"url":"about:blank"},"message":"embed on_navigation","ms":328996,"t":"2026-09-15T20:05:02.580Z"}
{"category":"navigation","data":{"url":"https://store.epicgames.com/en-US/"},"message":"embed on_navigation","ms":342011,"t":"2026-09-15T20:05:15.596Z"}
{"category":"navigation","data":{"event":"started","url":"https://store.epicgames.com/en-US/"},"message":"embed on_page_load","ms":342296,"t":"2026-09-15T20:05:15.880Z"}
{"category":"navigation","data":{"url":"about:blank"},"message":"embed on_navigation","ms":342622,"t":"2026-09-15T20:05:16.207Z"}
{"category":"navigation","data":{"event":"finished","url":"https://store.epicgames.com/en-US/"},"message":"embed on_page_load","ms":343093,"t":"2026-09-15T20:05:16.677Z"}
{"category":"navigation","data":{"url":"https://challenges.cloudflare.com/cdn-cgi/challenge-platform/h/g/turnstile/f/av0/rch/jqh5w/0x4AAAAAAADnPIDROrmt1Wwj/light/fbE/new/normal?lang=auto"},"message":"embed on_navigation","ms":343097,"t":"2026-09-15T20:05:16.681Z"}
{"category":"navigation","data":{"url":"about:blank"},"message":"embed on_navigation","ms":343813,"t":"2026-09-15T20:05:17.397Z"}
{"category":"navigation","data":{"url":"about:blank"},"message":"embed on_navigation","ms":344879,"t":"2026-09-15T20:05:18.463Z"}
{"category":"navigation","data":{"url":"about:blank"},"message":"embed on_navigation","ms":344907,"t":"2026-09-15T20:05:18.491Z"}
{"category":"navigation","data":{"url":"about:blank"},"message":"embed on_navigation","ms":344909,"t":"2026-09-15T20:05:18.493Z"}
{"category":"navigation","data":{"url":"about:blank"},"message":"embed on_navigation","ms":344971,"t":"2026-09-15T20:05:18.555Z"}
{"category":"navigation","data":{"url":"about:srcdoc"},"message":"embed on_navigation","ms":344973,"t":"2026-09-15T20:05:18.557Z"}
{"category":"navigation","data":{"url":"about:blank"},"message":"embed on_navigation","ms":344973,"t":"2026-09-15T20:05:18.557Z"}
{"category":"navigation","data":{"url":"https://store.epicgames.com/en-US/"},"message":"embed on_navigation","ms":477986,"t":"2026-09-15T20:07:31.566Z"}
{"category":"navigation","data":{"event":"started","url":"https://store.epicgames.com/en-US/"},"message":"embed on_page_load","ms":478796,"t":"2026-09-15T20:07:32.376Z"}
{"category":"navigation","data":{"url":"about:blank"},"message":"embed on_navigation","ms":479829,"t":"2026-09-15T20:07:33.409Z"}
{"category":"navigation","data":{"event":"finished","url":"https://store.epicgames.com/en-US/"},"message":"embed on_page_load","ms":479956,"t":"2026-09-15T20:07:33.536Z"}
{"category":"navigation","data":{"url":"https://challenges.cloudflare.com/cdn-cgi/challenge-platform/h/g/turnstile/f/av0/rch/12326/0x4AAAAAAADnPIDROrmt1Wwj/light/fbE/new/normal?lang=auto"},"message":"embed on_navigation","ms":480201,"t":"2026-09-15T20:07:33.781Z"}
{"category":"navigation","data":{"url":"about:blank"},"message":"embed on_navigation","ms":480914,"t":"2026-09-15T20:07:34.494Z"}
{"category":"navigation","data":{"url":"about:blank"},"message":"embed on_navigation","ms":482780,"t":"2026-09-15T20:07:36.360Z"}
{"category":"navigation","data":{"url":"about:srcdoc"},"message":"embed on_navigation","ms":482808,"t":"2026-09-15T20:07:36.388Z"}
{"category":"navigation","data":{"url":"about:blank"},"message":"embed on_navigation","ms":482808,"t":"2026-09-15T20:07:36.388Z"}
{"category":"navigation","data":{"url":"about:blank"},"message":"embed on_navigation","ms":482815,"t":"2026-09-15T20:07:36.394Z"}
{"category":"navigation","data":{"url":"about:blank"},"message":"embed on_navigation","ms":482893,"t":"2026-09-15T20:07:36.473Z"}
{"category":"navigation","data":{"url":"about:blank"},"message":"embed on_navigation","ms":482896,"t":"2026-09-15T20:07:36.476Z"}
{"category":"control-server","data":{"origin":"http://localhost:17913"},"message":"listening","ms":0,"t":"2026-09-15T20:09:51.005Z"}
{"category":"app","data":{"controlOrigin":"http://localhost:17913","mainThread":"ThreadId(1)","unstableFeature":true},"message":"started","ms":311,"t":"2026-09-15T20:09:51.316Z"}
{"category":"env","data":{"controlOrigin":"http://localhost:17913","gogStoreUrl":"https://www.gog.com/en/games","steamStoreUrl":"https://store.steampowered.com/app/440/Team_Fortress_2/","tauri":"2.11.5 (Cargo.lock-pinned, matches src-tauri) + `unstable` feature","wry":"0.55.1"},"message":"environment","ms":502,"t":"2026-09-15T20:09:51.507Z"}
{"category":"embed","data":{"isolatedStore":false,"requested":{"h":630.0,"w":986.0,"x":282.0,"y":56.0},"spoofUa":true,"thread":"main","url":"https://store.steampowered.com/app/440/Team_Fortress_2/"},"message":"add_child","ms":361948,"t":"2026-09-15T20:15:52.942Z"}
{"category":"embed","data":{"boundsReadback":"Rect { position: Logical(LogicalPosition { x: 282.0, y: 56.0 }), size: Logical(LogicalSize { width: 986.0, height: 630.0 }) }","elapsedMs":46,"label":"store-embed","windowNumber":12852,"windowWebviews":["main","store-embed"]},"message":"add_child OK","ms":361997,"t":"2026-09-15T20:15:52.990Z"}
{"category":"navigation","data":{"url":"https://store.steampowered.com/app/440/Team_Fortress_2/"},"message":"embed on_navigation","ms":362023,"t":"2026-09-15T20:15:53.016Z"}
{"category":"navigation","data":{"event":"started","url":"https://store.steampowered.com/app/440/Team_Fortress_2/"},"message":"embed on_page_load","ms":369337,"t":"2026-09-15T20:16:00.330Z"}
{"category":"navigation","data":{"event":"finished","url":"https://store.steampowered.com/app/440/Team_Fortress_2/"},"message":"embed on_page_load","ms":382759,"t":"2026-09-15T20:16:13.752Z"}
{"category":"embed","data":{"label":"store-embed"},"message":"destroyed","ms":442170,"t":"2026-09-15T20:17:13.161Z"}
{"category":"embed","data":{"isolatedStore":false,"requested":{"h":630.0,"w":986.0,"x":282.0,"y":56.0},"spoofUa":true,"thread":"main","url":"https://www.epicgames.com/store/en-US/"},"message":"add_child","ms":467966,"t":"2026-09-15T20:17:38.957Z"}
{"category":"embed","data":{"boundsReadback":"Rect { position: Logical(LogicalPosition { x: 282.0, y: 56.0 }), size: Logical(LogicalSize { width: 986.0, height: 630.0 }) }","elapsedMs":50,"label":"store-embed","windowNumber":12852,"windowWebviews":["main","store-embed"]},"message":"add_child OK","ms":468017,"t":"2026-09-15T20:17:39.008Z"}
{"category":"navigation","data":{"url":"https://www.epicgames.com/store/en-US/"},"message":"embed on_navigation","ms":468042,"t":"2026-09-15T20:17:39.033Z"}
{"category":"navigation","data":{"url":"https://store.epicgames.com/en-US/"},"message":"embed on_navigation","ms":468045,"t":"2026-09-15T20:17:39.036Z"}
{"category":"navigation","data":{"event":"started","url":"https://store.epicgames.com/en-US/"},"message":"embed on_page_load","ms":469773,"t":"2026-09-15T20:17:40.763Z"}
{"category":"navigation","data":{"url":"about:blank"},"message":"embed on_navigation","ms":472382,"t":"2026-09-15T20:17:43.372Z"}
{"category":"navigation","data":{"event":"finished","url":"https://store.epicgames.com/en-US/"},"message":"embed on_page_load","ms":472395,"t":"2026-09-15T20:17:43.386Z"}
{"category":"navigation","data":{"url":"https://challenges.cloudflare.com/cdn-cgi/challenge-platform/h/g/turnstile/f/av0/rch/98ums/0x4AAAAAAADnPIDROrmt1Wwj/light/fbE/new/normal?lang=auto"},"message":"embed on_navigation","ms":472889,"t":"2026-09-15T20:17:43.880Z"}
{"category":"navigation","data":{"url":"about:blank"},"message":"embed on_navigation","ms":473720,"t":"2026-09-15T20:17:44.710Z"}
{"category":"navigation","data":{"url":"about:blank"},"message":"embed on_navigation","ms":475069,"t":"2026-09-15T20:17:46.059Z"}
{"category":"navigation","data":{"url":"about:blank"},"message":"embed on_navigation","ms":475204,"t":"2026-09-15T20:17:46.194Z"}
{"category":"navigation","data":{"url":"about:blank"},"message":"embed on_navigation","ms":475207,"t":"2026-09-15T20:17:46.197Z"}
{"category":"navigation","data":{"url":"about:blank"},"message":"embed on_navigation","ms":475249,"t":"2026-09-15T20:17:46.239Z"}
{"category":"navigation","data":{"url":"about:srcdoc"},"message":"embed on_navigation","ms":475311,"t":"2026-09-15T20:17:46.301Z"}
{"category":"navigation","data":{"url":"about:blank"},"message":"embed on_navigation","ms":475311,"t":"2026-09-15T20:17:46.302Z"}
{"category":"navigation","data":{"url":"https://store.epicgames.com/en-US/"},"message":"embed on_navigation","ms":495601,"t":"2026-09-15T20:18:06.591Z"}
{"category":"navigation","data":{"event":"started","url":"https://store.epicgames.com/en-US/"},"message":"embed on_page_load","ms":496886,"t":"2026-09-15T20:18:07.876Z"}
{"category":"navigation","data":{"url":"about:blank"},"message":"embed on_navigation","ms":497137,"t":"2026-09-15T20:18:08.126Z"}
{"category":"navigation","data":{"event":"finished","url":"https://store.epicgames.com/en-US/"},"message":"embed on_page_load","ms":497309,"t":"2026-09-15T20:18:08.299Z"}
{"category":"navigation","data":{"url":"https://challenges.cloudflare.com/cdn-cgi/challenge-platform/h/g/turnstile/f/av0/rch/1tuf5/0x4AAAAAAADnPIDROrmt1Wwj/light/fbE/new/normal?lang=auto"},"message":"embed on_navigation","ms":497503,"t":"2026-09-15T20:18:08.493Z"}
{"category":"navigation","data":{"url":"about:blank"},"message":"embed on_navigation","ms":498614,"t":"2026-09-15T20:18:09.603Z"}
{"category":"navigation","data":{"url":"about:blank"},"message":"embed on_navigation","ms":500179,"t":"2026-09-15T20:18:11.168Z"}
{"category":"navigation","data":{"url":"about:blank"},"message":"embed on_navigation","ms":500232,"t":"2026-09-15T20:18:11.222Z"}
{"category":"navigation","data":{"url":"about:blank"},"message":"embed on_navigation","ms":500282,"t":"2026-09-15T20:18:11.271Z"}
{"category":"navigation","data":{"url":"about:srcdoc"},"message":"embed on_navigation","ms":500284,"t":"2026-09-15T20:18:11.273Z"}
{"category":"navigation","data":{"url":"about:blank"},"message":"embed on_navigation","ms":500284,"t":"2026-09-15T20:18:11.274Z"}
{"category":"navigation","data":{"url":"about:blank"},"message":"embed on_navigation","ms":500288,"t":"2026-09-15T20:18:11.278Z"}
{"category":"navigation","data":{"url":"https://store.epicgames.com/en-US/"},"message":"embed on_navigation","ms":523708,"t":"2026-09-15T20:18:34.697Z"}
{"category":"navigation","data":{"event":"started","url":"https://store.epicgames.com/en-US/"},"message":"embed on_page_load","ms":526040,"t":"2026-09-15T20:18:37.028Z"}
{"category":"navigation","data":{"url":"about:blank"},"message":"embed on_navigation","ms":526807,"t":"2026-09-15T20:18:37.796Z"}
{"category":"navigation","data":{"event":"finished","url":"https://store.epicgames.com/en-US/"},"message":"embed on_page_load","ms":527095,"t":"2026-09-15T20:18:38.083Z"}
{"category":"navigation","data":{"url":"https://challenges.cloudflare.com/cdn-cgi/challenge-platform/h/g/turnstile/f/av0/rch/whqym/0x4AAAAAAADnPIDROrmt1Wwj/light/fbE/new/normal?lang=auto"},"message":"embed on_navigation","ms":527271,"t":"2026-09-15T20:18:38.259Z"}
{"category":"navigation","data":{"url":"about:blank"},"message":"embed on_navigation","ms":527905,"t":"2026-09-15T20:18:38.893Z"}
{"category":"navigation","data":{"url":"about:blank"},"message":"embed on_navigation","ms":535941,"t":"2026-09-15T20:18:46.929Z"}
{"category":"navigation","data":{"url":"about:blank"},"message":"embed on_navigation","ms":535997,"t":"2026-09-15T20:18:46.985Z"}
{"category":"navigation","data":{"url":"about:srcdoc"},"message":"embed on_navigation","ms":536161,"t":"2026-09-15T20:18:47.149Z"}
{"category":"navigation","data":{"url":"about:blank"},"message":"embed on_navigation","ms":536161,"t":"2026-09-15T20:18:47.149Z"}
{"category":"navigation","data":{"url":"about:blank"},"message":"embed on_navigation","ms":536186,"t":"2026-09-15T20:18:47.174Z"}
{"category":"navigation","data":{"url":"about:blank"},"message":"embed on_navigation","ms":536191,"t":"2026-09-15T20:18:47.179Z"}
{"category":"navigation","data":{"url":"https://store.epicgames.com/en-US/"},"message":"embed on_navigation","ms":674882,"t":"2026-09-15T20:21:05.866Z"}
{"category":"navigation","data":{"event":"started","url":"https://store.epicgames.com/en-US/"},"message":"embed on_page_load","ms":675467,"t":"2026-09-15T20:21:06.451Z"}
{"category":"navigation","data":{"url":"about:blank"},"message":"embed on_navigation","ms":678240,"t":"2026-09-15T20:21:09.224Z"}
{"category":"navigation","data":{"event":"finished","url":"https://store.epicgames.com/en-US/"},"message":"embed on_page_load","ms":678559,"t":"2026-09-15T20:21:09.543Z"}
{"category":"navigation","data":{"url":"https://challenges.cloudflare.com/cdn-cgi/challenge-platform/h/g/turnstile/f/av0/rch/cv8i4/0x4AAAAAAADnPIDROrmt1Wwj/light/fbE/new/normal?lang=auto"},"message":"embed on_navigation","ms":678725,"t":"2026-09-15T20:21:09.709Z"}
{"category":"navigation","data":{"url":"about:blank"},"message":"embed on_navigation","ms":679522,"t":"2026-09-15T20:21:10.506Z"}
{"category":"navigation","data":{"url":"about:blank"},"message":"embed on_navigation","ms":680991,"t":"2026-09-15T20:21:11.975Z"}
{"category":"navigation","data":{"url":"about:blank"},"message":"embed on_navigation","ms":681063,"t":"2026-09-15T20:21:12.047Z"}
{"category":"navigation","data":{"url":"about:blank"},"message":"embed on_navigation","ms":681337,"t":"2026-09-15T20:21:12.321Z"}
{"category":"navigation","data":{"url":"about:srcdoc"},"message":"embed on_navigation","ms":681424,"t":"2026-09-15T20:21:12.408Z"}
{"category":"navigation","data":{"url":"about:blank"},"message":"embed on_navigation","ms":681425,"t":"2026-09-15T20:21:12.409Z"}
{"category":"navigation","data":{"url":"about:blank"},"message":"embed on_navigation","ms":681548,"t":"2026-09-15T20:21:12.532Z"}
{"category":"navigation","data":{"url":"https://store.epicgames.com/en-US/"},"message":"embed on_navigation","ms":823087,"t":"2026-09-15T20:23:34.067Z"}
{"category":"navigation","data":{"event":"started","url":"https://store.epicgames.com/en-US/"},"message":"embed on_page_load","ms":823459,"t":"2026-09-15T20:23:34.438Z"}
{"category":"navigation","data":{"url":"about:blank"},"message":"embed on_navigation","ms":824406,"t":"2026-09-15T20:23:35.385Z"}
{"category":"navigation","data":{"event":"finished","url":"https://store.epicgames.com/en-US/"},"message":"embed on_page_load","ms":824746,"t":"2026-09-15T20:23:35.726Z"}
{"category":"navigation","data":{"url":"https://challenges.cloudflare.com/cdn-cgi/challenge-platform/h/g/turnstile/f/av0/rch/nc4tx/0x4AAAAAAADnPIDROrmt1Wwj/light/fbE/new/normal?lang=auto"},"message":"embed on_navigation","ms":824982,"t":"2026-09-15T20:23:35.962Z"}
{"category":"navigation","data":{"url":"about:blank"},"message":"embed on_navigation","ms":825500,"t":"2026-09-15T20:23:36.480Z"}
{"category":"navigation","data":{"url":"about:blank"},"message":"embed on_navigation","ms":828290,"t":"2026-09-15T20:23:39.269Z"}
{"category":"navigation","data":{"url":"about:blank"},"message":"embed on_navigation","ms":828349,"t":"2026-09-15T20:23:39.328Z"}
{"category":"navigation","data":{"url":"about:srcdoc"},"message":"embed on_navigation","ms":828710,"t":"2026-09-15T20:23:39.689Z"}
{"category":"navigation","data":{"url":"about:blank"},"message":"embed on_navigation","ms":828711,"t":"2026-09-15T20:23:39.690Z"}
{"category":"navigation","data":{"url":"about:blank"},"message":"embed on_navigation","ms":829041,"t":"2026-09-15T20:23:40.021Z"}
{"category":"navigation","data":{"url":"about:blank"},"message":"embed on_navigation","ms":829069,"t":"2026-09-15T20:23:40.048Z"}
{"category":"navigation","data":{"url":"https://store.epicgames.com/en-US/"},"message":"embed on_navigation","ms":968605,"t":"2026-09-15T20:25:59.579Z"}
{"category":"navigation","data":{"event":"started","url":"https://store.epicgames.com/en-US/"},"message":"embed on_page_load","ms":969226,"t":"2026-09-15T20:26:00.201Z"}
{"category":"navigation","data":{"url":"about:blank"},"message":"embed on_navigation","ms":970426,"t":"2026-09-15T20:26:01.401Z"}
{"category":"navigation","data":{"event":"finished","url":"https://store.epicgames.com/en-US/"},"message":"embed on_page_load","ms":971096,"t":"2026-09-15T20:26:02.071Z"}
{"category":"navigation","data":{"url":"https://challenges.cloudflare.com/cdn-cgi/challenge-platform/h/g/turnstile/f/av0/rch/h7s3l/0x4AAAAAAADnPIDROrmt1Wwj/light/fbE/new/normal?lang=auto"},"message":"embed on_navigation","ms":971324,"t":"2026-09-15T20:26:02.300Z"}
{"category":"navigation","data":{"url":"about:blank"},"message":"embed on_navigation","ms":972162,"t":"2026-09-15T20:26:03.137Z"}
{"category":"navigation","data":{"url":"about:blank"},"message":"embed on_navigation","ms":974976,"t":"2026-09-15T20:26:05.951Z"}
{"category":"navigation","data":{"url":"about:blank"},"message":"embed on_navigation","ms":975177,"t":"2026-09-15T20:26:06.152Z"}
{"category":"navigation","data":{"url":"about:blank"},"message":"embed on_navigation","ms":975385,"t":"2026-09-15T20:26:06.360Z"}
{"category":"navigation","data":{"url":"about:srcdoc"},"message":"embed on_navigation","ms":975393,"t":"2026-09-15T20:26:06.368Z"}
{"category":"navigation","data":{"url":"about:blank"},"message":"embed on_navigation","ms":975394,"t":"2026-09-15T20:26:06.369Z"}
{"category":"navigation","data":{"url":"about:blank"},"message":"embed on_navigation","ms":975496,"t":"2026-09-15T20:26:06.471Z"}
{"category":"navigation","data":{"url":"https://store.epicgames.com/en-US/"},"message":"embed on_navigation","ms":1119596,"t":"2026-09-15T20:28:30.564Z"}
{"category":"navigation","data":{"event":"started","url":"https://store.epicgames.com/en-US/"},"message":"embed on_page_load","ms":1119894,"t":"2026-09-15T20:28:30.862Z"}
{"category":"navigation","data":{"url":"about:blank"},"message":"embed on_navigation","ms":1120537,"t":"2026-09-15T20:28:31.504Z"}
{"category":"navigation","data":{"event":"finished","url":"https://store.epicgames.com/en-US/"},"message":"embed on_page_load","ms":1120717,"t":"2026-09-15T20:28:31.684Z"}
{"category":"navigation","data":{"url":"https://challenges.cloudflare.com/cdn-cgi/challenge-platform/h/g/turnstile/f/av0/rch/cxvwh/0x4AAAAAAADnPIDROrmt1Wwj/light/fbE/new/normal?lang=auto"},"message":"embed on_navigation","ms":1120971,"t":"2026-09-15T20:28:31.938Z"}
{"category":"navigation","data":{"url":"about:blank"},"message":"embed on_navigation","ms":1121665,"t":"2026-09-15T20:28:32.633Z"}
{"category":"navigation","data":{"url":"about:blank"},"message":"embed on_navigation","ms":1125157,"t":"2026-09-15T20:28:36.125Z"}
{"category":"navigation","data":{"url":"about:blank"},"message":"embed on_navigation","ms":1125338,"t":"2026-09-15T20:28:36.306Z"}
{"category":"navigation","data":{"url":"about:srcdoc"},"message":"embed on_navigation","ms":1125605,"t":"2026-09-15T20:28:36.572Z"}
{"category":"navigation","data":{"url":"about:blank"},"message":"embed on_navigation","ms":1125606,"t":"2026-09-15T20:28:36.574Z"}
{"category":"navigation","data":{"url":"about:blank"},"message":"embed on_navigation","ms":1125708,"t":"2026-09-15T20:28:36.675Z"}
{"category":"navigation","data":{"url":"about:blank"},"message":"embed on_navigation","ms":1125851,"t":"2026-09-15T20:28:36.819Z"}
{"category":"navigation","data":{"url":"https://store.epicgames.com/en-US/"},"message":"embed on_navigation","ms":1266159,"t":"2026-09-15T20:30:57.122Z"}
{"category":"navigation","data":{"event":"started","url":"https://store.epicgames.com/en-US/"},"message":"embed on_page_load","ms":1267258,"t":"2026-09-15T20:30:58.221Z"}
{"category":"navigation","data":{"url":"about:blank"},"message":"embed on_navigation","ms":1269444,"t":"2026-09-15T20:31:00.407Z"}
{"category":"navigation","data":{"event":"finished","url":"https://store.epicgames.com/en-US/"},"message":"embed on_page_load","ms":1269777,"t":"2026-09-15T20:31:00.740Z"}
{"category":"navigation","data":{"url":"https://challenges.cloudflare.com/cdn-cgi/challenge-platform/h/g/turnstile/f/av0/rch/ovfp1/0x4AAAAAAADnPIDROrmt1Wwj/light/fbE/new/normal?lang=auto"},"message":"embed on_navigation","ms":1269928,"t":"2026-09-15T20:31:00.891Z"}
{"category":"navigation","data":{"url":"about:blank"},"message":"embed on_navigation","ms":1270707,"t":"2026-09-15T20:31:01.670Z"}
{"category":"navigation","data":{"url":"about:blank"},"message":"embed on_navigation","ms":1273489,"t":"2026-09-15T20:31:04.452Z"}
{"category":"navigation","data":{"url":"about:srcdoc"},"message":"embed on_navigation","ms":1273767,"t":"2026-09-15T20:31:04.730Z"}
{"category":"navigation","data":{"url":"about:blank"},"message":"embed on_navigation","ms":1273768,"t":"2026-09-15T20:31:04.731Z"}
{"category":"navigation","data":{"url":"about:blank"},"message":"embed on_navigation","ms":1273936,"t":"2026-09-15T20:31:04.899Z"}
{"category":"navigation","data":{"url":"about:blank"},"message":"embed on_navigation","ms":1273954,"t":"2026-09-15T20:31:04.916Z"}
{"category":"navigation","data":{"url":"about:blank"},"message":"embed on_navigation","ms":1274089,"t":"2026-09-15T20:31:05.052Z"}
