(09:53:02) [INFO]:    Applying migration "legendary-move-global-config-folder"
(09:53:02) [INFO]:    [Backend]:         [bootstrap] GAMELIB_SHELL_EXE received=/home/graysonmitchell/GameLib/src-tauri/target/debug/gamelib-shell
(09:53:02) [INFO]:    [Backend]:         [bootstrap] appRoot resolved=/home/graysonmitchell/GameLib source=GAMELIB_APP_ROOT
(09:53:02) [INFO]:    [Backend]:         [bootstrap] publicDir resolved=/home/graysonmitchell/GameLib/public exists=true
(09:53:02) [INFO]:    [Backend]:         [bootstrap] runner binary legendary path=/home/graysonmitchell/GameLib/public/bin/x64/linux/legendary exists=true
(09:53:02) [INFO]:    [Backend]:         [bootstrap] runner binary gogdl path=/home/graysonmitchell/GameLib/public/bin/x64/linux/gogdl exists=true
(09:53:02) [INFO]:    [Backend]:         [bootstrap] runner binary nile path=/home/graysonmitchell/GameLib/public/bin/x64/linux/nile exists=true
(09:53:02) [INFO]:    [Backend]:         [bootstrap] runner binary comet path=/home/graysonmitchell/GameLib/public/bin/x64/linux/comet exists=true
(09:53:02) [INFO]:    [Steam]:           Steam TokenStore implementation set to DevVaultTokenStore
(09:53:02) [WARNING]: [Backend]:         [dev-secret-vault] INSTALLED — secrets are stored in PLAINTEXT at /tmp/gamelib-dev-secret-vault.json — NEVER use in production
(09:53:02) [INFO]:    [Backend]:         [bootstrap] secret stores: dev-vault
(09:53:02) [INFO]:    [Connection]:      Connectivity: check-online
(09:53:02) [INFO]:    [Connection]:      Pinging external endpoints
(09:53:02) [DEBUG]:   [Backend]:         Unable to load Steam Libraries, libraryfolders.vdf not found
(09:53:02) [INFO]:    [Frontend]:        [BLANKPROBE-MARK] before-hydrate t=246ms vis=visible rootKids=0
(09:53:02) [INFO]:    [DownloadManager]: sidecar: boot-time download-queue auto-resume (the startup-flagged initQueue call) is ENABLED as of Phase 35 plan 11 and runs from appShellFlowRegistration.ts frontendReady, not from this module — a persisted Steam queue head is still never auto-started, since the startup flag is itself the Steam suppression (downloadqueue.ts initQueue doc comment)
(09:53:02) [INFO]:    Migration "legendary-move-global-config-folder" successfully applied
(09:53:02) [INFO]:    [Frontend]:        [BLANKPROBE-MARK] after-hydrate t=482ms vis=visible rootKids=0
(09:53:02) [INFO]:    [Frontend]:        [BLANKPROBE-MARK] before-root-render t=486ms vis=visible rootKids=0
(09:53:02) [INFO]:    [Frontend]:        [BLANKPROBE-MARK] after-root-render t=487ms vis=visible rootKids=0
(09:53:02) [INFO]:    [Frontend]:        [BLANKPROBE-MARK] i18next-initialized t=497ms vis=visible rootKids=0
(09:53:02) [INFO]:    [Frontend]:        [BLANKPROBE-MARK] i18next-loaded t=498ms vis=visible rootKids=0
(09:53:02) [INFO]:    [Frontend]:        [BLANKPROBE-MARK] app-chunk-import-start t=501ms vis=visible rootKids=0
(09:53:02) [INFO]:    [Backend]:         [GAMELIB_SIDECAR_SEND_HANDLER] frontendReady
(09:53:02) [INFO]:    [Backend]:         Frontend Ready
(09:53:02) [INFO]:    [Connection]:      Connectivity: online
(09:53:02) [INFO]:    [Backend]:         User Not Found, removing it from Store
(09:53:02) [ERROR]:   [Gog]:             Unable to syncQueued playtime, userData not present
(09:53:02) [DEBUG]:   [Backend]:         Releases info ready, checking anticheat data
(09:53:02) [DEBUG]:   [Backend]:         Releases info ready, checking wine releases
(09:53:02) [INFO]:    [Backend]:         AreWeAntiCheatYet data downloaded
(09:53:02) [INFO]:    [Frontend]:        [BLANKPROBE-MARK] app-chunk-import-done t=787ms vis=visible rootKids=1
(09:53:02) [INFO]:    [Frontend]:        [BLANKPROBE-MARK] i18next-loaded t=930ms vis=visible rootKids=1
(09:53:02) [INFO]:    [Frontend]:        [BLANKPROBE-MARK] i18next-loaded t=930ms vis=visible rootKids=1
(09:53:03) [INFO]:    [Frontend]:        Updated to a new version, cleaaning up the cache.
(09:53:03) [DEBUG]:   [Backend]:         Logging to file(s) <FAKEHOME>/.local/state/GameLib/logs/runners/legendary.log
(09:53:03) [INFO]:    [Legendary]:       Running command: LEGENDARY_CONFIG_PATH=<FAKEHOME>/.config/GameLib/legendaryConfig/legendary /home/graysonmitchell/GameLib/public/bin/x64/linux/legendary cleanup
(09:53:03) [INFO]:    [Frontend]:        [refreshLibrary] runner=all origin=push
(09:53:03) [WARNING]: refresh not implemented on Sideload Library Manager
(09:53:03) [INFO]:    [Legendary]:       Refreshing library...
(09:53:03) [INFO]:    [Steam]:           Steam: library refresh deferred until a deliberate Steam action — no keyring_get issued (trigger=startup)
(09:53:03) [INFO]:    [Backend]:         refreshLibrary complete runner=all managers=6
(09:53:03) [INFO]:    [Frontend]:        [BLANKPROBE] {"at":"t+1500ms","viewport":"1280x800 dpr=1","doc":"complete/visible/focus=true","body":{"tag":"body","rect":"0,0 1280.00x800.00","vis":"block/visible/1/auto","cls":"midnightMirage"},"root":{"tag":"div","rect":"0,0 1280.00x800.00","vis":"block/visible/1/visible","id":"root"},"appGrid":{"rows":"0px 42px 758px 0px","cols":"204px 1076px","height":"800px"},"level1":[{"self":{"tag":"div","rect":"0,0 1280.00x800.00","vis":"grid/visible/1/hidden","id":"app","cls":"App"},"level2":[{"tag":"header","rect":"0,0 1280.00x42.00","vis":"flex/visible/1/visible","cls":"NavShell__navbar"},{"tag":"aside","rect":"0,42 204.00x758.00","vis":"block/visible/1/hidden","cls":"NavShell__tier2"},{"tag":"main","rect":"204,42 1076.00x758.00","vis":"flex/visible/1/auto","cls":"content"},{"tag":"div","rect":"204,800 1076.00x0.00","vis":"block/visible/1/visible","cls":"controller"}]}],"centre":{"tag":"li","rect":"254,400 812.00x38.00","vis":"list-item/visible/1/visible"}}
(09:53:07) [INFO]:    [Backend]:         Starting the Download Queue
(09:53:08) [INFO]:    [Frontend]:        [BLANKPROBE] {"at":"t+6000ms","viewport":"1280x800 dpr=1","doc":"complete/visible/focus=true","body":{"tag":"body","rect":"0,0 1280.00x800.00","vis":"block/visible/1/auto","cls":"midnightMirage"},"root":{"tag":"div","rect":"0,0 1280.00x800.00","vis":"block/visible/1/visible","id":"root"},"appGrid":{"rows":"0px 42px 758px 0px","cols":"204px 1076px","height":"800px"},"level1":[{"self":{"tag":"div","rect":"0,0 1280.00x800.00","vis":"grid/visible/1/hidden","id":"app","cls":"App"},"level2":[{"tag":"header","rect":"0,0 1280.00x42.00","vis":"flex/visible/1/visible","cls":"NavShell__navbar"},{"tag":"aside","rect":"0,42 204.00x758.00","vis":"block/visible/1/hidden","cls":"NavShell__tier2"},{"tag":"main","rect":"204,42 1076.00x758.00","vis":"flex/visible/1/auto","cls":"content"},{"tag":"div","rect":"204,800 1076.00x0.00","vis":"block/visible/1/visible","cls":"controller"}]}],"centre":{"tag":"li","rect":"254,397 812.00x38.00","vis":"list-item/visible/1/visible"}}
