=== P1 pgrep before build ===
(exit 1)
=== GATE BUILD — 2026-09-11T04:38:49Z ===
=== HEAD d60fcc85c0da5567b0888bc83c67254f9ebc5814 branch fix/steam-native-install-stability ===
vite v6.3.5 building for production...
[prune-stale-helper-binaries] nothing to prune
transforming...
✓ 13153 modules transformed.
Export "install" of module "src/frontend/helpers/library.ts" was reexported through module "src/frontend/helpers/index.ts" while both modules are dependencies of each other and will end up in different chunks by current Rollup settings. This scenario is not well supported at the moment as it will produce a circular dependency between chunks and will likely lead to broken execution order.
Either change the import in "src/frontend/screens/Library/components/GameCard/index.tsx" to point directly to the exporting module or reconfigure "output.manualChunks" to ensure these modules end up in the same chunk.
Export "launch" of module "src/frontend/helpers/library.ts" was reexported through module "src/frontend/helpers/index.ts" while both modules are dependencies of each other and will end up in different chunks by current Rollup settings. This scenario is not well supported at the moment as it will produce a circular dependency between chunks and will likely lead to broken execution order.
Either change the import in "src/frontend/screens/Library/components/GameCard/index.tsx" to point directly to the exporting module or reconfigure "output.manualChunks" to ensure these modules end up in the same chunk.
Export "repair" of module "src/frontend/helpers/library.ts" was reexported through module "src/frontend/helpers/index.ts" while both modules are dependencies of each other and will end up in different chunks by current Rollup settings. This scenario is not well supported at the moment as it will produce a circular dependency between chunks and will likely lead to broken execution order.
Either change the import in "src/frontend/screens/Game/GameSubMenu/index.tsx" to point directly to the exporting module or reconfigure "output.manualChunks" to ensure these modules end up in the same chunk.
Export "install" of module "src/frontend/helpers/library.ts" was reexported through module "src/frontend/helpers/index.ts" while both modules are dependencies of each other and will end up in different chunks by current Rollup settings. This scenario is not well supported at the moment as it will produce a circular dependency between chunks and will likely lead to broken execution order.
Either change the import in "src/frontend/components/UI/DLCList/DLC/index.tsx" to point directly to the exporting module or reconfigure "output.manualChunks" to ensure these modules end up in the same chunk.
Export "launch" of module "src/frontend/helpers/library.ts" was reexported through module "src/frontend/helpers/index.ts" while both modules are dependencies of each other and will end up in different chunks by current Rollup settings. This scenario is not well supported at the moment as it will produce a circular dependency between chunks and will likely lead to broken execution order.
Either change the import in "src/frontend/screens/Game/GamePage/index.tsx" to point directly to the exporting module or reconfigure "output.manualChunks" to ensure these modules end up in the same chunk.
Export "updateGame" of module "src/frontend/helpers/library.ts" was reexported through module "src/frontend/helpers/index.ts" while both modules are dependencies of each other and will end up in different chunks by current Rollup settings. This scenario is not well supported at the moment as it will produce a circular dependency between chunks and will likely lead to broken execution order.
Either change the import in "src/frontend/screens/Game/GamePage/index.tsx" to point directly to the exporting module or reconfigure "output.manualChunks" to ensure these modules end up in the same chunk.
Export "launch" of module "src/frontend/helpers/library.ts" was reexported through module "src/frontend/helpers/index.ts" while both modules are dependencies of each other and will end up in different chunks by current Rollup settings. This scenario is not well supported at the moment as it will produce a circular dependency between chunks and will likely lead to broken execution order.
Either change the import in "src/frontend/screens/ConsoleMode/components/LaunchOverlay/index.tsx" to point directly to the exporting module or reconfigure "output.manualChunks" to ensure these modules end up in the same chunk.
Export "install" of module "src/frontend/helpers/library.ts" was reexported through module "src/frontend/helpers/index.ts" while both modules are dependencies of each other and will end up in different chunks by current Rollup settings. This scenario is not well supported at the moment as it will produce a circular dependency between chunks and will likely lead to broken execution order.
Either change the import in "src/frontend/screens/ConsoleMode/InstallOverlay/index.tsx" to point directly to the exporting module or reconfigure "output.manualChunks" to ensure these modules end up in the same chunk.
Export "updateGame" of module "src/frontend/helpers/library.ts" was reexported through module "src/frontend/helpers/index.ts" while both modules are dependencies of each other and will end up in different chunks by current Rollup settings. This scenario is not well supported at the moment as it will produce a circular dependency between chunks and will likely lead to broken execution order.
Either change the import in "src/frontend/screens/ConsoleMode/index.tsx" to point directly to the exporting module or reconfigure "output.manualChunks" to ensure these modules end up in the same chunk.
rendering chunks...
[plugin vite:reporter] 
(!) /Users/graysonmitchell/Projects/GameLib/src/frontend/screens/Settings/index.tsx is dynamically imported by /Users/graysonmitchell/Projects/GameLib/src/frontend/App.tsx but also statically imported by /Users/graysonmitchell/Projects/GameLib/src/frontend/screens/Settings/components/AdvertiseAvxForRosetta.tsx, /Users/graysonmitchell/Projects/GameLib/src/frontend/screens/Settings/components/AutoDXVK.tsx, /Users/graysonmitchell/Projects/GameLib/src/frontend/screens/Settings/components/AutoDXVKNVAPI.tsx, /Users/graysonmitchell/Projects/GameLib/src/frontend/screens/Settings/components/AutoVKD3D.tsx, /Users/graysonmitchell/Projects/GameLib/src/frontend/screens/Settings/components/CrossoverBottle.tsx, /Users/graysonmitchell/Projects/GameLib/src/frontend/screens/Settings/components/DisableUMU.tsx, /Users/graysonmitchell/Projects/GameLib/src/frontend/screens/Settings/components/EnableDXVKFpsLimit.tsx, /Users/graysonmitchell/Projects/GameLib/src/frontend/screens/Settings/components/EnableMsync.tsx, /Users/graysonmitchell/Projects/GameLib/src/frontend/screens/Settings/components/PreferSystemLibs.tsx, /Users/graysonmitchell/Projects/GameLib/src/frontend/screens/Settings/components/WinePrefix.tsx, /Users/graysonmitchell/Projects/GameLib/src/frontend/screens/Settings/components/WineVersionSelector.tsx, /Users/graysonmitchell/Projects/GameLib/src/frontend/screens/Settings/sections/GamesSettings/index.tsx, /Users/graysonmitchell/Projects/GameLib/src/frontend/screens/Settings/sections/SyncSaves/index.tsx, dynamic import will not move module into another chunk.

[plugin vite:reporter] 
(!) /Users/graysonmitchell/Projects/GameLib/src/frontend/screens/Login/index.tsx is dynamically imported by /Users/graysonmitchell/Projects/GameLib/src/frontend/App.tsx but also statically imported by /Users/graysonmitchell/Projects/GameLib/src/frontend/components/UI/HumbleExpiryToast/index.tsx, /Users/graysonmitchell/Projects/GameLib/src/frontend/screens/Humble/Keys/index.tsx, dynamic import will not move module into another chunk.

build/index.html                                               0.71 kB
build/assets/SteamDeck_X-DwNz7cO3.png                          4.22 kB
build/assets/Switch_Left_Stick-CWpl1pz1.png                    4.30 kB
build/assets/PS5_Square-MF_dhaoW.png                           4.32 kB
build/assets/SteamDeck_R1-BpoU8NKQ.png                         4.32 kB
build/assets/rubik-hebrew-400-normal-DNObuXye.woff2            4.40 kB
build/assets/PS4_Left_Stick-Cl1iGT5u.png                       4.43 kB
build/assets/PS5_Cross-nKvb2zFH.png                            4.54 kB
build/assets/PS4_Circle-D75wZQZ5.png                           4.56 kB
build/assets/PS4_Right_Stick-Ajpmj18o.png                      4.68 kB
build/assets/PS5_Triangle-D12MO93J.png                         4.72 kB
build/assets/PS5_Left_Stick-Boc4jN1F.png                       5.13 kB
build/assets/SteamDeck_Left_Stick-DJTqmJ0Q.png                 5.18 kB
build/assets/XboxSeriesX_Left_Stick-Cji4AZEG.png               5.20 kB
build/assets/PS5_Circle-DCilCbz_.png                           5.36 kB
build/assets/PS5_Right_Stick-H1EufGXy.png                      5.43 kB
build/assets/XboxSeriesX_Right_Stick-Bs9FE3IW.png              5.51 kB
build/assets/SteamDeck_Right_Stick-CHgGJqZU.png                5.62 kB
build/assets/rubik-cyrillic-ext-400-normal-B_ISZE4R.woff2      5.83 kB
build/assets/PS5_Dpad-CUUVZ112.png                             6.14 kB
build/assets/rubik-cyrillic-400-normal-CFCITy_P.woff2          7.30 kB
build/assets/cabin-latin-ext-400-normal-CrIKaydt.woff2         8.32 kB
build/assets/rubik-latin-ext-400-normal-BvADScal.woff2         8.93 kB
build/assets/cabin-latin-400-normal-Csq5M_Nd.woff2            15.48 kB
build/assets/rubik-latin-400-normal-CRbIWQXK.woff2            17.42 kB
build/assets/cabin-all-400-normal-DslYAS_m.woff               35.50 kB
build/assets/rubik-all-400-normal-LeYnpOeC.woff               51.78 kB
build/assets/gamelib_card-Bv2CpHlk.svg                        78.99 kB
build/assets/gamelib_card_missing-Bv06edlW.svg                79.11 kB
build/assets/login-background-1536x864-CfEy_sdA.jpg          254.88 kB
build/assets/gamelib-icon-B0ktIo4B.png                       667.34 kB
build/assets/NotoColorEmoji.subset-C9pS9TGB.ttf              847.88 kB
build/assets/index-BSLnMj59.css                                1.04 kB
build/assets/index-Bj7w1EBI.css                                1.61 kB
build/assets/index-lagMOwZj.css                                2.01 kB
build/assets/index-BiHDWGwU.css                                2.37 kB
build/assets/index-CAPgwDuK.css                                3.51 kB
build/assets/index-C2REhoER.css                                3.91 kB
build/assets/index-CqrVUnvK.css                                4.78 kB
build/assets/index-BOSkulJX.css                               10.57 kB
build/assets/index-B1DOP_Eq.css                               11.57 kB
build/assets/index-BQJrISzw.css                               17.14 kB
build/assets/index-Cy4k4YPO.css                               19.82 kB
build/assets/index-BrpVnAcJ.css                               27.65 kB
build/assets/App-Dua1VRYD.css                                 53.32 kB
build/assets/themeLabels-EpiVDjbk.css                         93.88 kB
build/assets/index-CS0_1Y2y.css                              122.23 kB
build/assets/tiny-invariant-BaFNuDhB.js                        0.08 kB
build/assets/ExpandMore-DZw8Rcp9.js                            0.16 kB
build/assets/play-icon-CPOulhvC.js                             0.32 kB
build/assets/stop-icon-tPrFIqCe.js                             0.44 kB
build/assets/index-Llx5B0dh.js                                 0.47 kB
build/assets/down-icon-DKtxAIu_.js                             0.53 kB
build/assets/viewFilters-ChHVqGLR.js                           0.60 kB
build/assets/gamelib_card_missing-Bq6X5oIy.js                  0.79 kB
build/assets/badges-DVSvgs9n.js                                1.16 kB
build/assets/index-DATGFwqF.js                                 2.23 kB
build/assets/hasStatus-DGvZCcd3.js                             3.79 kB
build/assets/index-DUoH6Gox.js                                 4.60 kB
build/assets/index-BvDSP3sc.js                                 5.81 kB
build/assets/index-DrT_5L5P.js                                 7.42 kB
build/assets/index-BQiTVy17.js                                10.42 kB
build/assets/index-CFKAs1_o.js                                12.23 kB
build/assets/index-DrByLGv9.js                                23.95 kB
build/assets/index-gC1CsK8u.js                                26.13 kB
build/assets/Tooltip-BkbJadB7.js                              33.17 kB
build/assets/index-O9n1mJf-.js                                55.65 kB
build/assets/index-DTAooZY9.js                                74.21 kB
build/assets/index-SuL7ncQS.js                                74.61 kB
build/assets/index-DuRUpaJN.js                               366.07 kB
build/assets/index-D_jGOZr4.js                               391.92 kB
build/assets/themeLabels-C4W0Q34S.js                         594.97 kB
build/assets/App-DWBS4bOk.js                               1,230.62 kB

(!) Some chunks are larger than 500 kB after minification. Consider:
- Using dynamic import() to code-split the application
- Use build.rollupOptions.output.manualChunks to improve chunking: https://rollupjs.org/configuration-options/#output-manualchunks
- Adjust chunk size limit for this warning via build.chunkSizeWarningLimit.
✓ built in 5.75s
[preserve-runner-symlinks] restored 12 symlink(s), skipped 0, rejected 0
[assemble-renderer-dist] assembled 73 bundle key(s) + static files into /Users/graysonmitchell/Projects/GameLib/build/renderer

> gamelib@0.7.0 build:sidecar-sea /Users/graysonmitchell/Projects/GameLib
> pnpm build:sidecar && node meta/runTs.cjs --bundle --platform=node --target=node22 meta/buildSidecarSea.ts


> gamelib@0.7.0 build:sidecar /Users/graysonmitchell/Projects/GameLib
> esbuild --bundle --platform=node --target=node22 --format=cjs --packages=external --outfile=build/main/sidecar.js src/sidecar/index.ts


  build/main/sidecar.js  1.3mb ⚠️

⚡ Done in 19ms

  ...5qx6zm74fqyjf22r0000gn/T/gamelib-runts-TyQcg2/buildSidecarSea.cjs  24.1kb

⚡ Done in 3ms
[build:sidecar-sea] decompress worker bundled and embedded as SEA asset "decompressWorker.js" -- consumed at runtime by DecompressPool via node:sea.getAsset().
[build:sidecar-sea] Resolved target triple: aarch64-apple-darwin (native build)
[build:sidecar-sea] native LZMA addon embedded as SEA asset "lzma_native.node" from node_modules/lzma-native/prebuilds/darwin-arm64/node.napi.node
[build:sidecar-sea] lzma-native resolved paths baked for the worker bundle (root=/Users/graysonmitchell/Projects/GameLib/node_modules/lzma-native)
SEA sidecar arch verified: arm64 (aarch64-apple-darwin)
SEA sidecar compiled -> src-tauri/binaries/gamelib-sidecar-aarch64-apple-darwin

> gamelib@0.7.0 build:decompress-worker-dev /Users/graysonmitchell/Projects/GameLib
> node meta/runTs.cjs --bundle --platform=node --target=node22 meta/buildDecompressWorkerDev.ts


  ...fqyjf22r0000gn/T/gamelib-runts-bkBbCh/buildDecompressWorkerDev.cjs  8.0kb

⚡ Done in 2ms
[build:decompress-worker-dev] esbuild-aliased worker bundle -> build/main/decompressWorker.js
        Info Looking up installed tauri packages to check mismatched versions...
   Compiling gamelib-shell v0.7.0 (/Users/graysonmitchell/Projects/GameLib/src-tauri)
    Finished `release` profile [optimized] target(s) in 47.32s
       Built application at: /Users/graysonmitchell/Projects/GameLib/src-tauri/target/release/gamelib-shell
    Bundling GameLib.app (/Users/graysonmitchell/Projects/GameLib/src-tauri/target/release/bundle/macos/GameLib.app)
    Bundling GameLib_0.7.0_aarch64.dmg (/Users/graysonmitchell/Projects/GameLib/src-tauri/target/release/bundle/dmg/GameLib_0.7.0_aarch64.dmg)
     Running bundle_dmg.sh
        Warn The bundler was configured to create updater artifacts but no updater-enabled targets were built. Please enable one of these targets: app, appimage, msi, nsis
    Cleaning /Users/graysonmitchell/Projects/GameLib/src-tauri/target/release/bundle/macos/GameLib.app
    Finished 1 bundle at:
        /Users/graysonmitchell/Projects/GameLib/src-tauri/target/release/bundle/dmg/GameLib_0.7.0_aarch64.dmg

=== GATE BUILD EXIT STATUS: 0 — 2026-09-11T04:40:26Z ===
=== P4 hash verify — 2026-09-11T04:40:43Z ===
92e31568753700a867b57b66cb274c96a4e89b2f23ee4cd7741cf46fbfff3d08  /tmp/gamelib-gate-20260911T043842Z/GameLib.app/Contents/MacOS/gamelib-shell
92e31568753700a867b57b66cb274c96a4e89b2f23ee4cd7741cf46fbfff3d08  src-tauri/target/release/gamelib-shell
=== PRE-LAUNCH LOG ARCHIVE — 2026-09-11T04:41:06Z ===
archived gamelib.log (    7260 bytes)
archived gamelib.log.old (    8389 bytes)
=== P1 re-assert immediately pre-launch ===
(zero instances)
=== GATE LAUNCH 1 — 2026-09-11T04:41:49Z ===
50567 /private/tmp/gamelib-gate-20260911T043842Z/GameLib.app/Contents/MacOS/gamelib-shell
=== LAUNCH 1 single-instance assertion — 2026-09-11T04:44:41Z ===
50567 /private/tmp/gamelib-gate-20260911T043842Z/GameLib.app/Contents/MacOS/gamelib-shell
--- count: 1 ---
=== FINDING: P5/P8 COLLISION — recorded 2026-09-11T04:46:45Z ===
bootstrap            16:41:52  /private/tmp/gamelib-gate-20260911T043842Z/GameLib.app (gate build)
refreshLibrary       16:41:52  runner=all origin=mount  <- GlobalState.componentDidMount(), GlobalState.tsx:1716, AUTOMATIC
Humble sync finished 16:42:06  gamekeys=33 fetched=5/5 frozen=28 ok=5 keysCached=33   (sync 1, automatic)
Humble sync finished 16:43:21  gamekeys=33 fetched=5/5 frozen=28 ok=5 keysCached=33   (sync 2, operator, P5-mandated)
Summary lines byte-identical; zero screenshots existed at either timestamp.
P5 mandates a UI-triggered sync; componentDidMount has always already run one => P8 ('exactly one sync') is unsatisfiable on ANY run of this contract.
P5 SATISFIED (populated, 33 keys). P8 violated as written, NO evidence harmed. No further syncs this session.
=== FINDING: item 2 'side-by-side pair' IS STRUCTURALLY UNREACHABLE — 2026-09-11T05:06:24Z ===
claimAction gate (Keys/index.tsx:421-423):  !key.ownedElsewhere && platform !== GENERIC && hasClaimEligibleState
giftAction  gate (Keys/index.tsx:446 -> viewFilters.ts:98-100):  key.ownedElsewhere && state === UNREVEALED
=> the two preconditions are MUTUALLY EXCLUSIVE on ownedElsewhere. No row can ever hold both actions.
=> scenario claim-and-gift renders at most ONE affordance; the button PAIR cannot render for any key, any library, any user.
43-UI-SPEC.md:313 row 2 specifies: not owned elsewhere + Pair(Activate|ClaimOnStore + GiftOnHumble), 'Side-by-side pair'. UNIMPLEMENTABLE as coded.
Operator observation 2026-09-11 independently corroborates: 5 shapes seen (revealed / gift-only / claim-only / settled / expired). NO button pair. Racine (gog_keyless, ownedElsewhere=false) is the sole claim-only row.
Cache cross-check: UNREVEALED && !ownedElsewhere = 2 (Racine gog_keyless; Alchemy VTT generic). Generic is excluded from claimAction by platform, so it renders NO control -> Racine is correctly the only claim-only row.
DISPOSITION: item 2 sub-check 'side-by-side pair' = NOT ATTEMPTABLE (structural, not library-specific). Contract Structural Reachability Review missed it: it tested shape reachability against THIS operator's library, never whether the pair was reachable for anyone.
88:104: execution error: System Events got an error: Can’t get process 1 whose name = "GameLib". Invalid index. (-1719)
=== CONTRACT DEFECT: protocol step 8's osascript names process "GameLib"; real name is "gamelib-shell" — command errors -1719 as written ===
--- window bounds (corrected command) ---
94:110: execution error: System Events got an error: Can’t get window 1 of process 1 whose name = "gamelib-shell". Invalid index. (-1719)
=== BLOCKED: no window to measure — 2026-09-11T05:25:04Z ===
pgrep: PID 50567 alive, /private/tmp/gamelib-gate-20260911T043842Z/GameLib.app (still the gate build)
AX: {count of windows, visible, frontmost} = {0, true, false}; 'name of every window' returns empty
full-screen capture confirms no GameLib window on screen
=> window CLOSED, process lingering. Zero geometry measurements taken so far; no evidence invalidated.
=== CONTRACT DEFECT 3: protocol step 8's osascript targets process name "GameLib"; the real AX process name is "gamelib-shell". As written the command errors -1719 for every operator on every run.
=== WINDOW REOPENED — 2026-09-11T05:26:24Z ===
--- pgrep (same PID 50567 = no relaunch, still launch ordinal 1) ---
50567 /private/tmp/gamelib-gate-20260911T043842Z/GameLib.app/Contents/MacOS/gamelib-shell
--- instance count ---
1
--- AX ---
0, true, false
--- bounds ---
94:110: execution error: System Events got an error: Can’t get window 1 of process 1 whose name = "gamelib-shell". Invalid index. (-1719)
=== REQ-43-19 MEASUREMENTS, LAUNCH 1 — 2026-09-11T05:36:56Z ===
capture: capture-1-columns.png 2940x1846, window 1470x923 pts, SCALE=2.0000 exact
METHOD DEVIATION (declared): x-coords and RGB read programmatically from the PNG (upng-js) instead of Preview.app drag + Digital Color Meter. Same pixels, same thresholds, re-verifiable from the saved capture.

TRACK MODEL (derived from measured content edges, confirmed 3 independent ways):
  TYPE 220.0 -> 324.0 CSS px (104.0 = 6.5rem)   gap 16
  GAME 340.0 -> 1108.0 (768.0)                  gap 16
  KEY  1124.0 -> 1444.0 (320.0 = 20rem)
  confirmations: header label centres measured 271.5/723.75/1284.0 vs track centres 272.0/724.0/1284.0

ITEM 1 TYPE width header vs rows: data content left edge 220.0 on ALL 8 rows, spread 0.0. PASS (thr +/-2)
ITEM 2 KEY width across shapes:  content left edge 1124.0 on ALL 8 rows, spread 0.0. PASS for the 4 shapes present.
   full-width button  Hard West 2 / CryoFall / Racine   1124.0..1443.5 (319.5 wide)
   bare text+link     Californium / Darkest Dungeon / FRONTIERS  1124.0..1329.0
   bare text no ctrl  Crusader Kings III                 1124.0..1256.5
   text + button      Dex: Enhanced Version              1124.0..1256.5
   side-by-side pair  NOT ATTEMPTABLE (structural; fix 2c68c17fe not in this build)
   Pitfall-C caption  NOT OBSERVED in this viewport
ITEM 3 GAME: column left edge FIXED (TYPE 220.0 and KEY 1124.0 both spread 0.0 => track boundaries do not move). PASS on the property.
   BUT the contract's literal metric, title-TEXT left edge, spreads 84.0 CSS px (618.5..702.5) => FAIL as written.
   CAUSE: titles are CENTRED. All 8 title centres 723.5..724.0 vs track centre 724.0 (spread 0.5).
   SOURCE: .App { text-align: center } App.css:24, inherited. .humbleKeyColumnCell defends with align-items:flex-start; .humbleKeyGameCell has no defence.
   wrap-not-overflow: NOT MEASURED (no title in this viewport is long enough to wrap)
   no-logo + UNPICKED rows: NOT SAMPLED (not in this viewport)
ITEM 4 separator: 9 seams, each exactly 2 device px = 1.0 CSS px, x 420..2887 uniform.
   seam RGB [128,128,128] vs neighbours +/-3 CSS px [~20,22,41]; max channel delta 108-109. PASS (thr >=3)
   absent-after-last-row: NOT MEASURABLE (list scrolled; last row off-screen)
ITEM 5 logo: 19.0 x 19.0 CSS px on 7 of 8 rows (Racine 19.0 x 17.5, different SVG). Target 19.2 +/-2 => PASS
   top-edge vs title: deltas -1.5..-3.5 CSS px. INCONCLUSIVE, NOT scored FAIL: the metric compares an icon BOX top to a glyph INK top, which are different datums; ~2-3px is the expected internal-leading gap for 16px/1.2.
ITEM 6 logo colour dark theme: dominant [177,177,177] == --text-secondary #b1b1b1 (themes.scss:3) EXACT. PASS
   light theme: NOT MEASURED (needs a UI theme switch)
ITEM 7 controls row left edge 220.5 vs row-list left edge 220.0 => 0.5 spread. PASS
   header-vs-data column BOUNDARIES agree exactly; header LABELS are centred while data content is left-aligned (same App.css:24 cause).

=== LAUNCH 1, CAPTURE 2 (burst-4..7 identical), LIGHT THEME, SCROLLED TO END — 2026-09-11T05:47:31Z ===
NOTE: operator switched theme between captures; light-theme frame arrived unannounced, which is why it also serves item 6's light half.
bg=[237,239,244]; 10 separators; 10 row bands; window 1470x923, SCALE 2.0

ITEM 3 (no-logo + long title, NOW SAMPLED):
  band 8 = generic 'The Roleplaying Game Complete Collection for Alchemy VTT - $18 Tier'
    TYPE renders the TEXT 'Other' at left edge 220.5 vs 220.0 on the 9 logo rows => spread 0.5. PASS (thr +/-2)
    GAME title spans 486.0..961.5 = 475.5 CSS px inside a 768.0 track => NO OVERFLOW
    WRAP still NOT EXERCISED: no title in the library is long enough to need a second line
  KEY left edge 1124.0 on ALL 10 bands, spread 0.0
  GAME title left edges 486.0..702.5 => spread 216.5; CENTRES 723.3..724.0 => spread 0.7. Centring reconfirmed over a 3x wider title-length range.

ITEM 4 LIGHT THEME — THE SEPARATOR IS EFFECTIVELY INVISIBLE:
  10 seams, each exactly 1.0 CSS px tall, full width. seam [238,240,245] vs neighbours [237,239,244].
  max channel delta = 2 on 7 of 8 sampled seams, 3 on one. THRESHOLD IS >=3 => FAIL in light theme.
  Same separator in DARK theme measured delta 108-109. Dark PASS, light FAIL.
  ABSENCE-AFTER-LAST-ROW: no separator below the final row (same >90%-span criterion that found all 10). PASS,
    but WEAK EVIDENCE in light theme, where a present separator is only delta 2 above noise. Re-run in DARK to make it discriminating.

ITEM 6 LIGHT THEME — SPLIT RESULT, ONE REAL DEFECT:
  Steam logo [57,59,64] == --text-secondary #393b41 [57,59,65] (themes.scss:367), and == the caption text colour. PASS
  GOG logo (Racine) [33,36,43] != --text-secondary. FAIL
  CAUSE: src/frontend/styles/_colors.scss:101 '.gogIcon { fill: var(--text-default) }'. gog-logo.svg's root carries class=gogIcon,
    so that rule matches the <svg> DIRECTLY and beats the 'fill: currentColor' that .humbleKeyRowStoreLogo (index.css:376) only
    passes down by INHERITANCE. A directly-matching declaration always wins over an inherited one. The GOG logo therefore never
    resolves through currentColor at all -- it is not mis-tinted, it is on a different mechanism.
  Dark theme Steam logo measured [177,177,177] == --text-secondary #b1b1b1 => Steam PASSES BOTH themes, satisfying item 6's
    'at least two themes, at least one dark' for the Steam logo only.

ITEM 5 addendum: GOG logo measures 19.0 x 17.5 CSS px vs Steam 19.0 x 19.0 (target 19.2).
  FULLY EXPLAINED: gog-logo.svg viewBox is '0 0 34 31' (non-square) with preserveAspectRatio='xMidYMax meet' inside a 19.2 square box;
  19.2 * 31/34 = 17.5 EXACTLY as measured. Within +/-2 so it passes, but the cause is recorded rather than left as noise.

gog-logo.svg is additionally MALFORMED: a <symbol> nested inside the <use> that references it, and className= (a React attribute,
  not valid SVG) instead of class= on its path. Not the colour cause -- .gogIcon is -- but it is on the same asset.

=== LAUNCH 1, CAPTURE 3, DARK THEME #2, SCROLLED TO END — 2026-09-11T05:52:22Z ===
bg=[26,28,33] -- a DIFFERENT dark theme from capture 1's [20,23,41]. Operator changed theme twice during the session.
ITEM 4 PRESENCE: 10 separators, heights 1.0-1.5 CSS px, min channel delta across 5 x-samples = 11..19. Threshold >=3. PASS
ITEM 4 ABSENCE AFTER LAST ROW: last separator ends y=1663, last content ink y=1780, then 32.5 CSS px of clear space.
  Same >90%-span criterion that found all 10 separators finds NONE below the last row.
  Max channel delta anywhere below the last row (4 x-samples) = 2, threshold for absence <3. PASS -- and DISCRIMINATING,
  because in this theme a PRESENT separator measures 11-19, so 2 is a real negative rather than the light theme's noise floor.

SEPARATOR VISIBILITY VARIES BY THEME, MEASURED: dark#1 [20,23,41] delta 108 | dark#2 [26,28,33] delta 11-19 | light [237,239,244] delta 2 (FAIL).
  One CSS declaration, three renderings, one of them below the contract's own legibility threshold.

=== CLOSING INVENTORY — 2026-09-11T05:54:11Z ===
--- zero-length files ---
   ZERO: /tmp/gamelib-gate-20260911T043842Z/GameLib.app/Contents/Resources/build/bin/arm64/darwin/nile/_internal/certifi/py.typed
   ZERO: /tmp/gamelib-gate-20260911T043842Z/GameLib.app/Contents/Resources/build/bin/arm64/darwin/legendary/_internal/legendary_gl-0.21.0.dist-info/REQUESTED
   ZERO: /tmp/gamelib-gate-20260911T043842Z/GameLib.app/Contents/Resources/build/bin/arm64/darwin/legendary/_internal/certifi/py.typed
   ZERO: /tmp/gamelib-gate-20260911T043842Z/GameLib.app/Contents/Resources/build/bin/arm64/darwin/gogdl/_internal/certifi/py.typed
   (none listed above = no zero-length evidence files)
--- inventory ---
drwxr-xr-x@ 26 graysonmitchell  wheel      832 Sep 11 17:51 .
drwxrwxrwt  24 root             wheel      768 Sep 11 17:54 ..
drwxr-xr-x@  3 graysonmitchell  staff       96 Sep 11 16:39 GameLib.app
-rw-r--r--@  1 graysonmitchell  wheel  1134832 Sep 11 17:39 burst-1.png
-rw-r--r--@  1 graysonmitchell  wheel  1184884 Sep 11 17:39 burst-2.png
-rw-r--r--@  1 graysonmitchell  wheel  1193585 Sep 11 17:39 burst-3.png
-rw-r--r--@  1 graysonmitchell  wheel   481682 Sep 11 17:41 burst-4-small.png
-rw-r--r--@  1 graysonmitchell  wheel   879137 Sep 11 17:40 burst-4.png
-rw-r--r--@  1 graysonmitchell  wheel   879137 Sep 11 17:40 burst-5.png
-rw-r--r--@  1 graysonmitchell  wheel   879137 Sep 11 17:40 burst-6.png
-rw-r--r--@  1 graysonmitchell  wheel   879137 Sep 11 17:40 burst-7.png
-rw-r--r--@  1 graysonmitchell  wheel  1043955 Sep 11 17:28 capture-1-columns.png
-rw-r--r--@  1 graysonmitchell  wheel   519921 Sep 11 17:28 capture-1-small.png
-rw-r--r--@  1 graysonmitchell  wheel  1127255 Sep 11 17:39 capture-2-bottom.png
-rw-r--r--@  1 graysonmitchell  wheel   662236 Sep 11 17:39 capture-2-small.png
-rw-r--r--@  1 graysonmitchell  wheel   881884 Sep 11 17:51 capture-3-dark-bottom.png
-rw-r--r--@  1 graysonmitchell  wheel   489221 Sep 11 17:51 capture-3-small.png
-rw-r--r--@  1 graysonmitchell  wheel     3172 Sep 11 17:36 measurements-raw.txt
-rw-r--r--@  1 graysonmitchell  wheel     7260 Sep 11 16:41 prelaunch-gamelib.log
-rw-r--r--@  1 graysonmitchell  wheel     8389 Sep 11 16:41 prelaunch-gamelib.log.old
-rw-r--r--@  1 graysonmitchell  wheel   754751 Sep 11 17:24 probe-fullscreen-small.png
-rw-r--r--@  1 graysonmitchell  wheel  1155122 Sep 11 17:24 probe-fullscreen.png
-rw-r--r--@  1 graysonmitchell  wheel  1170388 Sep 11 17:26 probe2-fullscreen.png
-rw-r--r--@  1 graysonmitchell  wheel   771673 Sep 11 17:26 probe2-small.png
-rw-r--r--@  1 graysonmitchell  wheel    28536 Sep 11 17:54 terminal.log
-rw-r--r--@  1 graysonmitchell  wheel     7059 Sep 11 17:52 verdict-notes.txt
--- instance count (app still RUNNING; not quit) ---
1
