(11:28:30) [INFO]:    [Backend]:         [bootstrap] appRoot resolved=/Users/graysonmitchell/Projects/GameLib source=GAMELIB_APP_ROOT
(11:28:30) [INFO]:    [Backend]:         [bootstrap] publicDir resolved=/Users/graysonmitchell/Projects/GameLib/public exists=true
(11:28:30) [INFO]:    [Backend]:         [bootstrap] runner binary legendary path=/Users/graysonmitchell/Projects/GameLib/public/bin/arm64/darwin/legendary exists=true
(11:28:30) [INFO]:    [Backend]:         [bootstrap] runner binary gogdl path=/Users/graysonmitchell/Projects/GameLib/public/bin/arm64/darwin/gogdl exists=true
(11:28:30) [INFO]:    [Backend]:         [bootstrap] GAMELIB_SHELL_EXE received=/Users/graysonmitchell/Projects/GameLib/src-tauri/target/debug/gamelib-shell
(11:28:30) [INFO]:    [Backend]:         [bootstrap] runner binary nile path=/Users/graysonmitchell/Projects/GameLib/public/bin/arm64/darwin/nile exists=true
(11:28:30) [INFO]:    [Steam]:           Steam TokenStore implementation set to DevVaultTokenStore
(11:28:30) [INFO]:    [Backend]:         [bootstrap] runner binary comet path=/Users/graysonmitchell/Projects/GameLib/public/bin/arm64/darwin/comet exists=true
(11:28:30) [WARNING]: [Backend]:         [dev-secret-vault] INSTALLED — secrets are stored in PLAINTEXT at /var/folders/bn/m7q59n8x5qx6zm74fqyjf22r0000gn/T/gamelib-dev-secret-vault.json — NEVER use in production
(11:28:30) [INFO]:    [Backend]:         [bootstrap] secret stores: dev-vault
(11:28:30) [INFO]:    [Connection]:      Pinging external endpoints
(11:28:30) [INFO]:    [Connection]:      Connectivity: check-online
(11:28:30) [INFO]:    [DownloadManager]: sidecar: boot-time download-queue auto-resume (main.ts:579-only, startup-flagged initQueue call) is deliberately disabled (D-05) — a persisted queue head stays resumable via the Resume button, never auto-started on sidecar boot
(11:28:30) [INFO]:    [Frontend]:        [refreshLibrary] runner=all origin=mount
(11:28:30) [WARNING]: refresh not implemented on Sideload Library Manager
(11:28:30) [INFO]:    [Legendary]:       Refreshing library...
(11:28:30) [WARNING]: [Backend]:         [dev-secret-vault] read key=steam-refresh-token
(11:28:31) [INFO]:    [Connection]:      Connectivity: online
(11:28:31) [DEBUG]:   [Backend]:         Releases info ready, checking wine releases
(11:28:31) [DEBUG]:   [Backend]:         Releases info ready, checking anticheat data
(11:28:31) [DEBUG]:   [Backend]:         AreWeAnticheatYet data did not change. Skipping.
(11:28:32) [INFO]:    [Steam]:           [Timing] SteamUser.loggedOn: cellID=22 publicIP=222.153.200.36
(11:28:32) [WARNING]: [Steam]:           Steam client error, username unavailable: Error: LogonSessionReplaced
    at SteamUser._handleLogOff (/Users/graysonmitchell/Projects/GameLib/node_modules/steam-user/components/09-logon.js:656:12)
    at SteamUser.<anonymous> (/Users/graysonmitchell/Projects/GameLib/node_modules/steam-user/components/09-logon.js:871:7)
    at /Users/graysonmitchell/Projects/GameLib/node_modules/steam-user/components/classes/HandlerManager.js:35:12
    at Array.forEach (<anonymous>)
    at HandlerManager.emit (/Users/graysonmitchell/Projects/GameLib/node_modules/steam-user/components/classes/HandlerManager.js:34:12)
    at SteamUser._handleMessage (/Users/graysonmitchell/Projects/GameLib/node_modules/steam-user/components/03-messages.js:645:25)
    at SteamUser._handleNetMessage (/Users/graysonmitchell/Projects/GameLib/node_modules/steam-user/components/03-messages.js:565:8)
    at SteamUser._processMulti (/Users/graysonmitchell/Projects/GameLib/node_modules/steam-user/components/03-messages.js:697:9)
(11:28:32) [INFO]:    [Steam]:           [Timing] SteamUser.ensureConnected: cold-connect path took 1831ms
(11:28:33) [INFO]:    [Steam]:           Steam: fetched 378 owned games
(11:28:33) [INFO]:    [Steam]:           Steam library sync complete: 378 games
(11:28:33) [INFO]:    [Backend]:         refreshLibrary complete runner=all managers=6
(11:28:33) [INFO]:    [Frontend]:        [handleGamePush/steam] app_name=220 is_installed=false is_delisted=false matchedIndex=-1 beforeLen=0
(11:28:33) [INFO]:    [Frontend]:        [handleGamePush/steam] app_name=400 is_installed=false is_delisted=false matchedIndex=-1 beforeLen=3
(11:28:33) [INFO]:    [Frontend]:        [handleGamePush/steam] app_name=320 is_installed=false is_delisted=false matchedIndex=-1 beforeLen=1
(11:28:33) [INFO]:    [Frontend]:        [handleGamePush/steam] app_name=360 is_installed=false is_delisted=false matchedIndex=-1 beforeLen=2
(11:28:33) [INFO]:    [Frontend]:        [handleGamePush/steam] app_name=620 is_installed=false is_delisted=false matchedIndex=-1 beforeLen=4
(11:28:33) [INFO]:    [Frontend]:        [handleGamePush/steam] app_name=3170 is_installed=false is_delisted=false matchedIndex=-1 beforeLen=6
(11:28:33) [INFO]:    [Frontend]:        [handleGamePush/steam] app_name=6310 is_installed=false is_delisted=false matchedIndex=-1 beforeLen=8
(11:28:33) [INFO]:    [Frontend]:        [handleGamePush/steam] app_name=6300 is_installed=false is_delisted=false matchedIndex=-1 beforeLen=7
(11:28:33) [INFO]:    [Frontend]:        [handleGamePush/steam] app_name=1930 is_installed=false is_delisted=false matchedIndex=-1 beforeLen=5
(11:28:33) [INFO]:    [Frontend]:        [handleGamePush/steam] app_name=7520 is_installed=false is_delisted=false matchedIndex=-1 beforeLen=9
(11:28:33) [INFO]:    [Frontend]:        [handleGamePush/steam] app_name=8870 is_installed=true is_delisted=false matchedIndex=-1 beforeLen=10
(11:28:33) [INFO]:    [Frontend]:        [handleGamePush/steam] app_name=8930 is_installed=true is_delisted=false matchedIndex=-1 beforeLen=11
(11:28:33) [INFO]:    [Frontend]:        [handleGamePush/steam] app_name=12320 is_installed=false is_delisted=false matchedIndex=-1 beforeLen=14
(11:28:33) [INFO]:    [Frontend]:        [handleGamePush/steam] app_name=9900 is_installed=false is_delisted=false matchedIndex=-1 beforeLen=13
(11:28:33) [INFO]:    [Frontend]:        [handleGamePush/steam] app_name=15930 is_installed=false is_delisted=false matchedIndex=-1 beforeLen=15
(11:28:33) [INFO]:    [Frontend]:        [handleGamePush/steam] app_name=16720 is_installed=false is_delisted=false matchedIndex=-1 beforeLen=16
(11:28:33) [INFO]:    [Frontend]:        [handleGamePush/steam] app_name=17460 is_installed=false is_delisted=false matchedIndex=-1 beforeLen=17
(11:28:33) [INFO]:    [Frontend]:        [handleGamePush/steam] app_name=8980 is_installed=false is_delisted=false matchedIndex=-1 beforeLen=12
(11:28:33) [INFO]:    [Frontend]:        [handleGamePush/steam] app_name=17710 is_installed=false is_delisted=false matchedIndex=-1 beforeLen=18
(11:28:33) [INFO]:    [Frontend]:        [handleGamePush/steam] app_name=20900 is_installed=false is_delisted=false matchedIndex=-1 beforeLen=19
(11:28:33) [INFO]:    [Frontend]:        [handleGamePush/steam] app_name=20920 is_installed=false is_delisted=false matchedIndex=-1 beforeLen=20
(11:28:33) [INFO]:    [Frontend]:        [handleGamePush/steam] app_name=22000 is_installed=false is_delisted=false matchedIndex=-1 beforeLen=21
(11:28:33) [INFO]:    [Frontend]:        [handleGamePush/steam] app_name=22320 is_installed=false is_delisted=false matchedIndex=-1 beforeLen=22
(11:28:33) [INFO]:    [Frontend]:        [handleGamePush/steam] app_name=22330 is_installed=false is_delisted=false matchedIndex=-1 beforeLen=23
(11:28:33) [INFO]:    [Frontend]:        [handleGamePush/steam] app_name=22370 is_installed=false is_delisted=false matchedIndex=-1 beforeLen=24
(11:28:33) [INFO]:    [Frontend]:        [handleGamePush/steam] app_name=22380 is_installed=false is_delisted=false matchedIndex=-1 beforeLen=25
(11:28:33) [INFO]:    [Frontend]:        [handleGamePush/steam] app_name=24980 is_installed=false is_delisted=false matchedIndex=-1 beforeLen=26
(11:28:33) [INFO]:    [Frontend]:        [handleGamePush/steam] app_name=25600 is_installed=false is_delisted=false matchedIndex=-1 beforeLen=27
(11:28:33) [INFO]:    [Frontend]:        [handleGamePush/steam] app_name=25620 is_installed=false is_delisted=false matchedIndex=-1 beforeLen=28
(11:28:33) [INFO]:    [Frontend]:        [handleGamePush/steam] app_name=25900 is_installed=false is_delisted=false matchedIndex=-1 beforeLen=29
(11:28:33) [INFO]:    [Frontend]:        [handleGamePush/steam] app_name=28050 is_installed=false is_delisted=true matchedIndex=-1 beforeLen=30
(11:28:33) [INFO]:    [Frontend]:        [handleGamePush/steam] app_name=33230 is_installed=false is_delisted=false matchedIndex=-1 beforeLen=31
(11:28:33) [INFO]:    [Frontend]:        [handleGamePush/steam] app_name=35700 is_installed=false is_delisted=false matchedIndex=-1 beforeLen=32
(11:28:33) [INFO]:    [Frontend]:        [handleGamePush/steam] app_name=35720 is_installed=true is_delisted=false matchedIndex=-1 beforeLen=33
(11:28:33) [INFO]:    [Frontend]:        [handleGamePush/steam] app_name=38400 is_installed=false is_delisted=false matchedIndex=-1 beforeLen=34
(11:28:33) [INFO]:    [Frontend]:        [handleGamePush/steam] app_name=38410 is_installed=false is_delisted=false matchedIndex=-1 beforeLen=35
(11:28:33) [INFO]:    [Frontend]:        [handleGamePush/steam] app_name=38420 is_installed=false is_delisted=false matchedIndex=-1 beforeLen=36
(11:28:33) [INFO]:    [Frontend]:        [handleGamePush/steam] app_name=39540 is_installed=false is_delisted=false matchedIndex=-1 beforeLen=37
(11:28:33) [INFO]:    [Frontend]:        [handleGamePush/steam] app_name=41070 is_installed=false is_delisted=false matchedIndex=-1 beforeLen=39
(11:28:33) [INFO]:    [Frontend]:        [handleGamePush/steam] app_name=40700 is_installed=false is_delisted=false matchedIndex=-1 beforeLen=38
(11:28:33) [INFO]:    [Frontend]:        [handleGamePush/steam] app_name=41500 is_installed=false is_delisted=false matchedIndex=-1 beforeLen=40
(11:28:33) [INFO]:    [Frontend]:        [handleGamePush/steam] app_name=41900 is_installed=false is_delisted=false matchedIndex=-1 beforeLen=41
(11:28:33) [INFO]:    [Frontend]:        [handleGamePush/steam] app_name=43110 is_installed=false is_delisted=false matchedIndex=-1 beforeLen=42
(11:28:33) [INFO]:    [Frontend]:        [handleGamePush/steam] app_name=43160 is_installed=false is_delisted=true matchedIndex=-1 beforeLen=43
(11:28:33) [INFO]:    [Frontend]:        [handleGamePush/steam] app_name=46410 is_installed=false is_delisted=false matchedIndex=-1 beforeLen=44
(11:28:33) [INFO]:    [Frontend]:        [handleGamePush/steam] app_name=47400 is_installed=false is_delisted=false matchedIndex=-1 beforeLen=45
(11:28:33) [INFO]:    [Frontend]:        [handleGamePush/steam] app_name=48000 is_installed=false is_delisted=false matchedIndex=-1 beforeLen=46
(11:28:33) [INFO]:    [Frontend]:        [handleGamePush/steam] app_name=49520 is_installed=false is_delisted=false matchedIndex=-1 beforeLen=47
(11:28:33) [INFO]:    [Frontend]:        [handleGamePush/steam] app_name=50650 is_installed=false is_delisted=false matchedIndex=-1 beforeLen=48
(11:28:33) [INFO]:    [Frontend]:        [handleGamePush/steam] app_name=57300 is_installed=true is_delisted=false matchedIndex=-1 beforeLen=49
(11:28:33) [INFO]:    [Frontend]:        [handleGamePush/steam] app_name=63000 is_installed=true is_delisted=false matchedIndex=-1 beforeLen=50
(11:28:33) [INFO]:    [Frontend]:        [handleGamePush/steam] app_name=72200 is_installed=false is_delisted=false matchedIndex=-1 beforeLen=52
(11:28:33) [INFO]:    [Frontend]:        [handleGamePush/steam] app_name=65980 is_installed=false is_delisted=false matchedIndex=-1 beforeLen=51
(11:28:33) [INFO]:    [Frontend]:        [handleGamePush/steam] app_name=72850 is_installed=false is_delisted=false matchedIndex=-1 beforeLen=53
(11:28:33) [INFO]:    [Frontend]:        [handleGamePush/steam] app_name=73010 is_installed=true is_delisted=false matchedIndex=-1 beforeLen=54
(11:28:33) [INFO]:    [Frontend]:        [handleGamePush/steam] app_name=91310 is_installed=true is_delisted=true matchedIndex=-1 beforeLen=55
(11:28:33) [INFO]:    [Frontend]:        [handleGamePush/steam] app_name=91700 is_installed=false is_delisted=false matchedIndex=-1 beforeLen=56
(11:28:33) [INFO]:    [Frontend]:        [handleGamePush/steam] app_name=97000 is_installed=false is_delisted=false matchedIndex=-1 beforeLen=57
(11:28:33) [INFO]:    [Frontend]:        [handleGamePush/steam] app_name=98200 is_installed=false is_delisted=false matchedIndex=-1 beforeLen=58
(11:28:33) [INFO]:    [Frontend]:        [handleGamePush/steam] app_name=98800 is_installed=false is_delisted=false matchedIndex=-1 beforeLen=59
(11:28:33) [INFO]:    [Frontend]:        [handleGamePush/steam] app_name=105600 is_installed=false is_delisted=false matchedIndex=-1 beforeLen=60
(11:28:33) [INFO]:    [Frontend]:        [handleGamePush/steam] app_name=108600 is_installed=false is_delisted=false matchedIndex=-1 beforeLen=62
(11:28:33) [INFO]:    [Frontend]:        [handleGamePush/steam] app_name=107100 is_installed=true is_delisted=false matchedIndex=-1 beforeLen=61
(11:28:33) [INFO]:    [Frontend]:        [handleGamePush/steam] app_name=112100 is_installed=false is_delisted=false matchedIndex=-1 beforeLen=63
(11:28:33) [INFO]:    [Frontend]:        [handleGamePush/steam] app_name=113200 is_installed=false is_delisted=false matchedIndex=-1 beforeLen=64
(11:28:33) [INFO]:    [Frontend]:        [handleGamePush/steam] app_name=200260 is_installed=false is_delisted=false matchedIndex=-1 beforeLen=65
(11:28:33) [INFO]:    [Frontend]:        [handleGamePush/steam] app_name=200510 is_installed=false is_delisted=false matchedIndex=-1 beforeLen=66
(11:28:33) [INFO]:    [Frontend]:        [handleGamePush/steam] app_name=200710 is_installed=false is_delisted=false matchedIndex=-1 beforeLen=67
(11:28:33) [INFO]:    [Frontend]:        [handleGamePush/steam] app_name=203140 is_installed=false is_delisted=false matchedIndex=-1 beforeLen=68
(11:28:33) [INFO]:    [Frontend]:        [handleGamePush/steam] app_name=203160 is_installed=false is_delisted=false matchedIndex=-1 beforeLen=69
(11:28:33) [INFO]:    [Frontend]:        [handleGamePush/steam] app_name=203770 is_installed=false is_delisted=false matchedIndex=-1 beforeLen=70
(11:28:33) [INFO]:    [Frontend]:        [handleGamePush/steam] app_name=203830 is_installed=false is_delisted=false matchedIndex=-1 beforeLen=71
(11:28:33) [INFO]:    [Frontend]:        [handleGamePush/steam] app_name=204100 is_installed=false is_delisted=false matchedIndex=-1 beforeLen=72
(11:28:33) [INFO]:    [Frontend]:        [handleGamePush/steam] app_name=205930 is_installed=false is_delisted=true matchedIndex=-1 beforeLen=73
(11:28:33) [INFO]:    [Frontend]:        [handleGamePush/steam] app_name=206060 is_installed=true is_delisted=false matchedIndex=-1 beforeLen=76
(11:28:33) [INFO]:    [Frontend]:        [handleGamePush/steam] app_name=206040 is_installed=true is_delisted=false matchedIndex=-1 beforeLen=75
(11:28:33) [INFO]:    [Frontend]:        [handleGamePush/steam] app_name=207170 is_installed=false is_delisted=false matchedIndex=-1 beforeLen=77
(11:28:33) [INFO]:    [Frontend]:        [handleGamePush/steam] app_name=207610 is_installed=false is_delisted=false matchedIndex=-1 beforeLen=78
(11:28:33) [INFO]:    [Frontend]:        [handleGamePush/steam] app_name=208400 is_installed=false is_delisted=false matchedIndex=-1 beforeLen=80
(11:28:33) [INFO]:    [Frontend]:        [handleGamePush/steam] app_name=208520 is_installed=false is_delisted=false matchedIndex=-1 beforeLen=81
(11:28:33) [INFO]:    [Frontend]:        [handleGamePush/steam] app_name=211420 is_installed=false is_delisted=false matchedIndex=-1 beforeLen=82
(11:28:33) [INFO]:    [Frontend]:        [handleGamePush/steam] app_name=211820 is_installed=false is_delisted=false matchedIndex=-1 beforeLen=83
(11:28:33) [INFO]:    [Frontend]:        [handleGamePush/steam] app_name=211900 is_installed=false is_delisted=false matchedIndex=-1 beforeLen=84
(11:28:33) [INFO]:    [Frontend]:        [handleGamePush/steam] app_name=208140 is_installed=false is_delisted=false matchedIndex=-1 beforeLen=79
(11:28:33) [INFO]:    [Frontend]:        [handleGamePush/steam] app_name=212680 is_installed=false is_delisted=false matchedIndex=-1 beforeLen=85
(11:28:33) [INFO]:    [Frontend]:        [handleGamePush/steam] app_name=214340 is_installed=false is_delisted=false matchedIndex=-1 beforeLen=86
(11:28:33) [INFO]:    [Frontend]:        [handleGamePush/steam] app_name=215530 is_installed=false is_delisted=false matchedIndex=-1 beforeLen=88
(11:28:33) [INFO]:    [Frontend]:        [handleGamePush/steam] app_name=215160 is_installed=false is_delisted=false matchedIndex=-1 beforeLen=87
(11:28:33) [INFO]:    [Frontend]:        [handleGamePush/steam] app_name=206020 is_installed=true is_delisted=false matchedIndex=-1 beforeLen=74
(11:28:33) [INFO]:    [Frontend]:        [handleGamePush/steam] app_name=218130 is_installed=false is_delisted=true matchedIndex=-1 beforeLen=90
(11:28:33) [INFO]:    [Frontend]:        [handleGamePush/steam] app_name=218410 is_installed=false is_delisted=false matchedIndex=-1 beforeLen=91
(11:28:33) [INFO]:    [Frontend]:        [handleGamePush/steam] app_name=219990 is_installed=false is_delisted=false matchedIndex=-1 beforeLen=93
(11:28:33) [INFO]:    [Frontend]:        [handleGamePush/steam] app_name=223390 is_installed=false is_delisted=true matchedIndex=-1 beforeLen=94
(11:28:33) [INFO]:    [Frontend]:        [handleGamePush/steam] app_name=219780 is_installed=false is_delisted=false matchedIndex=-1 beforeLen=92
(11:28:33) [INFO]:    [Frontend]:        [handleGamePush/steam] app_name=226840 is_installed=true is_delisted=false matchedIndex=-1 beforeLen=95
(11:28:33) [INFO]:    [Frontend]:        [handleGamePush/steam] app_name=216390 is_installed=false is_delisted=true matchedIndex=-1 beforeLen=89
(11:28:33) [INFO]:    [Frontend]:        [handleGamePush/steam] app_name=226860 is_installed=false is_delisted=false matchedIndex=-1 beforeLen=96
(11:28:33) [INFO]:    [Frontend]:        [handleGamePush/steam] app_name=228280 is_installed=false is_delisted=false matchedIndex=-1 beforeLen=97
(11:28:33) [INFO]:    [Frontend]:        [handleGamePush/steam] app_name=230070 is_installed=false is_delisted=false matchedIndex=-1 beforeLen=98
(11:28:33) [INFO]:    [Frontend]:        [handleGamePush/steam] app_name=230230 is_installed=false is_delisted=false matchedIndex=-1 beforeLen=99
(11:28:33) [INFO]:    [Frontend]:        [handleGamePush/steam] app_name=232750 is_installed=false is_delisted=false matchedIndex=-1 beforeLen=100
(11:28:33) [INFO]:    [Frontend]:        [handleGamePush/steam] app_name=233310 is_installed=false is_delisted=false matchedIndex=-1 beforeLen=101
(11:28:33) [INFO]:    [Frontend]:        [handleGamePush/steam] app_name=233860 is_installed=false is_delisted=false matchedIndex=-1 beforeLen=102
(11:28:33) [INFO]:    [Frontend]:        [handleGamePush/steam] app_name=234650 is_installed=false is_delisted=false matchedIndex=-1 beforeLen=103
(11:28:33) [INFO]:    [Frontend]:        [handleGamePush/steam] app_name=237430 is_installed=false is_delisted=false matchedIndex=-1 beforeLen=104
(11:28:33) [INFO]:    [Frontend]:        [handleGamePush/steam] app_name=237990 is_installed=false is_delisted=false matchedIndex=-1 beforeLen=105
(11:28:33) [INFO]:    [Frontend]:        [handleGamePush/steam] app_name=238320 is_installed=false is_delisted=false matchedIndex=-1 beforeLen=106
(11:28:33) [INFO]:    [Frontend]:        [handleGamePush/steam] app_name=241600 is_installed=false is_delisted=false matchedIndex=-1 beforeLen=110
(11:28:33) [INFO]:    [Frontend]:        [handleGamePush/steam] app_name=239160 is_installed=false is_delisted=false matchedIndex=-1 beforeLen=108
(11:28:33) [INFO]:    [Frontend]:        [handleGamePush/steam] app_name=242760 is_installed=false is_delisted=false matchedIndex=-1 beforeLen=113
(11:28:33) [INFO]:    [Frontend]:        [handleGamePush/steam] app_name=238750 is_installed=false is_delisted=false matchedIndex=-1 beforeLen=107
(11:28:33) [INFO]:    [Frontend]:        [handleGamePush/steam] app_name=243970 is_installed=false is_delisted=false matchedIndex=-1 beforeLen=114
(11:28:33) [INFO]:    [Frontend]:        [handleGamePush/steam] app_name=245430 is_installed=false is_delisted=false matchedIndex=-1 beforeLen=116
(11:28:33) [INFO]:    [Frontend]:        [handleGamePush/steam] app_name=242640 is_installed=false is_delisted=false matchedIndex=-1 beforeLen=112
(11:28:33) [INFO]:    [Frontend]:        [handleGamePush/steam] app_name=240760 is_installed=false is_delisted=false matchedIndex=-1 beforeLen=109
(11:28:33) [INFO]:    [Frontend]:        [handleGamePush/steam] app_name=246760 is_installed=false is_delisted=false matchedIndex=-1 beforeLen=118
(11:28:33) [INFO]:    [Frontend]:        [handleGamePush/steam] app_name=248390 is_installed=false is_delisted=false matchedIndex=-1 beforeLen=119
(11:28:33) [INFO]:    [Frontend]:        [handleGamePush/steam] app_name=248410 is_installed=false is_delisted=false matchedIndex=-1 beforeLen=120
(11:28:33) [INFO]:    [Frontend]:        [handleGamePush/steam] app_name=241930 is_installed=false is_delisted=false matchedIndex=-1 beforeLen=111
(11:28:33) [INFO]:    [Frontend]:        [handleGamePush/steam] app_name=249050 is_installed=false is_delisted=false matchedIndex=-1 beforeLen=121
(11:28:33) [INFO]:    [Frontend]:        [handleGamePush/steam] app_name=250320 is_installed=false is_delisted=false matchedIndex=-1 beforeLen=123
(11:28:33) [INFO]:    [Frontend]:        [handleGamePush/steam] app_name=251570 is_installed=true is_delisted=false matchedIndex=-1 beforeLen=124
(11:28:33) [INFO]:    [Frontend]:        [handleGamePush/steam] app_name=251730 is_installed=false is_delisted=false matchedIndex=-1 beforeLen=125
(11:28:33) [INFO]:    [Frontend]:        [handleGamePush/steam] app_name=252410 is_installed=false is_delisted=false matchedIndex=-1 beforeLen=126
(11:28:33) [INFO]:    [Frontend]:        [handleGamePush/steam] app_name=252490 is_installed=false is_delisted=false matchedIndex=-1 beforeLen=127
(11:28:33) [INFO]:    [Frontend]:        [handleGamePush/steam] app_name=256290 is_installed=false is_delisted=false matchedIndex=-1 beforeLen=128
(11:28:33) [INFO]:    [Frontend]:        [handleGamePush/steam] app_name=257350 is_installed=true is_delisted=false matchedIndex=-1 beforeLen=129
(11:28:33) [INFO]:    [Frontend]:        [handleGamePush/steam] app_name=246110 is_installed=false is_delisted=false matchedIndex=-1 beforeLen=117
(11:28:33) [INFO]:    [Frontend]:        [handleGamePush/steam] app_name=245410 is_installed=false is_delisted=false matchedIndex=-1 beforeLen=115
(11:28:33) [INFO]:    [Frontend]:        [handleGamePush/steam] app_name=258970 is_installed=false is_delisted=false matchedIndex=-1 beforeLen=130
(11:28:33) [INFO]:    [Frontend]:        [handleGamePush/steam] app_name=259130 is_installed=false is_delisted=false matchedIndex=-1 beforeLen=132
(11:28:33) [INFO]:    [Frontend]:        [handleGamePush/steam] app_name=259060 is_installed=false is_delisted=false matchedIndex=-1 beforeLen=131
(11:28:33) [INFO]:    [Frontend]:        [handleGamePush/steam] app_name=259680 is_installed=false is_delisted=false matchedIndex=-1 beforeLen=133
(11:28:33) [INFO]:    [Frontend]:        [handleGamePush/steam] app_name=261030 is_installed=false is_delisted=false matchedIndex=-1 beforeLen=134
(11:28:33) [INFO]:    [Frontend]:        [handleGamePush/steam] app_name=262060 is_installed=false is_delisted=false matchedIndex=-1 beforeLen=135
(11:28:33) [INFO]:    [Frontend]:        [handleGamePush/steam] app_name=264160 is_installed=false is_delisted=false matchedIndex=-1 beforeLen=136
(11:28:33) [INFO]:    [Frontend]:        [handleGamePush/steam] app_name=249650 is_installed=false is_delisted=false matchedIndex=-1 beforeLen=122
(11:28:33) [INFO]:    [Frontend]:        [handleGamePush/steam] app_name=265970 is_installed=false is_delisted=false matchedIndex=-1 beforeLen=137
(11:28:33) [INFO]:    [Frontend]:        [handleGamePush/steam] app_name=268500 is_installed=false is_delisted=false matchedIndex=-1 beforeLen=138
(11:28:33) [INFO]:    [Frontend]:        [handleGamePush/steam] app_name=268870 is_installed=false is_delisted=false matchedIndex=-1 beforeLen=139
(11:28:33) [INFO]:    [Frontend]:        [handleGamePush/steam] app_name=270050 is_installed=false is_delisted=false matchedIndex=-1 beforeLen=140
(11:28:33) [INFO]:    [Frontend]:        [handleGamePush/steam] app_name=271240 is_installed=false is_delisted=false matchedIndex=-1 beforeLen=141
(11:28:33) [INFO]:    [Frontend]:        [handleGamePush/steam] app_name=272270 is_installed=false is_delisted=false matchedIndex=-1 beforeLen=142
(11:28:33) [INFO]:    [Frontend]:        [handleGamePush/steam] app_name=273070 is_installed=false is_delisted=false matchedIndex=-1 beforeLen=143
(11:28:33) [INFO]:    [Frontend]:        [handleGamePush/steam] app_name=274520 is_installed=false is_delisted=false matchedIndex=-1 beforeLen=144
(11:28:33) [INFO]:    [Frontend]:        [handleGamePush/steam] app_name=275850 is_installed=false is_delisted=false matchedIndex=-1 beforeLen=145
(11:28:33) [INFO]:    [Frontend]:        [handleGamePush/steam] app_name=281990 is_installed=false is_delisted=false matchedIndex=-1 beforeLen=146
(11:28:33) [INFO]:    [Frontend]:        [handleGamePush/steam] app_name=289070 is_installed=true is_delisted=false matchedIndex=-1 beforeLen=148
(11:28:33) [INFO]:    [Frontend]:        [handleGamePush/steam] app_name=288120 is_installed=false is_delisted=false matchedIndex=-1 beforeLen=147
(11:28:33) [INFO]:    [Frontend]:        [handleGamePush/steam] app_name=289130 is_installed=false is_delisted=false matchedIndex=-1 beforeLen=149
(11:28:33) [INFO]:    [Frontend]:        [handleGamePush/steam] app_name=290300 is_installed=false is_delisted=false matchedIndex=-1 beforeLen=150
(11:28:33) [INFO]:    [Frontend]:        [handleGamePush/steam] app_name=291190 is_installed=false is_delisted=false matchedIndex=-1 beforeLen=151
(11:28:33) [INFO]:    [Frontend]:        [handleGamePush/steam] app_name=291650 is_installed=true is_delisted=false matchedIndex=-1 beforeLen=152
(11:28:33) [INFO]:    [Frontend]:        [handleGamePush/steam] app_name=292030 is_installed=false is_delisted=false matchedIndex=-1 beforeLen=153
(11:28:33) [INFO]:    [Frontend]:        [handleGamePush/steam] app_name=293480 is_installed=false is_delisted=false matchedIndex=-1 beforeLen=154
(11:28:33) [INFO]:    [Frontend]:        [handleGamePush/steam] app_name=294100 is_installed=false is_delisted=false matchedIndex=-1 beforeLen=155
(11:28:33) [INFO]:    [Frontend]:        [handleGamePush/steam] app_name=296570 is_installed=false is_delisted=false matchedIndex=-1 beforeLen=156
(11:28:33) [INFO]:    [Frontend]:        [handleGamePush/steam] app_name=300550 is_installed=false is_delisted=false matchedIndex=-1 beforeLen=157
(11:28:33) [INFO]:    [Frontend]:        [handleGamePush/steam] app_name=301860 is_installed=false is_delisted=false matchedIndex=-1 beforeLen=158
(11:28:33) [INFO]:    [Frontend]:        [handleGamePush/steam] app_name=302510 is_installed=false is_delisted=false matchedIndex=-1 beforeLen=159
(11:28:33) [INFO]:    [Frontend]:        [handleGamePush/steam] app_name=305640 is_installed=false is_delisted=false matchedIndex=-1 beforeLen=160
(11:28:33) [INFO]:    [Frontend]:        [handleGamePush/steam] app_name=307670 is_installed=false is_delisted=false matchedIndex=-1 beforeLen=161
(11:28:33) [INFO]:    [Frontend]:        [handleGamePush/steam] app_name=311290 is_installed=false is_delisted=false matchedIndex=-1 beforeLen=163
(11:28:33) [INFO]:    [Frontend]:        [handleGamePush/steam] app_name=319630 is_installed=false is_delisted=false matchedIndex=-1 beforeLen=164
(11:28:33) [INFO]:    [Frontend]:        [handleGamePush/steam] app_name=308420 is_installed=false is_delisted=false matchedIndex=-1 beforeLen=162
(11:28:33) [INFO]:    [Frontend]:        [handleGamePush/steam] app_name=321800 is_installed=false is_delisted=false matchedIndex=-1 beforeLen=165
(11:28:33) [INFO]:    [Frontend]:        [handleGamePush/steam] app_name=322330 is_installed=false is_delisted=false matchedIndex=-1 beforeLen=166
(11:28:33) [INFO]:    [Frontend]:        [handleGamePush/steam] app_name=323190 is_installed=false is_delisted=false matchedIndex=-1 beforeLen=167
(11:28:33) [INFO]:    [Frontend]:        [handleGamePush/steam] app_name=333300 is_installed=false is_delisted=false matchedIndex=-1 beforeLen=168
(11:28:33) [INFO]:    [Frontend]:        [handleGamePush/steam] app_name=335120 is_installed=false is_delisted=false matchedIndex=-1 beforeLen=169
(11:28:33) [INFO]:    [Frontend]:        [handleGamePush/steam] app_name=335620 is_installed=false is_delisted=false matchedIndex=-1 beforeLen=170
(11:28:33) [INFO]:    [Frontend]:        [handleGamePush/steam] app_name=337850 is_installed=false is_delisted=false matchedIndex=-1 beforeLen=171
(11:28:33) [INFO]:    [Frontend]:        [handleGamePush/steam] app_name=345180 is_installed=false is_delisted=false matchedIndex=-1 beforeLen=172
(11:28:33) [INFO]:    [Frontend]:        [handleGamePush/steam] app_name=346110 is_installed=false is_delisted=false matchedIndex=-1 beforeLen=173
(11:28:33) [INFO]:    [Frontend]:        [handleGamePush/steam] app_name=346940 is_installed=false is_delisted=false matchedIndex=-1 beforeLen=174
(11:28:33) [INFO]:    [Frontend]:        [handleGamePush/steam] app_name=356040 is_installed=false is_delisted=false matchedIndex=-1 beforeLen=175
(11:28:33) [INFO]:    [Frontend]:        [handleGamePush/steam] app_name=362960 is_installed=false is_delisted=false matchedIndex=-1 beforeLen=176
(11:28:33) [INFO]:    [Frontend]:        [handleGamePush/steam] app_name=365360 is_installed=false is_delisted=false matchedIndex=-1 beforeLen=177
(11:28:33) [INFO]:    [Frontend]:        [handleGamePush/steam] app_name=367500 is_installed=false is_delisted=false matchedIndex=-1 beforeLen=178
(11:28:33) [INFO]:    [Frontend]:        [handleGamePush/steam] app_name=367540 is_installed=false is_delisted=true matchedIndex=-1 beforeLen=179
(11:28:33) [INFO]:    [Frontend]:        [handleGamePush/steam] app_name=368250 is_installed=false is_delisted=false matchedIndex=-1 beforeLen=180
(11:28:33) [INFO]:    [Frontend]:        [handleGamePush/steam] app_name=373420 is_installed=false is_delisted=false matchedIndex=-1 beforeLen=181
(11:28:33) [INFO]:    [Frontend]:        [handleGamePush/steam] app_name=377160 is_installed=false is_delisted=false matchedIndex=-1 beforeLen=182
(11:28:33) [INFO]:    [Frontend]:        [handleGamePush/steam] app_name=379430 is_installed=false is_delisted=false matchedIndex=-1 beforeLen=183
(11:28:33) [INFO]:    [Frontend]:        [handleGamePush/steam] app_name=380150 is_installed=false is_delisted=false matchedIndex=-1 beforeLen=184
(11:28:33) [INFO]:    [Frontend]:        [handleGamePush/steam] app_name=391220 is_installed=false is_delisted=false matchedIndex=-1 beforeLen=185
(11:28:33) [INFO]:    [Frontend]:        [handleGamePush/steam] app_name=392110 is_installed=false is_delisted=false matchedIndex=-1 beforeLen=186
(11:28:33) [INFO]:    [Frontend]:        [handleGamePush/steam] app_name=395420 is_installed=false is_delisted=false matchedIndex=-1 beforeLen=187
(11:28:33) [INFO]:    [Frontend]:        [handleGamePush/steam] app_name=402060 is_installed=false is_delisted=false matchedIndex=-1 beforeLen=188
(11:28:33) [INFO]:    [Frontend]:        [handleGamePush/steam] app_name=403950 is_installed=false is_delisted=false matchedIndex=-1 beforeLen=189
(11:28:33) [INFO]:    [Frontend]:        [handleGamePush/steam] app_name=404730 is_installed=false is_delisted=false matchedIndex=-1 beforeLen=190
(11:28:33) [INFO]:    [Frontend]:        [handleGamePush/steam] app_name=407530 is_installed=false is_delisted=false matchedIndex=-1 beforeLen=191
(11:28:33) [INFO]:    [Frontend]:        [handleGamePush/steam] app_name=409450 is_installed=false is_delisted=false matchedIndex=-1 beforeLen=192
(11:28:33) [INFO]:    [Frontend]:        [handleGamePush/steam] app_name=411300 is_installed=false is_delisted=false matchedIndex=-1 beforeLen=193
(11:28:33) [INFO]:    [Frontend]:        [handleGamePush/steam] app_name=412020 is_installed=false is_delisted=false matchedIndex=-1 beforeLen=194
(11:28:33) [INFO]:    [Frontend]:        [handleGamePush/steam] app_name=414340 is_installed=false is_delisted=false matchedIndex=-1 beforeLen=195
(11:28:33) [INFO]:    [Frontend]:        [handleGamePush/steam] app_name=424250 is_installed=false is_delisted=false matchedIndex=-1 beforeLen=196
(11:28:33) [INFO]:    [Frontend]:        [handleGamePush/steam] app_name=427290 is_installed=false is_delisted=false matchedIndex=-1 beforeLen=197
(11:28:33) [INFO]:    [Frontend]:        [handleGamePush/steam] app_name=427410 is_installed=false is_delisted=false matchedIndex=-1 beforeLen=198
(11:28:33) [INFO]:    [Frontend]:        [handleGamePush/steam] app_name=427520 is_installed=false is_delisted=false matchedIndex=-1 beforeLen=199
(11:28:33) [INFO]:    [Frontend]:        [handleGamePush/steam] app_name=428880 is_installed=false is_delisted=false matchedIndex=-1 beforeLen=200
(11:28:33) [INFO]:    [Frontend]:        [handleGamePush/steam] app_name=435150 is_installed=false is_delisted=false matchedIndex=-1 beforeLen=201
(11:28:33) [INFO]:    [Frontend]:        [handleGamePush/steam] app_name=445190 is_installed=false is_delisted=false matchedIndex=-1 beforeLen=202
(11:28:33) [INFO]:    [Frontend]:        [handleGamePush/steam] app_name=449300 is_installed=false is_delisted=false matchedIndex=-1 beforeLen=203
(11:28:33) [INFO]:    [Frontend]:        [handleGamePush/steam] app_name=466300 is_installed=false is_delisted=false matchedIndex=-1 beforeLen=204
(11:28:33) [INFO]:    [Frontend]:        [handleGamePush/steam] app_name=466560 is_installed=false is_delisted=false matchedIndex=-1 beforeLen=205
(11:28:33) [INFO]:    [Frontend]:        [handleGamePush/steam] app_name=471010 is_installed=false is_delisted=false matchedIndex=-1 beforeLen=206
(11:28:33) [INFO]:    [Frontend]:        [handleGamePush/steam] app_name=489830 is_installed=false is_delisted=false matchedIndex=-1 beforeLen=207
(11:28:33) [INFO]:    [Frontend]:        [handleGamePush/steam] app_name=495420 is_installed=false is_delisted=false matchedIndex=-1 beforeLen=208
(11:28:33) [INFO]:    [Frontend]:        [handleGamePush/steam] app_name=518790 is_installed=false is_delisted=false matchedIndex=-1 beforeLen=209
(11:28:33) [INFO]:    [Frontend]:        [handleGamePush/steam] app_name=529340 is_installed=false is_delisted=false matchedIndex=-1 beforeLen=211
(11:28:33) [INFO]:    [Frontend]:        [handleGamePush/steam] app_name=530890 is_installed=false is_delisted=false matchedIndex=-1 beforeLen=212
(11:28:33) [INFO]:    [Frontend]:        [handleGamePush/steam] app_name=552500 is_installed=false is_delisted=false matchedIndex=-1 beforeLen=213
(11:28:33) [INFO]:    [Frontend]:        [handleGamePush/steam] app_name=552620 is_installed=false is_delisted=false matchedIndex=-1 beforeLen=214
(11:28:33) [INFO]:    [Frontend]:        [handleGamePush/steam] app_name=564310 is_installed=false is_delisted=false matchedIndex=-1 beforeLen=216
(11:28:33) [INFO]:    [Frontend]:        [handleGamePush/steam] app_name=560130 is_installed=false is_delisted=false matchedIndex=-1 beforeLen=215
(11:28:33) [INFO]:    [Frontend]:        [handleGamePush/steam] app_name=571310 is_installed=false is_delisted=false matchedIndex=-1 beforeLen=218
(11:28:33) [INFO]:    [Frontend]:        [handleGamePush/steam] app_name=566090 is_installed=false is_delisted=false matchedIndex=-1 beforeLen=217
(11:28:33) [INFO]:    [Frontend]:        [handleGamePush/steam] app_name=526160 is_installed=false is_delisted=false matchedIndex=-1 beforeLen=210
(11:28:33) [INFO]:    [Frontend]:        [handleGamePush/steam] app_name=576770 is_installed=false is_delisted=false matchedIndex=-1 beforeLen=219
(11:28:33) [INFO]:    [Frontend]:        [handleGamePush/steam] app_name=582010 is_installed=false is_delisted=false matchedIndex=-1 beforeLen=220
(11:28:33) [INFO]:    [Frontend]:        [handleGamePush/steam] app_name=593280 is_installed=false is_delisted=false matchedIndex=-1 beforeLen=222
(11:28:33) [INFO]:    [Frontend]:        [handleGamePush/steam] app_name=592260 is_installed=false is_delisted=false matchedIndex=-1 beforeLen=221
(11:28:33) [INFO]:    [Frontend]:        [handleGamePush/steam] app_name=596970 is_installed=false is_delisted=false matchedIndex=-1 beforeLen=224
(11:28:33) [INFO]:    [Frontend]:        [handleGamePush/steam] app_name=594650 is_installed=false is_delisted=false matchedIndex=-1 beforeLen=223
(11:28:33) [INFO]:    [Frontend]:        [handleGamePush/steam] app_name=597180 is_installed=false is_delisted=false matchedIndex=-1 beforeLen=225
(11:28:33) [INFO]:    [Frontend]:        [handleGamePush/steam] app_name=606880 is_installed=false is_delisted=false matchedIndex=-1 beforeLen=226
(11:28:33) [INFO]:    [Frontend]:        [handleGamePush/steam] app_name=610370 is_installed=false is_delisted=false matchedIndex=-1 beforeLen=227
(11:28:33) [INFO]:    [Frontend]:        [handleGamePush/steam] app_name=617480 is_installed=false is_delisted=false matchedIndex=-1 beforeLen=228
(11:28:33) [INFO]:    [Frontend]:        [handleGamePush/steam] app_name=625960 is_installed=false is_delisted=false matchedIndex=-1 beforeLen=229
(11:28:33) [INFO]:    [Frontend]:        [handleGamePush/steam] app_name=629690 is_installed=false is_delisted=false matchedIndex=-1 beforeLen=230
(11:28:33) [INFO]:    [Frontend]:        [handleGamePush/steam] app_name=637090 is_installed=false is_delisted=false matchedIndex=-1 beforeLen=232
(11:28:33) [INFO]:    [Frontend]:        [handleGamePush/steam] app_name=640820 is_installed=false is_delisted=false matchedIndex=-1 beforeLen=233
(11:28:33) [INFO]:    [Frontend]:        [handleGamePush/steam] app_name=648410 is_installed=false is_delisted=false matchedIndex=-1 beforeLen=234
(11:28:33) [INFO]:    [Frontend]:        [handleGamePush/steam] app_name=632470 is_installed=false is_delisted=false matchedIndex=-1 beforeLen=231
(11:28:33) [INFO]:    [Frontend]:        [handleGamePush/steam] app_name=648800 is_installed=false is_delisted=false matchedIndex=-1 beforeLen=235
(11:28:33) [INFO]:    [Frontend]:        [handleGamePush/steam] app_name=650940 is_installed=false is_delisted=false matchedIndex=-1 beforeLen=236
(11:28:33) [INFO]:    [Frontend]:        [handleGamePush/steam] app_name=687800 is_installed=false is_delisted=false matchedIndex=-1 beforeLen=237
(11:28:33) [INFO]:    [Frontend]:        [handleGamePush/steam] app_name=695100 is_installed=false is_delisted=false matchedIndex=-1 beforeLen=238
(11:28:33) [INFO]:    [Frontend]:        [handleGamePush/steam] app_name=700580 is_installed=false is_delisted=true matchedIndex=-1 beforeLen=239
(11:28:33) [INFO]:    [Frontend]:        [handleGamePush/steam] app_name=704450 is_installed=false is_delisted=false matchedIndex=-1 beforeLen=240
(11:28:33) [INFO]:    [Frontend]:        [handleGamePush/steam] app_name=718850 is_installed=true is_delisted=false matchedIndex=-1 beforeLen=241
(11:28:33) [INFO]:    [Frontend]:        [handleGamePush/steam] app_name=719040 is_installed=true is_delisted=false matchedIndex=-1 beforeLen=242
(11:28:33) [INFO]:    [Frontend]:        [handleGamePush/steam] app_name=729040 is_installed=false is_delisted=false matchedIndex=-1 beforeLen=243
(11:28:33) [INFO]:    [Frontend]:        [handleGamePush/steam] app_name=736820 is_installed=false is_delisted=false matchedIndex=-1 beforeLen=244
(11:28:33) [INFO]:    [Frontend]:        [handleGamePush/steam] app_name=747350 is_installed=false is_delisted=false matchedIndex=-1 beforeLen=245
(11:28:33) [INFO]:    [Frontend]:        [handleGamePush/steam] app_name=752590 is_installed=false is_delisted=false matchedIndex=-1 beforeLen=246
(11:28:33) [INFO]:    [Frontend]:        [handleGamePush/steam] app_name=760060 is_installed=false is_delisted=false matchedIndex=-1 beforeLen=247
(11:28:33) [INFO]:    [Frontend]:        [handleGamePush/steam] app_name=763890 is_installed=false is_delisted=false matchedIndex=-1 beforeLen=248
(11:28:33) [INFO]:    [Frontend]:        [handleGamePush/steam] app_name=768200 is_installed=false is_delisted=false matchedIndex=-1 beforeLen=249
(11:28:33) [INFO]:    [Frontend]:        [handleGamePush/steam] app_name=770720 is_installed=false is_delisted=false matchedIndex=-1 beforeLen=250
(11:28:33) [INFO]:    [Frontend]:        [handleGamePush/steam] app_name=779290 is_installed=false is_delisted=false matchedIndex=-1 beforeLen=251
(11:28:33) [INFO]:    [Frontend]:        [handleGamePush/steam] app_name=794260 is_installed=false is_delisted=false matchedIndex=-1 beforeLen=252
(11:28:33) [INFO]:    [Frontend]:        [handleGamePush/steam] app_name=801800 is_installed=false is_delisted=false matchedIndex=-1 beforeLen=253
(11:28:33) [INFO]:    [Frontend]:        [handleGamePush/steam] app_name=810040 is_installed=false is_delisted=false matchedIndex=-1 beforeLen=254
(11:28:33) [INFO]:    [Frontend]:        [handleGamePush/steam] app_name=811320 is_installed=false is_delisted=false matchedIndex=-1 beforeLen=255
(11:28:33) [INFO]:    [Frontend]:        [handleGamePush/steam] app_name=815370 is_installed=false is_delisted=false matchedIndex=-1 beforeLen=256
(11:28:33) [INFO]:    [Frontend]:        [handleGamePush/steam] app_name=843260 is_installed=false is_delisted=false matchedIndex=-1 beforeLen=259
(11:28:33) [INFO]:    [Frontend]:        [handleGamePush/steam] app_name=829590 is_installed=false is_delisted=false matchedIndex=-1 beforeLen=258
(11:28:33) [INFO]:    [Frontend]:        [handleGamePush/steam] app_name=858820 is_installed=false is_delisted=false matchedIndex=-1 beforeLen=260
(11:28:33) [INFO]:    [Frontend]:        [handleGamePush/steam] app_name=817540 is_installed=false is_delisted=false matchedIndex=-1 beforeLen=257
(11:28:33) [INFO]:    [Frontend]:        [handleGamePush/steam] app_name=882100 is_installed=false is_delisted=false matchedIndex=-1 beforeLen=261
(11:28:33) [INFO]:    [Frontend]:        [handleGamePush/steam] app_name=892970 is_installed=false is_delisted=false matchedIndex=-1 beforeLen=262
(11:28:33) [INFO]:    [Frontend]:        [handleGamePush/steam] app_name=909660 is_installed=false is_delisted=false matchedIndex=-1 beforeLen=263
(11:28:33) [INFO]:    [Frontend]:        [handleGamePush/steam] app_name=916440 is_installed=false is_delisted=false matchedIndex=-1 beforeLen=264
(11:28:33) [INFO]:    [Frontend]:        [handleGamePush/steam] app_name=952060 is_installed=false is_delisted=false matchedIndex=-1 beforeLen=267
(11:28:33) [INFO]:    [Frontend]:        [handleGamePush/steam] app_name=921800 is_installed=false is_delisted=false matchedIndex=-1 beforeLen=265
(11:28:33) [INFO]:    [Frontend]:        [handleGamePush/steam] app_name=951430 is_installed=false is_delisted=false matchedIndex=-1 beforeLen=266
(11:28:33) [INFO]:    [Frontend]:        [handleGamePush/steam] app_name=952070 is_installed=false is_delisted=false matchedIndex=-1 beforeLen=268
(11:28:33) [INFO]:    [Frontend]:        [handleGamePush/steam] app_name=954650 is_installed=false is_delisted=false matchedIndex=-1 beforeLen=269
(11:28:33) [INFO]:    [Frontend]:        [handleGamePush/steam] app_name=962130 is_installed=false is_delisted=false matchedIndex=-1 beforeLen=270
(11:28:33) [INFO]:    [Frontend]:        [handleGamePush/steam] app_name=970830 is_installed=false is_delisted=false matchedIndex=-1 beforeLen=271
(11:28:33) [INFO]:    [Frontend]:        [handleGamePush/steam] app_name=990080 is_installed=true is_delisted=false matchedIndex=-1 beforeLen=272
(11:28:33) [INFO]:    [Frontend]:        [handleGamePush/steam] app_name=1044720 is_installed=false is_delisted=false matchedIndex=-1 beforeLen=273
(11:28:33) [INFO]:    [Frontend]:        [handleGamePush/steam] app_name=1062520 is_installed=false is_delisted=false matchedIndex=-1 beforeLen=274
(11:28:33) [INFO]:    [Frontend]:        [handleGamePush/steam] app_name=1084600 is_installed=false is_delisted=false matchedIndex=-1 beforeLen=275
(11:28:33) [INFO]:    [Frontend]:        [handleGamePush/steam] app_name=1086940 is_installed=true is_delisted=false matchedIndex=-1 beforeLen=276
(11:28:33) [INFO]:    [Frontend]:        [handleGamePush/steam] app_name=1088850 is_installed=false is_delisted=false matchedIndex=-1 beforeLen=277
(11:28:33) [INFO]:    [Frontend]:        [handleGamePush/steam] app_name=1091500 is_installed=true is_delisted=false matchedIndex=-1 beforeLen=278
(11:28:33) [INFO]:    [Frontend]:        [handleGamePush/steam] app_name=1096530 is_installed=false is_delisted=false matchedIndex=-1 beforeLen=280
(11:28:33) [INFO]:    [Frontend]:        [handleGamePush/steam] app_name=1091980 is_installed=false is_delisted=false matchedIndex=-1 beforeLen=279
(11:28:33) [INFO]:    [Frontend]:        [handleGamePush/steam] app_name=1119730 is_installed=false is_delisted=false matchedIndex=-1 beforeLen=281
(11:28:33) [INFO]:    [Frontend]:        [handleGamePush/steam] app_name=1129580 is_installed=false is_delisted=false matchedIndex=-1 beforeLen=283
(11:28:33) [INFO]:    [Frontend]:        [handleGamePush/steam] app_name=1124300 is_installed=false is_delisted=false matchedIndex=-1 beforeLen=282
(11:28:33) [INFO]:    [Frontend]:        [handleGamePush/steam] app_name=1142710 is_installed=false is_delisted=false matchedIndex=-1 beforeLen=285
(11:28:33) [INFO]:    [Frontend]:        [handleGamePush/steam] app_name=1139940 is_installed=false is_delisted=false matchedIndex=-1 beforeLen=284
(11:28:33) [INFO]:    [Frontend]:        [handleGamePush/steam] app_name=1158310 is_installed=false is_delisted=false matchedIndex=-1 beforeLen=287
(11:28:33) [INFO]:    [Frontend]:        [handleGamePush/steam] app_name=1151340 is_installed=false is_delisted=false matchedIndex=-1 beforeLen=286
(11:28:33) [INFO]:    [Frontend]:        [handleGamePush/steam] app_name=1169040 is_installed=false is_delisted=false matchedIndex=-1 beforeLen=290
(11:28:33) [INFO]:    [Frontend]:        [handleGamePush/steam] app_name=1167950 is_installed=false is_delisted=false matchedIndex=-1 beforeLen=289
(11:28:33) [INFO]:    [Frontend]:        [handleGamePush/steam] app_name=1167750 is_installed=false is_delisted=false matchedIndex=-1 beforeLen=288
(11:28:33) [INFO]:    [Frontend]:        [handleGamePush/steam] app_name=1174180 is_installed=false is_delisted=false matchedIndex=-1 beforeLen=291
(11:28:33) [INFO]:    [Frontend]:        [handleGamePush/steam] app_name=1179210 is_installed=false is_delisted=false matchedIndex=-1 beforeLen=292
(11:28:33) [INFO]:    [Frontend]:        [handleGamePush/steam] app_name=1184370 is_installed=false is_delisted=false matchedIndex=-1 beforeLen=293
(11:28:33) [INFO]:    [Frontend]:        [handleGamePush/steam] app_name=1203620 is_installed=false is_delisted=false matchedIndex=-1 beforeLen=294
(11:28:33) [INFO]:    [Frontend]:        [handleGamePush/steam] app_name=1281930 is_installed=false is_delisted=false matchedIndex=-1 beforeLen=296
(11:28:33) [INFO]:    [Frontend]:        [handleGamePush/steam] app_name=1282410 is_installed=false is_delisted=false matchedIndex=-1 beforeLen=297
(11:28:33) [INFO]:    [Frontend]:        [handleGamePush/steam] app_name=1284190 is_installed=false is_delisted=false matchedIndex=-1 beforeLen=298
(11:28:33) [INFO]:    [Frontend]:        [handleGamePush/steam] app_name=1245560 is_installed=false is_delisted=false matchedIndex=-1 beforeLen=295
(11:28:33) [INFO]:    [Frontend]:        [handleGamePush/steam] app_name=1295660 is_installed=true is_delisted=false matchedIndex=-1 beforeLen=300
(11:28:33) [INFO]:    [Frontend]:        [handleGamePush/steam] app_name=1328670 is_installed=false is_delisted=false matchedIndex=-1 beforeLen=301
(11:28:33) [INFO]:    [Frontend]:        [handleGamePush/steam] app_name=1286830 is_installed=false is_delisted=false matchedIndex=-1 beforeLen=299
(11:28:33) [INFO]:    [Frontend]:        [handleGamePush/steam] app_name=1335830 is_installed=true is_delisted=false matchedIndex=-1 beforeLen=302
(11:28:33) [INFO]:    [Frontend]:        [handleGamePush/steam] app_name=1359090 is_installed=false is_delisted=false matchedIndex=-1 beforeLen=303
(11:28:33) [INFO]:    [Frontend]:        [handleGamePush/steam] app_name=1374490 is_installed=false is_delisted=false matchedIndex=-1 beforeLen=305
(11:28:33) [INFO]:    [Frontend]:        [handleGamePush/steam] app_name=1363080 is_installed=false is_delisted=false matchedIndex=-1 beforeLen=304
(11:28:33) [INFO]:    [Frontend]:        [handleGamePush/steam] app_name=1374930 is_installed=false is_delisted=false matchedIndex=-1 beforeLen=306
(11:28:33) [INFO]:    [Frontend]:        [handleGamePush/steam] app_name=1416260 is_installed=false is_delisted=false matchedIndex=-1 beforeLen=308
(11:28:33) [INFO]:    [Frontend]:        [handleGamePush/steam] app_name=1377380 is_installed=false is_delisted=false matchedIndex=-1 beforeLen=307
(11:28:33) [INFO]:    [Frontend]:        [handleGamePush/steam] app_name=1432910 is_installed=false is_delisted=false matchedIndex=-1 beforeLen=309
(11:28:33) [INFO]:    [Frontend]:        [handleGamePush/steam] app_name=1449560 is_installed=false is_delisted=false matchedIndex=-1 beforeLen=310
(11:28:33) [INFO]:    [Frontend]:        [handleGamePush/steam] app_name=1509510 is_installed=false is_delisted=false matchedIndex=-1 beforeLen=311
(11:28:33) [INFO]:    [Frontend]:        [handleGamePush/steam] app_name=1526430 is_installed=false is_delisted=false matchedIndex=-1 beforeLen=312
(11:28:33) [INFO]:    [Frontend]:        [handleGamePush/steam] app_name=1527950 is_installed=false is_delisted=false matchedIndex=-1 beforeLen=313
(11:28:33) [INFO]:    [Frontend]:        [handleGamePush/steam] app_name=1545560 is_installed=false is_delisted=false matchedIndex=-1 beforeLen=314
(11:28:33) [INFO]:    [Frontend]:        [handleGamePush/steam] app_name=1562430 is_installed=false is_delisted=false matchedIndex=-1 beforeLen=315
(11:28:33) [INFO]:    [Frontend]:        [handleGamePush/steam] app_name=1564600 is_installed=false is_delisted=false matchedIndex=-1 beforeLen=316
(11:28:33) [INFO]:    [Frontend]:        [handleGamePush/steam] app_name=1578650 is_installed=false is_delisted=false matchedIndex=-1 beforeLen=317
(11:28:33) [INFO]:    [Frontend]:        [handleGamePush/steam] app_name=1581770 is_installed=false is_delisted=false matchedIndex=-1 beforeLen=318
(11:28:33) [INFO]:    [Frontend]:        [handleGamePush/steam] app_name=1585180 is_installed=false is_delisted=false matchedIndex=-1 beforeLen=319
(11:28:33) [INFO]:    [Frontend]:        [handleGamePush/steam] app_name=1599330 is_installed=false is_delisted=false matchedIndex=-1 beforeLen=320
(11:28:33) [INFO]:    [Frontend]:        [handleGamePush/steam] app_name=1601970 is_installed=false is_delisted=false matchedIndex=-1 beforeLen=321
(11:28:33) [INFO]:    [Frontend]:        [handleGamePush/steam] app_name=1603180 is_installed=false is_delisted=false matchedIndex=-1 beforeLen=322
(11:28:33) [INFO]:    [Frontend]:        [handleGamePush/steam] app_name=1604030 is_installed=false is_delisted=false matchedIndex=-1 beforeLen=323
(11:28:33) [INFO]:    [Frontend]:        [handleGamePush/steam] app_name=1621690 is_installed=false is_delisted=false matchedIndex=-1 beforeLen=325
(11:28:33) [INFO]:    [Frontend]:        [handleGamePush/steam] app_name=1621070 is_installed=false is_delisted=false matchedIndex=-1 beforeLen=324
(11:28:33) [INFO]:    [Frontend]:        [handleGamePush/steam] app_name=1623730 is_installed=false is_delisted=false matchedIndex=-1 beforeLen=327
(11:28:33) [INFO]:    [Frontend]:        [handleGamePush/steam] app_name=1641960 is_installed=false is_delisted=false matchedIndex=-1 beforeLen=328
(11:28:33) [INFO]:    [Frontend]:        [handleGamePush/steam] app_name=1623070 is_installed=false is_delisted=false matchedIndex=-1 beforeLen=326
(11:28:33) [INFO]:    [Frontend]:        [handleGamePush/steam] app_name=1645820 is_installed=false is_delisted=false matchedIndex=-1 beforeLen=329
(11:28:33) [INFO]:    [Frontend]:        [handleGamePush/steam] app_name=1651560 is_installed=false is_delisted=false matchedIndex=-1 beforeLen=330
(11:28:33) [INFO]:    [Frontend]:        [handleGamePush/steam] app_name=1660080 is_installed=false is_delisted=false matchedIndex=-1 beforeLen=331
(11:28:33) [INFO]:    [Frontend]:        [handleGamePush/steam] app_name=1677110 is_installed=false is_delisted=false matchedIndex=-1 beforeLen=333
(11:28:33) [INFO]:    [Frontend]:        [handleGamePush/steam] app_name=1684350 is_installed=false is_delisted=false matchedIndex=-1 beforeLen=334
(11:28:33) [INFO]:    [Frontend]:        [handleGamePush/steam] app_name=1674920 is_installed=false is_delisted=false matchedIndex=-1 beforeLen=332
(11:28:33) [INFO]:    [Frontend]:        [handleGamePush/steam] app_name=1691190 is_installed=false is_delisted=false matchedIndex=-1 beforeLen=335
(11:28:33) [INFO]:    [Frontend]:        [handleGamePush/steam] app_name=1714900 is_installed=false is_delisted=false matchedIndex=-1 beforeLen=336
(11:28:33) [INFO]:    [Frontend]:        [handleGamePush/steam] app_name=1751350 is_installed=false is_delisted=false matchedIndex=-1 beforeLen=338
(11:28:33) [INFO]:    [Frontend]:        [handleGamePush/steam] app_name=1771300 is_installed=true is_delisted=false matchedIndex=-1 beforeLen=339
(11:28:33) [INFO]:    [Frontend]:        [handleGamePush/steam] app_name=1716740 is_installed=false is_delisted=false matchedIndex=-1 beforeLen=337
(11:28:33) [INFO]:    [Frontend]:        [handleGamePush/steam] app_name=1782460 is_installed=false is_delisted=false matchedIndex=-1 beforeLen=340
(11:28:33) [INFO]:    [Frontend]:        [handleGamePush/steam] app_name=1812450 is_installed=false is_delisted=false matchedIndex=-1 beforeLen=341
(11:28:33) [INFO]:    [Frontend]:        [handleGamePush/steam] app_name=1818230 is_installed=false is_delisted=false matchedIndex=-1 beforeLen=342
(11:28:33) [INFO]:    [Frontend]:        [handleGamePush/steam] app_name=1836200 is_installed=false is_delisted=false matchedIndex=-1 beforeLen=343
(11:28:33) [INFO]:    [Frontend]:        [handleGamePush/steam] app_name=1898300 is_installed=false is_delisted=false matchedIndex=-1 beforeLen=345
(11:28:33) [INFO]:    [Frontend]:        [handleGamePush/steam] app_name=1903340 is_installed=false is_delisted=false matchedIndex=-1 beforeLen=346
(11:28:33) [INFO]:    [Frontend]:        [handleGamePush/steam] app_name=1887840 is_installed=false is_delisted=false matchedIndex=-1 beforeLen=344
(11:28:33) [INFO]:    [Frontend]:        [handleGamePush/steam] app_name=1928980 is_installed=false is_delisted=false matchedIndex=-1 beforeLen=347
(11:28:33) [INFO]:    [Frontend]:        [handleGamePush/steam] app_name=1963370 is_installed=false is_delisted=false matchedIndex=-1 beforeLen=350
(11:28:33) [INFO]:    [Frontend]:        [handleGamePush/steam] app_name=1937780 is_installed=false is_delisted=false matchedIndex=-1 beforeLen=349
(11:28:33) [INFO]:    [Frontend]:        [handleGamePush/steam] app_name=1931180 is_installed=false is_delisted=false matchedIndex=-1 beforeLen=348
(11:28:33) [INFO]:    [Frontend]:        [handleGamePush/steam] app_name=1975580 is_installed=false is_delisted=false matchedIndex=-1 beforeLen=351
(11:28:33) [INFO]:    [Frontend]:        [handleGamePush/steam] app_name=1983260 is_installed=false is_delisted=false matchedIndex=-1 beforeLen=352
(11:28:33) [INFO]:    [Frontend]:        [handleGamePush/steam] app_name=2020710 is_installed=false is_delisted=false matchedIndex=-1 beforeLen=353
(11:28:33) [INFO]:    [Frontend]:        [handleGamePush/steam] app_name=2080690 is_installed=false is_delisted=false matchedIndex=-1 beforeLen=356
(11:28:33) [INFO]:    [Frontend]:        [handleGamePush/steam] app_name=2026000 is_installed=false is_delisted=false matchedIndex=-1 beforeLen=355
(11:28:33) [INFO]:    [Frontend]:        [handleGamePush/steam] app_name=2082470 is_installed=false is_delisted=false matchedIndex=-1 beforeLen=357
(11:28:33) [INFO]:    [Frontend]:        [handleGamePush/steam] app_name=2021880 is_installed=false is_delisted=false matchedIndex=-1 beforeLen=354
(11:28:33) [INFO]:    [Frontend]:        [handleGamePush/steam] app_name=2115760 is_installed=false is_delisted=false matchedIndex=-1 beforeLen=358
(11:28:33) [INFO]:    [Frontend]:        [handleGamePush/steam] app_name=2139460 is_installed=false is_delisted=false matchedIndex=-1 beforeLen=359
(11:28:33) [INFO]:    [Frontend]:        [handleGamePush/steam] app_name=2186680 is_installed=false is_delisted=false matchedIndex=-1 beforeLen=360
(11:28:33) [INFO]:    [Frontend]:        [handleGamePush/steam] app_name=2198510 is_installed=false is_delisted=false matchedIndex=-1 beforeLen=361
(11:28:33) [INFO]:    [Frontend]:        [handleGamePush/steam] app_name=2230980 is_installed=false is_delisted=false matchedIndex=-1 beforeLen=362
(11:28:33) [INFO]:    [Frontend]:        [handleGamePush/steam] app_name=2362420 is_installed=false is_delisted=false matchedIndex=-1 beforeLen=363
(11:28:33) [INFO]:    [Frontend]:        [handleGamePush/steam] app_name=2408820 is_installed=false is_delisted=false matchedIndex=-1 beforeLen=365
(11:28:33) [INFO]:    [Frontend]:        [handleGamePush/steam] app_name=2375550 is_installed=false is_delisted=false matchedIndex=-1 beforeLen=364
(11:28:33) [INFO]:    [Frontend]:        [handleGamePush/steam] app_name=2457220 is_installed=false is_delisted=false matchedIndex=-1 beforeLen=366
(11:28:33) [INFO]:    [Frontend]:        [handleGamePush/steam] app_name=2525380 is_installed=false is_delisted=false matchedIndex=-1 beforeLen=367
(11:28:33) [INFO]:    [Frontend]:        [handleGamePush/steam] app_name=2570210 is_installed=false is_delisted=false matchedIndex=-1 beforeLen=368
(11:28:33) [INFO]:    [Frontend]:        [handleGamePush/steam] app_name=2617700 is_installed=false is_delisted=false matchedIndex=-1 beforeLen=369
(11:28:33) [INFO]:    [Frontend]:        [handleGamePush/steam] app_name=2646460 is_installed=false is_delisted=false matchedIndex=-1 beforeLen=370
(11:28:33) [INFO]:    [Frontend]:        [handleGamePush/steam] app_name=2683150 is_installed=false is_delisted=false matchedIndex=-1 beforeLen=371
(11:28:33) [INFO]:    [Frontend]:        [handleGamePush/steam] app_name=2706020 is_installed=false is_delisted=false matchedIndex=-1 beforeLen=372
(11:28:33) [INFO]:    [Frontend]:        [handleGamePush/steam] app_name=2933130 is_installed=false is_delisted=false matchedIndex=-1 beforeLen=373
(11:28:33) [INFO]:    [Frontend]:        [handleGamePush/steam] app_name=2951630 is_installed=false is_delisted=false matchedIndex=-1 beforeLen=374
(11:28:33) [INFO]:    [Frontend]:        [handleGamePush/steam] app_name=2975950 is_installed=false is_delisted=false matchedIndex=-1 beforeLen=375
(11:28:33) [INFO]:    [Frontend]:        [handleGamePush/steam] app_name=3172700 is_installed=false is_delisted=false matchedIndex=-1 beforeLen=376
(11:28:33) [INFO]:    [Frontend]:        [handleGamePush/steam] app_name=3410180 is_installed=false is_delisted=false matchedIndex=-1 beforeLen=377
(11:28:33) [WARNING]: listUpdateableGames not implemented on Sideload Library Manager
(11:28:42) [DEBUG]:   [Backend]:         Logging to file(s) /Users/graysonmitchell/Library/Logs/GameLib/runners/legendary.log
(11:28:42) [INFO]:    [Legendary]:       Running command: LEGENDARY_CONFIG_PATH="/Users/graysonmitchell/Library/Application Support/GameLib/legendaryConfig/legendary" /Users/graysonmitchell/Projects/GameLib/public/bin/arm64/darwin/legendary/legendary --version
(11:28:42) [DEBUG]:   [Backend]:         Logging to file(s) /Users/graysonmitchell/Library/Logs/GameLib/runners/nile.log
(11:28:42) [INFO]:    [Gog]:             Running command: GOGDL_CONFIG_PATH="/Users/graysonmitchell/Library/Application Support/GameLib/gogdlConfig" /Users/graysonmitchell/Projects/GameLib/public/bin/arm64/darwin/gogdl/gogdl --auth-config-path "/Users/graysonmitchell/Library/Application Support/GameLib/gog_store/auth.json" --version
(11:28:42) [INFO]:    [Nile]:            Running command: NILE_CONFIG_PATH="/Users/graysonmitchell/Library/Application Support/GameLib/nile_config" /Users/graysonmitchell/Projects/GameLib/public/bin/arm64/darwin/nile/nile --version
(11:28:42) [DEBUG]:   [Backend]:         Logging to file(s) /Users/graysonmitchell/Library/Logs/GameLib/runners/gog.log
