(12:05:09) [INFO]:    [Backend]:         [bootstrap] appRoot resolved=/Users/graysonmitchell/Projects/GameLib source=GAMELIB_APP_ROOT
(12:05:09) [INFO]:    [Backend]:         [bootstrap] publicDir resolved=/Users/graysonmitchell/Projects/GameLib/public exists=true
(12:05:09) [INFO]:    [Backend]:         [bootstrap] runner binary gogdl path=/Users/graysonmitchell/Projects/GameLib/public/bin/arm64/darwin/gogdl exists=true
(12:05:09) [INFO]:    [Backend]:         [bootstrap] GAMELIB_SHELL_EXE received=/Users/graysonmitchell/Projects/GameLib/src-tauri/target/debug/gamelib-shell
(12:05:09) [INFO]:    [Backend]:         [bootstrap] runner binary legendary path=/Users/graysonmitchell/Projects/GameLib/public/bin/arm64/darwin/legendary exists=true
(12:05:09) [INFO]:    [Backend]:         [bootstrap] runner binary nile path=/Users/graysonmitchell/Projects/GameLib/public/bin/arm64/darwin/nile exists=true
(12:05:09) [INFO]:    [Backend]:         [bootstrap] runner binary comet path=/Users/graysonmitchell/Projects/GameLib/public/bin/arm64/darwin/comet exists=true
(12:05:09) [INFO]:    [Steam]:           Steam TokenStore implementation set to DevVaultTokenStore
(12:05:09) [WARNING]: [Backend]:         [dev-secret-vault] INSTALLED — secrets are stored in PLAINTEXT at /var/folders/bn/m7q59n8x5qx6zm74fqyjf22r0000gn/T/gamelib-dev-secret-vault.json — NEVER use in production
(12:05:09) [INFO]:    [Backend]:         [bootstrap] secret stores: dev-vault
(12:05:09) [INFO]:    [Connection]:      Connectivity: check-online
(12:05:09) [INFO]:    [Connection]:      Pinging external endpoints
(12:05:09) [INFO]:    [DownloadManager]: sidecar: boot-time download-queue auto-resume (main.ts:579-only, startup-flagged initQueue call) is deliberately disabled (D-05) — a persisted queue head stays resumable via the Resume button, never auto-started on sidecar boot
(12:05:09) [INFO]:    [Connection]:      Connectivity: online
(12:05:09) [INFO]:    [Frontend]:        [refreshLibrary] runner=all origin=mount
(12:05:09) [WARNING]: refresh not implemented on Sideload Library Manager
(12:05:09) [WARNING]: [Backend]:         [dev-secret-vault] read key=steam-refresh-token
(12:05:09) [INFO]:    [Gog]:             Running command: GOGDL_CONFIG_PATH="/Users/graysonmitchell/Library/Application Support/GameLib/gogdlConfig" /Users/graysonmitchell/Projects/GameLib/public/bin/arm64/darwin/gogdl/gogdl --auth-config-path "/Users/graysonmitchell/Library/Application Support/GameLib/gog_store/auth.json" auth
(12:05:09) [DEBUG]:   [Backend]:         Logging to file(s) /Users/graysonmitchell/Library/Logs/GameLib/runners/gog.log
(12:05:09) [INFO]:    [Legendary]:       Refreshing library...
(12:05:10) [DEBUG]:   [Backend]:         Releases info ready, checking wine releases
(12:05:10) [DEBUG]:   [Backend]:         Releases info ready, checking anticheat data
(12:05:10) [DEBUG]:   [Backend]:         AreWeAnticheatYet data did not change. Skipping.
(12:05:10) [INFO]:    [Gog]:             Getting GOG library
(12:05:10) [INFO]:    [Gog]:             Saved games data
(12:05:17) [INFO]:    [Steam]:           [Timing] SteamUser.loggedOn: cellID=22 publicIP=222.153.200.36
(12:05:17) [INFO]:    [Steam]:           [Timing] SteamUser.ensureConnected: cold-connect path took 8174ms
(12:05:18) [INFO]:    [Steam]:           Steam: fetched 378 owned games
(12:05:18) [INFO]:    [Steam]:           Steam library sync complete: 378 games
(12:05:18) [INFO]:    [Backend]:         refreshLibrary complete runner=all managers=6
(12:05:18) [INFO]:    [Frontend]:        [handleGamePush/steam] app_name=220 is_installed=false is_delisted=false matchedIndex=-1 beforeLen=0
(12:05:18) [INFO]:    [Frontend]:        [handleGamePush/steam] app_name=320 is_installed=false is_delisted=false matchedIndex=-1 beforeLen=1
(12:05:18) [INFO]:    [Frontend]:        [handleGamePush/steam] app_name=360 is_installed=false is_delisted=false matchedIndex=-1 beforeLen=2
(12:05:18) [INFO]:    [Frontend]:        [handleGamePush/steam] app_name=400 is_installed=false is_delisted=false matchedIndex=-1 beforeLen=3
(12:05:18) [INFO]:    [Frontend]:        [handleGamePush/steam] app_name=620 is_installed=false is_delisted=false matchedIndex=-1 beforeLen=4
(12:05:18) [INFO]:    [Frontend]:        [handleGamePush/steam] app_name=1930 is_installed=false is_delisted=false matchedIndex=-1 beforeLen=5
(12:05:18) [INFO]:    [Frontend]:        [handleGamePush/steam] app_name=3170 is_installed=false is_delisted=false matchedIndex=-1 beforeLen=6
(12:05:18) [INFO]:    [Frontend]:        [handleGamePush/steam] app_name=6300 is_installed=false is_delisted=false matchedIndex=-1 beforeLen=7
(12:05:18) [INFO]:    [Frontend]:        [handleGamePush/steam] app_name=6310 is_installed=false is_delisted=false matchedIndex=-1 beforeLen=8
(12:05:18) [INFO]:    [Frontend]:        [handleGamePush/steam] app_name=7520 is_installed=false is_delisted=false matchedIndex=-1 beforeLen=9
(12:05:18) [INFO]:    [Frontend]:        [handleGamePush/steam] app_name=8930 is_installed=true is_delisted=false matchedIndex=-1 beforeLen=11
(12:05:18) [INFO]:    [Frontend]:        [handleGamePush/steam] app_name=8870 is_installed=true is_delisted=false matchedIndex=-1 beforeLen=10
(12:05:18) [INFO]:    [Frontend]:        [handleGamePush/steam] app_name=8980 is_installed=false is_delisted=false matchedIndex=-1 beforeLen=12
(12:05:18) [INFO]:    [Frontend]:        [handleGamePush/steam] app_name=9900 is_installed=false is_delisted=false matchedIndex=-1 beforeLen=13
(12:05:18) [INFO]:    [Frontend]:        [handleGamePush/steam] app_name=12320 is_installed=false is_delisted=false matchedIndex=-1 beforeLen=14
(12:05:18) [INFO]:    [Frontend]:        [handleGamePush/steam] app_name=15930 is_installed=false is_delisted=false matchedIndex=-1 beforeLen=15
(12:05:18) [INFO]:    [Frontend]:        [handleGamePush/steam] app_name=16720 is_installed=false is_delisted=false matchedIndex=-1 beforeLen=16
(12:05:18) [INFO]:    [Frontend]:        [handleGamePush/steam] app_name=20900 is_installed=false is_delisted=false matchedIndex=-1 beforeLen=19
(12:05:18) [INFO]:    [Frontend]:        [handleGamePush/steam] app_name=17460 is_installed=false is_delisted=false matchedIndex=-1 beforeLen=17
(12:05:18) [INFO]:    [Frontend]:        [handleGamePush/steam] app_name=20920 is_installed=false is_delisted=false matchedIndex=-1 beforeLen=20
(12:05:18) [INFO]:    [Frontend]:        [handleGamePush/steam] app_name=17710 is_installed=false is_delisted=false matchedIndex=-1 beforeLen=18
(12:05:18) [INFO]:    [Frontend]:        [handleGamePush/steam] app_name=22320 is_installed=false is_delisted=false matchedIndex=-1 beforeLen=22
(12:05:18) [INFO]:    [Frontend]:        [handleGamePush/steam] app_name=22330 is_installed=false is_delisted=false matchedIndex=-1 beforeLen=23
(12:05:18) [INFO]:    [Frontend]:        [handleGamePush/steam] app_name=22000 is_installed=false is_delisted=false matchedIndex=-1 beforeLen=21
(12:05:18) [INFO]:    [Frontend]:        [handleGamePush/steam] app_name=22370 is_installed=false is_delisted=false matchedIndex=-1 beforeLen=24
(12:05:18) [INFO]:    [Frontend]:        [handleGamePush/steam] app_name=25600 is_installed=false is_delisted=false matchedIndex=-1 beforeLen=27
(12:05:18) [INFO]:    [Frontend]:        [handleGamePush/steam] app_name=22380 is_installed=false is_delisted=false matchedIndex=-1 beforeLen=25
(12:05:18) [INFO]:    [Frontend]:        [handleGamePush/steam] app_name=24980 is_installed=false is_delisted=false matchedIndex=-1 beforeLen=26
(12:05:18) [INFO]:    [Frontend]:        [handleGamePush/steam] app_name=25900 is_installed=false is_delisted=false matchedIndex=-1 beforeLen=29
(12:05:18) [INFO]:    [Frontend]:        [handleGamePush/steam] app_name=25620 is_installed=false is_delisted=false matchedIndex=-1 beforeLen=28
(12:05:18) [INFO]:    [Frontend]:        [handleGamePush/steam] app_name=28050 is_installed=false is_delisted=true matchedIndex=-1 beforeLen=30
(12:05:18) [INFO]:    [Frontend]:        [handleGamePush/steam] app_name=35700 is_installed=false is_delisted=false matchedIndex=-1 beforeLen=32
(12:05:18) [INFO]:    [Frontend]:        [handleGamePush/steam] app_name=33230 is_installed=false is_delisted=false matchedIndex=-1 beforeLen=31
(12:05:18) [INFO]:    [Frontend]:        [handleGamePush/steam] app_name=35720 is_installed=true is_delisted=false matchedIndex=-1 beforeLen=33
(12:05:18) [INFO]:    [Frontend]:        [handleGamePush/steam] app_name=38400 is_installed=false is_delisted=false matchedIndex=-1 beforeLen=34
(12:05:18) [INFO]:    [Frontend]:        [handleGamePush/steam] app_name=38410 is_installed=false is_delisted=false matchedIndex=-1 beforeLen=35
(12:05:18) [INFO]:    [Frontend]:        [handleGamePush/steam] app_name=38420 is_installed=false is_delisted=false matchedIndex=-1 beforeLen=36
(12:05:18) [INFO]:    [Frontend]:        [handleGamePush/steam] app_name=39540 is_installed=false is_delisted=false matchedIndex=-1 beforeLen=37
(12:05:18) [INFO]:    [Frontend]:        [handleGamePush/steam] app_name=40700 is_installed=false is_delisted=false matchedIndex=-1 beforeLen=38
(12:05:18) [INFO]:    [Frontend]:        [handleGamePush/steam] app_name=41070 is_installed=false is_delisted=false matchedIndex=-1 beforeLen=39
(12:05:18) [INFO]:    [Frontend]:        [handleGamePush/steam] app_name=41500 is_installed=false is_delisted=false matchedIndex=-1 beforeLen=40
(12:05:18) [INFO]:    [Frontend]:        [handleGamePush/steam] app_name=41900 is_installed=false is_delisted=false matchedIndex=-1 beforeLen=41
(12:05:18) [INFO]:    [Frontend]:        [handleGamePush/steam] app_name=43110 is_installed=false is_delisted=false matchedIndex=-1 beforeLen=42
(12:05:18) [INFO]:    [Frontend]:        [handleGamePush/steam] app_name=43160 is_installed=false is_delisted=true matchedIndex=-1 beforeLen=43
(12:05:18) [INFO]:    [Frontend]:        [handleGamePush/steam] app_name=46410 is_installed=false is_delisted=false matchedIndex=-1 beforeLen=44
(12:05:18) [INFO]:    [Frontend]:        [handleGamePush/steam] app_name=47400 is_installed=false is_delisted=false matchedIndex=-1 beforeLen=45
(12:05:18) [INFO]:    [Frontend]:        [handleGamePush/steam] app_name=48000 is_installed=false is_delisted=false matchedIndex=-1 beforeLen=46
(12:05:18) [INFO]:    [Frontend]:        [handleGamePush/steam] app_name=49520 is_installed=false is_delisted=false matchedIndex=-1 beforeLen=47
(12:05:18) [INFO]:    [Frontend]:        [handleGamePush/steam] app_name=50650 is_installed=false is_delisted=false matchedIndex=-1 beforeLen=48
(12:05:18) [INFO]:    [Frontend]:        [handleGamePush/steam] app_name=57300 is_installed=true is_delisted=false matchedIndex=-1 beforeLen=49
(12:05:18) [INFO]:    [Frontend]:        [handleGamePush/steam] app_name=63000 is_installed=true is_delisted=false matchedIndex=-1 beforeLen=50
(12:05:18) [INFO]:    [Frontend]:        [handleGamePush/steam] app_name=65980 is_installed=false is_delisted=false matchedIndex=-1 beforeLen=51
(12:05:18) [INFO]:    [Frontend]:        [handleGamePush/steam] app_name=72200 is_installed=false is_delisted=false matchedIndex=-1 beforeLen=52
(12:05:18) [INFO]:    [Frontend]:        [handleGamePush/steam] app_name=72850 is_installed=false is_delisted=false matchedIndex=-1 beforeLen=53
(12:05:18) [INFO]:    [Frontend]:        [handleGamePush/steam] app_name=73010 is_installed=true is_delisted=false matchedIndex=-1 beforeLen=54
(12:05:18) [INFO]:    [Frontend]:        [handleGamePush/steam] app_name=91310 is_installed=true is_delisted=true matchedIndex=-1 beforeLen=55
(12:05:18) [INFO]:    [Frontend]:        [handleGamePush/steam] app_name=91700 is_installed=false is_delisted=false matchedIndex=-1 beforeLen=56
(12:05:18) [INFO]:    [Frontend]:        [handleGamePush/steam] app_name=97000 is_installed=false is_delisted=false matchedIndex=-1 beforeLen=57
(12:05:18) [INFO]:    [Frontend]:        [handleGamePush/steam] app_name=98200 is_installed=false is_delisted=false matchedIndex=-1 beforeLen=58
(12:05:18) [INFO]:    [Frontend]:        [handleGamePush/steam] app_name=98800 is_installed=false is_delisted=false matchedIndex=-1 beforeLen=59
(12:05:18) [INFO]:    [Frontend]:        [handleGamePush/steam] app_name=105600 is_installed=false is_delisted=false matchedIndex=-1 beforeLen=60
(12:05:18) [INFO]:    [Frontend]:        [handleGamePush/steam] app_name=107100 is_installed=true is_delisted=false matchedIndex=-1 beforeLen=61
(12:05:18) [INFO]:    [Frontend]:        [handleGamePush/steam] app_name=108600 is_installed=false is_delisted=false matchedIndex=-1 beforeLen=62
(12:05:18) [INFO]:    [Frontend]:        [handleGamePush/steam] app_name=112100 is_installed=false is_delisted=false matchedIndex=-1 beforeLen=63
(12:05:18) [INFO]:    [Frontend]:        [handleGamePush/steam] app_name=113200 is_installed=false is_delisted=false matchedIndex=-1 beforeLen=64
(12:05:18) [INFO]:    [Frontend]:        [handleGamePush/steam] app_name=200260 is_installed=false is_delisted=false matchedIndex=-1 beforeLen=65
(12:05:18) [INFO]:    [Frontend]:        [handleGamePush/steam] app_name=200510 is_installed=false is_delisted=false matchedIndex=-1 beforeLen=66
(12:05:18) [INFO]:    [Frontend]:        [handleGamePush/steam] app_name=200710 is_installed=false is_delisted=false matchedIndex=-1 beforeLen=67
(12:05:18) [INFO]:    [Frontend]:        [handleGamePush/steam] app_name=203140 is_installed=false is_delisted=false matchedIndex=-1 beforeLen=68
(12:05:18) [INFO]:    [Frontend]:        [handleGamePush/steam] app_name=203160 is_installed=false is_delisted=false matchedIndex=-1 beforeLen=69
(12:05:18) [INFO]:    [Frontend]:        [handleGamePush/steam] app_name=203770 is_installed=false is_delisted=false matchedIndex=-1 beforeLen=70
(12:05:18) [INFO]:    [Frontend]:        [handleGamePush/steam] app_name=203830 is_installed=false is_delisted=false matchedIndex=-1 beforeLen=71
(12:05:18) [INFO]:    [Frontend]:        [handleGamePush/steam] app_name=204100 is_installed=false is_delisted=false matchedIndex=-1 beforeLen=72
(12:05:18) [INFO]:    [Frontend]:        [handleGamePush/steam] app_name=205930 is_installed=false is_delisted=true matchedIndex=-1 beforeLen=73
(12:05:18) [INFO]:    [Frontend]:        [handleGamePush/steam] app_name=206020 is_installed=true is_delisted=false matchedIndex=-1 beforeLen=74
(12:05:18) [INFO]:    [Frontend]:        [handleGamePush/steam] app_name=206040 is_installed=true is_delisted=false matchedIndex=-1 beforeLen=75
(12:05:18) [INFO]:    [Frontend]:        [handleGamePush/steam] app_name=206060 is_installed=true is_delisted=false matchedIndex=-1 beforeLen=76
(12:05:18) [INFO]:    [Frontend]:        [handleGamePush/steam] app_name=207170 is_installed=false is_delisted=false matchedIndex=-1 beforeLen=77
(12:05:18) [INFO]:    [Frontend]:        [handleGamePush/steam] app_name=207610 is_installed=false is_delisted=false matchedIndex=-1 beforeLen=78
(12:05:18) [INFO]:    [Frontend]:        [handleGamePush/steam] app_name=208140 is_installed=false is_delisted=false matchedIndex=-1 beforeLen=79
(12:05:18) [INFO]:    [Frontend]:        [handleGamePush/steam] app_name=208400 is_installed=false is_delisted=false matchedIndex=-1 beforeLen=80
(12:05:18) [INFO]:    [Frontend]:        [handleGamePush/steam] app_name=208520 is_installed=false is_delisted=false matchedIndex=-1 beforeLen=81
(12:05:18) [INFO]:    [Frontend]:        [handleGamePush/steam] app_name=211420 is_installed=false is_delisted=false matchedIndex=-1 beforeLen=82
(12:05:18) [INFO]:    [Frontend]:        [handleGamePush/steam] app_name=211820 is_installed=false is_delisted=false matchedIndex=-1 beforeLen=83
(12:05:18) [INFO]:    [Frontend]:        [handleGamePush/steam] app_name=211900 is_installed=false is_delisted=false matchedIndex=-1 beforeLen=84
(12:05:18) [INFO]:    [Frontend]:        [handleGamePush/steam] app_name=212680 is_installed=false is_delisted=false matchedIndex=-1 beforeLen=85
(12:05:18) [INFO]:    [Frontend]:        [handleGamePush/steam] app_name=214340 is_installed=false is_delisted=false matchedIndex=-1 beforeLen=86
(12:05:18) [INFO]:    [Frontend]:        [handleGamePush/steam] app_name=215160 is_installed=false is_delisted=false matchedIndex=-1 beforeLen=87
(12:05:18) [INFO]:    [Frontend]:        [handleGamePush/steam] app_name=215530 is_installed=false is_delisted=false matchedIndex=-1 beforeLen=88
(12:05:18) [INFO]:    [Frontend]:        [handleGamePush/steam] app_name=216390 is_installed=false is_delisted=true matchedIndex=-1 beforeLen=89
(12:05:18) [INFO]:    [Frontend]:        [handleGamePush/steam] app_name=218130 is_installed=false is_delisted=true matchedIndex=-1 beforeLen=90
(12:05:18) [INFO]:    [Frontend]:        [handleGamePush/steam] app_name=219990 is_installed=false is_delisted=false matchedIndex=-1 beforeLen=93
(12:05:18) [INFO]:    [Frontend]:        [handleGamePush/steam] app_name=218410 is_installed=false is_delisted=false matchedIndex=-1 beforeLen=91
(12:05:18) [INFO]:    [Frontend]:        [handleGamePush/steam] app_name=219780 is_installed=false is_delisted=false matchedIndex=-1 beforeLen=92
(12:05:18) [INFO]:    [Frontend]:        [handleGamePush/steam] app_name=223390 is_installed=false is_delisted=true matchedIndex=-1 beforeLen=94
(12:05:18) [INFO]:    [Frontend]:        [handleGamePush/steam] app_name=226840 is_installed=true is_delisted=false matchedIndex=-1 beforeLen=95
(12:05:18) [INFO]:    [Frontend]:        [handleGamePush/steam] app_name=228280 is_installed=false is_delisted=false matchedIndex=-1 beforeLen=97
(12:05:18) [INFO]:    [Frontend]:        [handleGamePush/steam] app_name=230070 is_installed=false is_delisted=false matchedIndex=-1 beforeLen=98
(12:05:18) [INFO]:    [Frontend]:        [handleGamePush/steam] app_name=226860 is_installed=false is_delisted=false matchedIndex=-1 beforeLen=96
(12:05:18) [INFO]:    [Frontend]:        [handleGamePush/steam] app_name=233310 is_installed=false is_delisted=false matchedIndex=-1 beforeLen=101
(12:05:18) [INFO]:    [Frontend]:        [handleGamePush/steam] app_name=234650 is_installed=false is_delisted=false matchedIndex=-1 beforeLen=103
(12:05:18) [INFO]:    [Frontend]:        [handleGamePush/steam] app_name=232750 is_installed=false is_delisted=false matchedIndex=-1 beforeLen=100
(12:05:18) [INFO]:    [Frontend]:        [handleGamePush/steam] app_name=230230 is_installed=false is_delisted=false matchedIndex=-1 beforeLen=99
(12:05:18) [INFO]:    [Frontend]:        [handleGamePush/steam] app_name=233860 is_installed=false is_delisted=false matchedIndex=-1 beforeLen=102
(12:05:18) [INFO]:    [Frontend]:        [handleGamePush/steam] app_name=237430 is_installed=false is_delisted=false matchedIndex=-1 beforeLen=104
(12:05:18) [INFO]:    [Frontend]:        [handleGamePush/steam] app_name=237990 is_installed=false is_delisted=false matchedIndex=-1 beforeLen=105
(12:05:18) [INFO]:    [Frontend]:        [handleGamePush/steam] app_name=238320 is_installed=false is_delisted=false matchedIndex=-1 beforeLen=106
(12:05:18) [INFO]:    [Frontend]:        [handleGamePush/steam] app_name=239160 is_installed=false is_delisted=false matchedIndex=-1 beforeLen=108
(12:05:18) [INFO]:    [Frontend]:        [handleGamePush/steam] app_name=238750 is_installed=false is_delisted=false matchedIndex=-1 beforeLen=107
(12:05:18) [INFO]:    [Frontend]:        [handleGamePush/steam] app_name=241600 is_installed=false is_delisted=false matchedIndex=-1 beforeLen=110
(12:05:18) [INFO]:    [Frontend]:        [handleGamePush/steam] app_name=240760 is_installed=false is_delisted=false matchedIndex=-1 beforeLen=109
(12:05:18) [INFO]:    [Frontend]:        [handleGamePush/steam] app_name=241930 is_installed=false is_delisted=false matchedIndex=-1 beforeLen=111
(12:05:18) [INFO]:    [Frontend]:        [handleGamePush/steam] app_name=242640 is_installed=false is_delisted=false matchedIndex=-1 beforeLen=112
(12:05:18) [INFO]:    [Frontend]:        [handleGamePush/steam] app_name=242760 is_installed=false is_delisted=false matchedIndex=-1 beforeLen=113
(12:05:18) [INFO]:    [Frontend]:        [handleGamePush/steam] app_name=245410 is_installed=false is_delisted=false matchedIndex=-1 beforeLen=115
(12:05:18) [INFO]:    [Frontend]:        [handleGamePush/steam] app_name=245430 is_installed=false is_delisted=false matchedIndex=-1 beforeLen=116
(12:05:18) [INFO]:    [Frontend]:        [handleGamePush/steam] app_name=246110 is_installed=false is_delisted=false matchedIndex=-1 beforeLen=117
(12:05:18) [INFO]:    [Frontend]:        [handleGamePush/steam] app_name=243970 is_installed=false is_delisted=false matchedIndex=-1 beforeLen=114
(12:05:18) [INFO]:    [Frontend]:        [handleGamePush/steam] app_name=248410 is_installed=false is_delisted=false matchedIndex=-1 beforeLen=120
(12:05:18) [INFO]:    [Frontend]:        [handleGamePush/steam] app_name=246760 is_installed=false is_delisted=false matchedIndex=-1 beforeLen=118
(12:05:18) [INFO]:    [Frontend]:        [handleGamePush/steam] app_name=248390 is_installed=false is_delisted=false matchedIndex=-1 beforeLen=119
(12:05:18) [INFO]:    [Frontend]:        [handleGamePush/steam] app_name=249050 is_installed=false is_delisted=false matchedIndex=-1 beforeLen=121
(12:05:18) [INFO]:    [Frontend]:        [handleGamePush/steam] app_name=249650 is_installed=false is_delisted=false matchedIndex=-1 beforeLen=122
(12:05:18) [INFO]:    [Frontend]:        [handleGamePush/steam] app_name=250320 is_installed=false is_delisted=false matchedIndex=-1 beforeLen=123
(12:05:18) [INFO]:    [Frontend]:        [handleGamePush/steam] app_name=252410 is_installed=false is_delisted=false matchedIndex=-1 beforeLen=126
(12:05:18) [INFO]:    [Frontend]:        [handleGamePush/steam] app_name=252490 is_installed=false is_delisted=false matchedIndex=-1 beforeLen=127
(12:05:18) [INFO]:    [Frontend]:        [handleGamePush/steam] app_name=256290 is_installed=false is_delisted=false matchedIndex=-1 beforeLen=128
(12:05:18) [INFO]:    [Frontend]:        [handleGamePush/steam] app_name=251730 is_installed=false is_delisted=false matchedIndex=-1 beforeLen=125
(12:05:18) [INFO]:    [Frontend]:        [handleGamePush/steam] app_name=257350 is_installed=true is_delisted=false matchedIndex=-1 beforeLen=129
(12:05:18) [INFO]:    [Frontend]:        [handleGamePush/steam] app_name=258970 is_installed=false is_delisted=false matchedIndex=-1 beforeLen=130
(12:05:18) [INFO]:    [Frontend]:        [handleGamePush/steam] app_name=259130 is_installed=false is_delisted=false matchedIndex=-1 beforeLen=132
(12:05:18) [INFO]:    [Frontend]:        [handleGamePush/steam] app_name=251570 is_installed=true is_delisted=false matchedIndex=-1 beforeLen=124
(12:05:18) [INFO]:    [Frontend]:        [handleGamePush/steam] app_name=259060 is_installed=false is_delisted=false matchedIndex=-1 beforeLen=131
(12:05:18) [INFO]:    [Frontend]:        [handleGamePush/steam] app_name=261030 is_installed=false is_delisted=false matchedIndex=-1 beforeLen=134
(12:05:18) [INFO]:    [Frontend]:        [handleGamePush/steam] app_name=259680 is_installed=false is_delisted=false matchedIndex=-1 beforeLen=133
(12:05:18) [INFO]:    [Frontend]:        [handleGamePush/steam] app_name=262060 is_installed=false is_delisted=false matchedIndex=-1 beforeLen=135
(12:05:18) [INFO]:    [Frontend]:        [handleGamePush/steam] app_name=264160 is_installed=false is_delisted=false matchedIndex=-1 beforeLen=136
(12:05:18) [INFO]:    [Frontend]:        [handleGamePush/steam] app_name=265970 is_installed=false is_delisted=false matchedIndex=-1 beforeLen=137
(12:05:18) [INFO]:    [Frontend]:        [handleGamePush/steam] app_name=268870 is_installed=false is_delisted=false matchedIndex=-1 beforeLen=139
(12:05:18) [INFO]:    [Frontend]:        [handleGamePush/steam] app_name=270050 is_installed=false is_delisted=false matchedIndex=-1 beforeLen=140
(12:05:18) [INFO]:    [Frontend]:        [handleGamePush/steam] app_name=268500 is_installed=false is_delisted=false matchedIndex=-1 beforeLen=138
(12:05:18) [INFO]:    [Frontend]:        [handleGamePush/steam] app_name=271240 is_installed=false is_delisted=false matchedIndex=-1 beforeLen=141
(12:05:18) [INFO]:    [Frontend]:        [handleGamePush/steam] app_name=273070 is_installed=false is_delisted=false matchedIndex=-1 beforeLen=143
(12:05:18) [INFO]:    [Frontend]:        [handleGamePush/steam] app_name=272270 is_installed=false is_delisted=false matchedIndex=-1 beforeLen=142
(12:05:18) [INFO]:    [Frontend]:        [handleGamePush/steam] app_name=274520 is_installed=false is_delisted=false matchedIndex=-1 beforeLen=144
(12:05:18) [INFO]:    [Frontend]:        [handleGamePush/steam] app_name=275850 is_installed=false is_delisted=false matchedIndex=-1 beforeLen=145
(12:05:18) [INFO]:    [Frontend]:        [handleGamePush/steam] app_name=281990 is_installed=false is_delisted=false matchedIndex=-1 beforeLen=146
(12:05:18) [INFO]:    [Frontend]:        [handleGamePush/steam] app_name=289070 is_installed=true is_delisted=false matchedIndex=-1 beforeLen=148
(12:05:18) [INFO]:    [Frontend]:        [handleGamePush/steam] app_name=288120 is_installed=false is_delisted=false matchedIndex=-1 beforeLen=147
(12:05:18) [INFO]:    [Frontend]:        [handleGamePush/steam] app_name=289130 is_installed=false is_delisted=false matchedIndex=-1 beforeLen=149
(12:05:18) [INFO]:    [Frontend]:        [handleGamePush/steam] app_name=290300 is_installed=false is_delisted=false matchedIndex=-1 beforeLen=150
(12:05:18) [INFO]:    [Frontend]:        [handleGamePush/steam] app_name=291190 is_installed=false is_delisted=false matchedIndex=-1 beforeLen=151
(12:05:18) [INFO]:    [Frontend]:        [handleGamePush/steam] app_name=291650 is_installed=true is_delisted=false matchedIndex=-1 beforeLen=152
(12:05:18) [INFO]:    [Frontend]:        [handleGamePush/steam] app_name=292030 is_installed=false is_delisted=false matchedIndex=-1 beforeLen=153
(12:05:18) [INFO]:    [Frontend]:        [handleGamePush/steam] app_name=293480 is_installed=false is_delisted=false matchedIndex=-1 beforeLen=154
(12:05:18) [INFO]:    [Frontend]:        [handleGamePush/steam] app_name=294100 is_installed=false is_delisted=false matchedIndex=-1 beforeLen=155
(12:05:18) [INFO]:    [Frontend]:        [handleGamePush/steam] app_name=296570 is_installed=false is_delisted=false matchedIndex=-1 beforeLen=156
(12:05:18) [INFO]:    [Frontend]:        [handleGamePush/steam] app_name=300550 is_installed=false is_delisted=false matchedIndex=-1 beforeLen=157
(12:05:18) [INFO]:    [Frontend]:        [handleGamePush/steam] app_name=301860 is_installed=false is_delisted=false matchedIndex=-1 beforeLen=158
(12:05:18) [INFO]:    [Frontend]:        [handleGamePush/steam] app_name=302510 is_installed=false is_delisted=false matchedIndex=-1 beforeLen=159
(12:05:18) [INFO]:    [Frontend]:        [handleGamePush/steam] app_name=305640 is_installed=false is_delisted=false matchedIndex=-1 beforeLen=160
(12:05:18) [INFO]:    [Frontend]:        [handleGamePush/steam] app_name=307670 is_installed=false is_delisted=false matchedIndex=-1 beforeLen=161
(12:05:18) [INFO]:    [Frontend]:        [handleGamePush/steam] app_name=308420 is_installed=false is_delisted=false matchedIndex=-1 beforeLen=162
(12:05:18) [INFO]:    [Frontend]:        [handleGamePush/steam] app_name=311290 is_installed=false is_delisted=false matchedIndex=-1 beforeLen=163
(12:05:18) [INFO]:    [Frontend]:        [handleGamePush/steam] app_name=319630 is_installed=false is_delisted=false matchedIndex=-1 beforeLen=164
(12:05:18) [INFO]:    [Frontend]:        [handleGamePush/steam] app_name=321800 is_installed=false is_delisted=false matchedIndex=-1 beforeLen=165
(12:05:18) [INFO]:    [Frontend]:        [handleGamePush/steam] app_name=322330 is_installed=false is_delisted=false matchedIndex=-1 beforeLen=166
(12:05:18) [INFO]:    [Frontend]:        [handleGamePush/steam] app_name=323190 is_installed=false is_delisted=false matchedIndex=-1 beforeLen=167
(12:05:18) [INFO]:    [Frontend]:        [handleGamePush/steam] app_name=333300 is_installed=false is_delisted=false matchedIndex=-1 beforeLen=168
(12:05:18) [INFO]:    [Frontend]:        [handleGamePush/steam] app_name=335120 is_installed=false is_delisted=false matchedIndex=-1 beforeLen=169
(12:05:18) [INFO]:    [Frontend]:        [handleGamePush/steam] app_name=335620 is_installed=false is_delisted=false matchedIndex=-1 beforeLen=170
(12:05:18) [INFO]:    [Frontend]:        [handleGamePush/steam] app_name=337850 is_installed=false is_delisted=false matchedIndex=-1 beforeLen=171
(12:05:18) [INFO]:    [Frontend]:        [handleGamePush/steam] app_name=345180 is_installed=false is_delisted=false matchedIndex=-1 beforeLen=172
(12:05:18) [INFO]:    [Frontend]:        [handleGamePush/steam] app_name=346110 is_installed=false is_delisted=false matchedIndex=-1 beforeLen=173
(12:05:18) [INFO]:    [Frontend]:        [handleGamePush/steam] app_name=346940 is_installed=false is_delisted=false matchedIndex=-1 beforeLen=174
(12:05:18) [INFO]:    [Frontend]:        [handleGamePush/steam] app_name=356040 is_installed=false is_delisted=false matchedIndex=-1 beforeLen=175
(12:05:18) [INFO]:    [Frontend]:        [handleGamePush/steam] app_name=362960 is_installed=false is_delisted=false matchedIndex=-1 beforeLen=176
(12:05:18) [INFO]:    [Frontend]:        [handleGamePush/steam] app_name=365360 is_installed=false is_delisted=false matchedIndex=-1 beforeLen=177
(12:05:18) [INFO]:    [Frontend]:        [handleGamePush/steam] app_name=367500 is_installed=false is_delisted=false matchedIndex=-1 beforeLen=178
(12:05:18) [INFO]:    [Frontend]:        [handleGamePush/steam] app_name=367540 is_installed=false is_delisted=true matchedIndex=-1 beforeLen=179
(12:05:18) [INFO]:    [Frontend]:        [handleGamePush/steam] app_name=368250 is_installed=false is_delisted=false matchedIndex=-1 beforeLen=180
(12:05:18) [INFO]:    [Frontend]:        [handleGamePush/steam] app_name=373420 is_installed=false is_delisted=false matchedIndex=-1 beforeLen=181
(12:05:18) [INFO]:    [Frontend]:        [handleGamePush/steam] app_name=377160 is_installed=false is_delisted=false matchedIndex=-1 beforeLen=182
(12:05:18) [INFO]:    [Frontend]:        [handleGamePush/steam] app_name=379430 is_installed=false is_delisted=false matchedIndex=-1 beforeLen=183
(12:05:18) [INFO]:    [Frontend]:        [handleGamePush/steam] app_name=380150 is_installed=false is_delisted=false matchedIndex=-1 beforeLen=184
(12:05:18) [INFO]:    [Frontend]:        [handleGamePush/steam] app_name=391220 is_installed=false is_delisted=false matchedIndex=-1 beforeLen=185
(12:05:18) [INFO]:    [Frontend]:        [handleGamePush/steam] app_name=392110 is_installed=false is_delisted=false matchedIndex=-1 beforeLen=186
(12:05:18) [INFO]:    [Frontend]:        [handleGamePush/steam] app_name=395420 is_installed=false is_delisted=false matchedIndex=-1 beforeLen=187
(12:05:18) [INFO]:    [Frontend]:        [handleGamePush/steam] app_name=402060 is_installed=false is_delisted=false matchedIndex=-1 beforeLen=188
(12:05:18) [INFO]:    [Frontend]:        [handleGamePush/steam] app_name=403950 is_installed=false is_delisted=false matchedIndex=-1 beforeLen=189
(12:05:18) [INFO]:    [Frontend]:        [handleGamePush/steam] app_name=407530 is_installed=false is_delisted=false matchedIndex=-1 beforeLen=191
(12:05:18) [INFO]:    [Frontend]:        [handleGamePush/steam] app_name=404730 is_installed=false is_delisted=false matchedIndex=-1 beforeLen=190
(12:05:18) [INFO]:    [Frontend]:        [handleGamePush/steam] app_name=409450 is_installed=false is_delisted=false matchedIndex=-1 beforeLen=192
(12:05:18) [INFO]:    [Frontend]:        [handleGamePush/steam] app_name=411300 is_installed=false is_delisted=false matchedIndex=-1 beforeLen=193
(12:05:18) [INFO]:    [Frontend]:        [handleGamePush/steam] app_name=412020 is_installed=false is_delisted=false matchedIndex=-1 beforeLen=194
(12:05:18) [INFO]:    [Frontend]:        [handleGamePush/steam] app_name=414340 is_installed=false is_delisted=false matchedIndex=-1 beforeLen=195
(12:05:18) [INFO]:    [Frontend]:        [handleGamePush/steam] app_name=424250 is_installed=false is_delisted=false matchedIndex=-1 beforeLen=196
(12:05:18) [INFO]:    [Frontend]:        [handleGamePush/steam] app_name=427290 is_installed=false is_delisted=false matchedIndex=-1 beforeLen=197
(12:05:18) [INFO]:    [Frontend]:        [handleGamePush/steam] app_name=427410 is_installed=false is_delisted=false matchedIndex=-1 beforeLen=198
(12:05:18) [INFO]:    [Frontend]:        [handleGamePush/steam] app_name=427520 is_installed=false is_delisted=false matchedIndex=-1 beforeLen=199
(12:05:18) [INFO]:    [Frontend]:        [handleGamePush/steam] app_name=428880 is_installed=false is_delisted=false matchedIndex=-1 beforeLen=200
(12:05:18) [INFO]:    [Frontend]:        [handleGamePush/steam] app_name=435150 is_installed=false is_delisted=false matchedIndex=-1 beforeLen=201
(12:05:18) [INFO]:    [Frontend]:        [handleGamePush/steam] app_name=449300 is_installed=false is_delisted=false matchedIndex=-1 beforeLen=203
(12:05:18) [INFO]:    [Frontend]:        [handleGamePush/steam] app_name=445190 is_installed=false is_delisted=false matchedIndex=-1 beforeLen=202
(12:05:18) [INFO]:    [Frontend]:        [handleGamePush/steam] app_name=466300 is_installed=false is_delisted=false matchedIndex=-1 beforeLen=204
(12:05:18) [INFO]:    [Frontend]:        [handleGamePush/steam] app_name=466560 is_installed=false is_delisted=false matchedIndex=-1 beforeLen=205
(12:05:18) [INFO]:    [Frontend]:        [handleGamePush/steam] app_name=471010 is_installed=false is_delisted=false matchedIndex=-1 beforeLen=206
(12:05:18) [INFO]:    [Frontend]:        [handleGamePush/steam] app_name=489830 is_installed=false is_delisted=false matchedIndex=-1 beforeLen=207
(12:05:18) [INFO]:    [Frontend]:        [handleGamePush/steam] app_name=495420 is_installed=false is_delisted=false matchedIndex=-1 beforeLen=208
(12:05:18) [INFO]:    [Frontend]:        [handleGamePush/steam] app_name=518790 is_installed=false is_delisted=false matchedIndex=-1 beforeLen=209
(12:05:18) [INFO]:    [Frontend]:        [handleGamePush/steam] app_name=526160 is_installed=false is_delisted=false matchedIndex=-1 beforeLen=210
(12:05:18) [INFO]:    [Frontend]:        [handleGamePush/steam] app_name=529340 is_installed=false is_delisted=false matchedIndex=-1 beforeLen=211
(12:05:18) [INFO]:    [Frontend]:        [handleGamePush/steam] app_name=530890 is_installed=false is_delisted=false matchedIndex=-1 beforeLen=212
(12:05:18) [INFO]:    [Frontend]:        [handleGamePush/steam] app_name=552500 is_installed=false is_delisted=false matchedIndex=-1 beforeLen=213
(12:05:18) [INFO]:    [Frontend]:        [handleGamePush/steam] app_name=552620 is_installed=false is_delisted=false matchedIndex=-1 beforeLen=214
(12:05:18) [INFO]:    [Frontend]:        [handleGamePush/steam] app_name=560130 is_installed=false is_delisted=false matchedIndex=-1 beforeLen=215
(12:05:18) [INFO]:    [Frontend]:        [handleGamePush/steam] app_name=564310 is_installed=false is_delisted=false matchedIndex=-1 beforeLen=216
(12:05:18) [INFO]:    [Frontend]:        [handleGamePush/steam] app_name=566090 is_installed=false is_delisted=false matchedIndex=-1 beforeLen=217
(12:05:18) [INFO]:    [Frontend]:        [handleGamePush/steam] app_name=571310 is_installed=false is_delisted=false matchedIndex=-1 beforeLen=218
(12:05:18) [INFO]:    [Frontend]:        [handleGamePush/steam] app_name=576770 is_installed=false is_delisted=false matchedIndex=-1 beforeLen=219
(12:05:18) [INFO]:    [Frontend]:        [handleGamePush/steam] app_name=582010 is_installed=false is_delisted=false matchedIndex=-1 beforeLen=220
(12:05:18) [INFO]:    [Frontend]:        [handleGamePush/steam] app_name=592260 is_installed=false is_delisted=false matchedIndex=-1 beforeLen=221
(12:05:18) [INFO]:    [Frontend]:        [handleGamePush/steam] app_name=593280 is_installed=false is_delisted=false matchedIndex=-1 beforeLen=222
(12:05:18) [INFO]:    [Frontend]:        [handleGamePush/steam] app_name=594650 is_installed=false is_delisted=false matchedIndex=-1 beforeLen=223
(12:05:18) [INFO]:    [Frontend]:        [handleGamePush/steam] app_name=596970 is_installed=false is_delisted=false matchedIndex=-1 beforeLen=224
(12:05:18) [INFO]:    [Frontend]:        [handleGamePush/steam] app_name=597180 is_installed=false is_delisted=false matchedIndex=-1 beforeLen=225
(12:05:18) [INFO]:    [Frontend]:        [handleGamePush/steam] app_name=606880 is_installed=false is_delisted=false matchedIndex=-1 beforeLen=226
(12:05:18) [INFO]:    [Frontend]:        [handleGamePush/steam] app_name=610370 is_installed=false is_delisted=false matchedIndex=-1 beforeLen=227
(12:05:18) [INFO]:    [Frontend]:        [handleGamePush/steam] app_name=617480 is_installed=false is_delisted=false matchedIndex=-1 beforeLen=228
(12:05:18) [INFO]:    [Frontend]:        [handleGamePush/steam] app_name=625960 is_installed=false is_delisted=false matchedIndex=-1 beforeLen=229
(12:05:18) [INFO]:    [Frontend]:        [handleGamePush/steam] app_name=632470 is_installed=false is_delisted=false matchedIndex=-1 beforeLen=231
(12:05:18) [INFO]:    [Frontend]:        [handleGamePush/steam] app_name=629690 is_installed=false is_delisted=false matchedIndex=-1 beforeLen=230
(12:05:18) [INFO]:    [Frontend]:        [handleGamePush/steam] app_name=637090 is_installed=false is_delisted=false matchedIndex=-1 beforeLen=232
(12:05:18) [INFO]:    [Frontend]:        [handleGamePush/steam] app_name=648410 is_installed=false is_delisted=false matchedIndex=-1 beforeLen=234
(12:05:18) [INFO]:    [Frontend]:        [handleGamePush/steam] app_name=648800 is_installed=false is_delisted=false matchedIndex=-1 beforeLen=235
(12:05:18) [INFO]:    [Frontend]:        [handleGamePush/steam] app_name=650940 is_installed=false is_delisted=false matchedIndex=-1 beforeLen=236
(12:05:18) [INFO]:    [Frontend]:        [handleGamePush/steam] app_name=640820 is_installed=false is_delisted=false matchedIndex=-1 beforeLen=233
(12:05:18) [INFO]:    [Frontend]:        [handleGamePush/steam] app_name=687800 is_installed=false is_delisted=false matchedIndex=-1 beforeLen=237
(12:05:18) [INFO]:    [Frontend]:        [handleGamePush/steam] app_name=695100 is_installed=false is_delisted=false matchedIndex=-1 beforeLen=238
(12:05:18) [INFO]:    [Frontend]:        [handleGamePush/steam] app_name=700580 is_installed=false is_delisted=true matchedIndex=-1 beforeLen=239
(12:05:18) [INFO]:    [Frontend]:        [handleGamePush/steam] app_name=704450 is_installed=false is_delisted=false matchedIndex=-1 beforeLen=240
(12:05:18) [INFO]:    [Frontend]:        [handleGamePush/steam] app_name=718850 is_installed=true is_delisted=false matchedIndex=-1 beforeLen=241
(12:05:18) [INFO]:    [Frontend]:        [handleGamePush/steam] app_name=729040 is_installed=false is_delisted=false matchedIndex=-1 beforeLen=243
(12:05:18) [INFO]:    [Frontend]:        [handleGamePush/steam] app_name=719040 is_installed=true is_delisted=false matchedIndex=-1 beforeLen=242
(12:05:18) [INFO]:    [Frontend]:        [handleGamePush/steam] app_name=736820 is_installed=false is_delisted=false matchedIndex=-1 beforeLen=244
(12:05:18) [INFO]:    [Frontend]:        [handleGamePush/steam] app_name=752590 is_installed=false is_delisted=false matchedIndex=-1 beforeLen=246
(12:05:18) [INFO]:    [Frontend]:        [handleGamePush/steam] app_name=747350 is_installed=false is_delisted=false matchedIndex=-1 beforeLen=245
(12:05:18) [INFO]:    [Frontend]:        [handleGamePush/steam] app_name=760060 is_installed=false is_delisted=false matchedIndex=-1 beforeLen=247
(12:05:18) [INFO]:    [Frontend]:        [handleGamePush/steam] app_name=763890 is_installed=false is_delisted=false matchedIndex=-1 beforeLen=248
(12:05:18) [INFO]:    [Frontend]:        [handleGamePush/steam] app_name=768200 is_installed=false is_delisted=false matchedIndex=-1 beforeLen=249
(12:05:18) [INFO]:    [Frontend]:        [handleGamePush/steam] app_name=770720 is_installed=false is_delisted=false matchedIndex=-1 beforeLen=250
(12:05:18) [INFO]:    [Frontend]:        [handleGamePush/steam] app_name=779290 is_installed=false is_delisted=false matchedIndex=-1 beforeLen=251
(12:05:18) [INFO]:    [Frontend]:        [handleGamePush/steam] app_name=794260 is_installed=false is_delisted=false matchedIndex=-1 beforeLen=252
(12:05:18) [INFO]:    [Frontend]:        [handleGamePush/steam] app_name=801800 is_installed=false is_delisted=false matchedIndex=-1 beforeLen=253
(12:05:18) [INFO]:    [Frontend]:        [handleGamePush/steam] app_name=810040 is_installed=false is_delisted=false matchedIndex=-1 beforeLen=254
(12:05:18) [INFO]:    [Frontend]:        [handleGamePush/steam] app_name=811320 is_installed=false is_delisted=false matchedIndex=-1 beforeLen=255
(12:05:18) [INFO]:    [Frontend]:        [handleGamePush/steam] app_name=817540 is_installed=false is_delisted=false matchedIndex=-1 beforeLen=257
(12:05:18) [INFO]:    [Frontend]:        [handleGamePush/steam] app_name=843260 is_installed=false is_delisted=false matchedIndex=-1 beforeLen=259
(12:05:18) [INFO]:    [Frontend]:        [handleGamePush/steam] app_name=858820 is_installed=false is_delisted=false matchedIndex=-1 beforeLen=260
(12:05:18) [INFO]:    [Frontend]:        [handleGamePush/steam] app_name=882100 is_installed=false is_delisted=false matchedIndex=-1 beforeLen=261
(12:05:18) [INFO]:    [Frontend]:        [handleGamePush/steam] app_name=909660 is_installed=false is_delisted=false matchedIndex=-1 beforeLen=263
(12:05:18) [INFO]:    [Frontend]:        [handleGamePush/steam] app_name=916440 is_installed=false is_delisted=false matchedIndex=-1 beforeLen=264
(12:05:18) [INFO]:    [Frontend]:        [handleGamePush/steam] app_name=921800 is_installed=false is_delisted=false matchedIndex=-1 beforeLen=265
(12:05:18) [INFO]:    [Frontend]:        [handleGamePush/steam] app_name=951430 is_installed=false is_delisted=false matchedIndex=-1 beforeLen=266
(12:05:18) [INFO]:    [Frontend]:        [handleGamePush/steam] app_name=892970 is_installed=false is_delisted=false matchedIndex=-1 beforeLen=262
(12:05:18) [INFO]:    [Frontend]:        [handleGamePush/steam] app_name=952060 is_installed=false is_delisted=false matchedIndex=-1 beforeLen=267
(12:05:18) [INFO]:    [Frontend]:        [handleGamePush/steam] app_name=954650 is_installed=false is_delisted=false matchedIndex=-1 beforeLen=269
(12:05:18) [INFO]:    [Frontend]:        [handleGamePush/steam] app_name=962130 is_installed=false is_delisted=false matchedIndex=-1 beforeLen=270
(12:05:18) [INFO]:    [Frontend]:        [handleGamePush/steam] app_name=970830 is_installed=false is_delisted=false matchedIndex=-1 beforeLen=271
(12:05:18) [INFO]:    [Frontend]:        [handleGamePush/steam] app_name=990080 is_installed=true is_delisted=false matchedIndex=-1 beforeLen=272
(12:05:18) [INFO]:    [Frontend]:        [handleGamePush/steam] app_name=952070 is_installed=false is_delisted=false matchedIndex=-1 beforeLen=268
(12:05:18) [INFO]:    [Frontend]:        [handleGamePush/steam] app_name=815370 is_installed=false is_delisted=false matchedIndex=-1 beforeLen=256
(12:05:18) [INFO]:    [Frontend]:        [handleGamePush/steam] app_name=829590 is_installed=false is_delisted=false matchedIndex=-1 beforeLen=258
(12:05:18) [INFO]:    [Frontend]:        [handleGamePush/steam] app_name=1044720 is_installed=false is_delisted=false matchedIndex=-1 beforeLen=273
(12:05:18) [INFO]:    [Frontend]:        [handleGamePush/steam] app_name=1062520 is_installed=false is_delisted=false matchedIndex=-1 beforeLen=274
(12:05:18) [INFO]:    [Frontend]:        [handleGamePush/steam] app_name=1088850 is_installed=false is_delisted=false matchedIndex=-1 beforeLen=277
(12:05:18) [INFO]:    [Frontend]:        [handleGamePush/steam] app_name=1084600 is_installed=false is_delisted=false matchedIndex=-1 beforeLen=275
(12:05:18) [INFO]:    [Frontend]:        [handleGamePush/steam] app_name=1091500 is_installed=true is_delisted=false matchedIndex=-1 beforeLen=278
(12:05:18) [INFO]:    [Frontend]:        [handleGamePush/steam] app_name=1096530 is_installed=false is_delisted=false matchedIndex=-1 beforeLen=280
(12:05:18) [INFO]:    [Frontend]:        [handleGamePush/steam] app_name=1091980 is_installed=false is_delisted=false matchedIndex=-1 beforeLen=279
(12:05:18) [INFO]:    [Frontend]:        [handleGamePush/steam] app_name=1086940 is_installed=true is_delisted=false matchedIndex=-1 beforeLen=276
(12:05:18) [INFO]:    [Frontend]:        [handleGamePush/steam] app_name=1119730 is_installed=false is_delisted=false matchedIndex=-1 beforeLen=281
(12:05:18) [INFO]:    [Frontend]:        [handleGamePush/steam] app_name=1124300 is_installed=false is_delisted=false matchedIndex=-1 beforeLen=282
(12:05:18) [WARNING]: listUpdateableGames not implemented on Sideload Library Manager
(12:05:18) [INFO]:    [Gog]:             Found 0 game(s) to update
(12:05:18) [INFO]:    [Frontend]:        [handleGamePush/steam] app_name=1129580 is_installed=false is_delisted=false matchedIndex=-1 beforeLen=283
(12:05:18) [INFO]:    [Frontend]:        [handleGamePush/steam] app_name=1139940 is_installed=false is_delisted=false matchedIndex=-1 beforeLen=284
(12:05:18) [INFO]:    [Frontend]:        [handleGamePush/steam] app_name=1142710 is_installed=false is_delisted=false matchedIndex=-1 beforeLen=285
(12:05:18) [INFO]:    [Frontend]:        [handleGamePush/steam] app_name=1151340 is_installed=false is_delisted=false matchedIndex=-1 beforeLen=286
(12:05:18) [INFO]:    [Frontend]:        [handleGamePush/steam] app_name=1158310 is_installed=false is_delisted=false matchedIndex=-1 beforeLen=287
(12:05:18) [INFO]:    [Frontend]:        [handleGamePush/steam] app_name=1167750 is_installed=false is_delisted=false matchedIndex=-1 beforeLen=288
(12:05:18) [INFO]:    [Frontend]:        [handleGamePush/steam] app_name=1167950 is_installed=false is_delisted=false matchedIndex=-1 beforeLen=289
(12:05:18) [INFO]:    [Frontend]:        [handleGamePush/steam] app_name=1169040 is_installed=false is_delisted=false matchedIndex=-1 beforeLen=290
(12:05:18) [INFO]:    [Frontend]:        [handleGamePush/steam] app_name=1174180 is_installed=false is_delisted=false matchedIndex=-1 beforeLen=291
(12:05:18) [INFO]:    [Frontend]:        [handleGamePush/steam] app_name=1179210 is_installed=false is_delisted=false matchedIndex=-1 beforeLen=292
(12:05:18) [INFO]:    [Frontend]:        [handleGamePush/steam] app_name=1184370 is_installed=false is_delisted=false matchedIndex=-1 beforeLen=293
(12:05:18) [INFO]:    [Frontend]:        [handleGamePush/steam] app_name=1203620 is_installed=false is_delisted=false matchedIndex=-1 beforeLen=294
(12:05:18) [INFO]:    [Frontend]:        [handleGamePush/steam] app_name=1245560 is_installed=false is_delisted=false matchedIndex=-1 beforeLen=295
(12:05:18) [INFO]:    [Frontend]:        [handleGamePush/steam] app_name=1281930 is_installed=false is_delisted=false matchedIndex=-1 beforeLen=296
(12:05:18) [INFO]:    [Frontend]:        [handleGamePush/steam] app_name=1282410 is_installed=false is_delisted=false matchedIndex=-1 beforeLen=297
(12:05:18) [INFO]:    [Frontend]:        [handleGamePush/steam] app_name=1284190 is_installed=false is_delisted=false matchedIndex=-1 beforeLen=298
(12:05:18) [INFO]:    [Frontend]:        [handleGamePush/steam] app_name=1286830 is_installed=false is_delisted=false matchedIndex=-1 beforeLen=299
(12:05:18) [INFO]:    [Frontend]:        [handleGamePush/steam] app_name=1295660 is_installed=true is_delisted=false matchedIndex=-1 beforeLen=300
(12:05:18) [INFO]:    [Frontend]:        [handleGamePush/steam] app_name=1328670 is_installed=false is_delisted=false matchedIndex=-1 beforeLen=301
(12:05:18) [INFO]:    [Frontend]:        [handleGamePush/steam] app_name=1335830 is_installed=true is_delisted=false matchedIndex=-1 beforeLen=302
(12:05:18) [INFO]:    [Frontend]:        [handleGamePush/steam] app_name=1359090 is_installed=false is_delisted=false matchedIndex=-1 beforeLen=303
(12:05:18) [INFO]:    [Frontend]:        [handleGamePush/steam] app_name=1363080 is_installed=false is_delisted=false matchedIndex=-1 beforeLen=304
(12:05:18) [INFO]:    [Frontend]:        [handleGamePush/steam] app_name=1374490 is_installed=false is_delisted=false matchedIndex=-1 beforeLen=305
(12:05:18) [INFO]:    [Frontend]:        [handleGamePush/steam] app_name=1374930 is_installed=false is_delisted=false matchedIndex=-1 beforeLen=306
(12:05:18) [INFO]:    [Frontend]:        [handleGamePush/steam] app_name=1377380 is_installed=false is_delisted=false matchedIndex=-1 beforeLen=307
(12:05:18) [INFO]:    [Frontend]:        [handleGamePush/steam] app_name=1416260 is_installed=false is_delisted=false matchedIndex=-1 beforeLen=308
(12:05:18) [INFO]:    [Frontend]:        [handleGamePush/steam] app_name=1432910 is_installed=false is_delisted=false matchedIndex=-1 beforeLen=309
(12:05:18) [INFO]:    [Frontend]:        [handleGamePush/steam] app_name=1449560 is_installed=false is_delisted=false matchedIndex=-1 beforeLen=310
(12:05:18) [INFO]:    [Frontend]:        [handleGamePush/steam] app_name=1509510 is_installed=false is_delisted=false matchedIndex=-1 beforeLen=311
(12:05:18) [INFO]:    [Frontend]:        [handleGamePush/steam] app_name=1526430 is_installed=false is_delisted=false matchedIndex=-1 beforeLen=312
(12:05:18) [INFO]:    [Frontend]:        [handleGamePush/steam] app_name=1527950 is_installed=false is_delisted=false matchedIndex=-1 beforeLen=313
(12:05:18) [INFO]:    [Frontend]:        [handleGamePush/steam] app_name=1545560 is_installed=false is_delisted=false matchedIndex=-1 beforeLen=314
(12:05:18) [INFO]:    [Frontend]:        [handleGamePush/steam] app_name=1562430 is_installed=false is_delisted=false matchedIndex=-1 beforeLen=315
(12:05:18) [INFO]:    [Frontend]:        [handleGamePush/steam] app_name=1564600 is_installed=false is_delisted=false matchedIndex=-1 beforeLen=316
(12:05:18) [INFO]:    [Frontend]:        [handleGamePush/steam] app_name=1578650 is_installed=false is_delisted=false matchedIndex=-1 beforeLen=317
(12:05:18) [INFO]:    [Frontend]:        [handleGamePush/steam] app_name=1581770 is_installed=false is_delisted=false matchedIndex=-1 beforeLen=318
(12:05:18) [INFO]:    [Frontend]:        [handleGamePush/steam] app_name=1585180 is_installed=false is_delisted=false matchedIndex=-1 beforeLen=319
(12:05:18) [INFO]:    [Frontend]:        [handleGamePush/steam] app_name=1599330 is_installed=false is_delisted=false matchedIndex=-1 beforeLen=320
(12:05:18) [INFO]:    [Frontend]:        [handleGamePush/steam] app_name=1601970 is_installed=false is_delisted=false matchedIndex=-1 beforeLen=321
(12:05:18) [INFO]:    [Frontend]:        [handleGamePush/steam] app_name=1603180 is_installed=false is_delisted=false matchedIndex=-1 beforeLen=322
(12:05:18) [INFO]:    [Frontend]:        [handleGamePush/steam] app_name=1604030 is_installed=false is_delisted=false matchedIndex=-1 beforeLen=323
(12:05:18) [INFO]:    [Frontend]:        [handleGamePush/steam] app_name=1621070 is_installed=false is_delisted=false matchedIndex=-1 beforeLen=324
(12:05:18) [INFO]:    [Frontend]:        [handleGamePush/steam] app_name=1621690 is_installed=false is_delisted=false matchedIndex=-1 beforeLen=325
(12:05:18) [INFO]:    [Frontend]:        [handleGamePush/steam] app_name=1623070 is_installed=false is_delisted=false matchedIndex=-1 beforeLen=326
(12:05:18) [INFO]:    [Frontend]:        [handleGamePush/steam] app_name=1623730 is_installed=false is_delisted=false matchedIndex=-1 beforeLen=327
(12:05:18) [INFO]:    [Frontend]:        [handleGamePush/steam] app_name=1641960 is_installed=false is_delisted=false matchedIndex=-1 beforeLen=328
(12:05:18) [INFO]:    [Frontend]:        [handleGamePush/steam] app_name=1645820 is_installed=false is_delisted=false matchedIndex=-1 beforeLen=329
(12:05:18) [INFO]:    [Frontend]:        [handleGamePush/steam] app_name=1651560 is_installed=false is_delisted=false matchedIndex=-1 beforeLen=330
(12:05:18) [INFO]:    [Frontend]:        [handleGamePush/steam] app_name=1660080 is_installed=false is_delisted=false matchedIndex=-1 beforeLen=331
(12:05:18) [INFO]:    [Frontend]:        [handleGamePush/steam] app_name=1674920 is_installed=false is_delisted=false matchedIndex=-1 beforeLen=332
(12:05:18) [INFO]:    [Frontend]:        [handleGamePush/steam] app_name=1677110 is_installed=false is_delisted=false matchedIndex=-1 beforeLen=333
(12:05:18) [INFO]:    [Frontend]:        [handleGamePush/steam] app_name=1684350 is_installed=false is_delisted=false matchedIndex=-1 beforeLen=334
(12:05:18) [INFO]:    [Frontend]:        [handleGamePush/steam] app_name=1691190 is_installed=false is_delisted=false matchedIndex=-1 beforeLen=335
(12:05:18) [INFO]:    [Frontend]:        [handleGamePush/steam] app_name=1714900 is_installed=false is_delisted=false matchedIndex=-1 beforeLen=336
(12:05:18) [INFO]:    [Frontend]:        [handleGamePush/steam] app_name=1716740 is_installed=false is_delisted=false matchedIndex=-1 beforeLen=337
(12:05:18) [INFO]:    [Frontend]:        [handleGamePush/steam] app_name=1751350 is_installed=false is_delisted=false matchedIndex=-1 beforeLen=338
(12:05:18) [INFO]:    [Frontend]:        [handleGamePush/steam] app_name=1771300 is_installed=true is_delisted=false matchedIndex=-1 beforeLen=339
(12:05:18) [INFO]:    [Frontend]:        [handleGamePush/steam] app_name=1782460 is_installed=false is_delisted=false matchedIndex=-1 beforeLen=340
(12:05:18) [INFO]:    [Frontend]:        [handleGamePush/steam] app_name=1812450 is_installed=false is_delisted=false matchedIndex=-1 beforeLen=341
(12:05:18) [INFO]:    [Frontend]:        [handleGamePush/steam] app_name=1818230 is_installed=false is_delisted=false matchedIndex=-1 beforeLen=342
(12:05:18) [INFO]:    [Frontend]:        [handleGamePush/steam] app_name=1836200 is_installed=false is_delisted=false matchedIndex=-1 beforeLen=343
(12:05:18) [INFO]:    [Frontend]:        [handleGamePush/steam] app_name=1887840 is_installed=false is_delisted=false matchedIndex=-1 beforeLen=344
(12:05:18) [INFO]:    [Frontend]:        [handleGamePush/steam] app_name=1898300 is_installed=false is_delisted=false matchedIndex=-1 beforeLen=345
(12:05:18) [INFO]:    [Frontend]:        [handleGamePush/steam] app_name=1903340 is_installed=false is_delisted=false matchedIndex=-1 beforeLen=346
(12:05:18) [INFO]:    [Frontend]:        [handleGamePush/steam] app_name=1928980 is_installed=false is_delisted=false matchedIndex=-1 beforeLen=347
(12:05:18) [INFO]:    [Frontend]:        [handleGamePush/steam] app_name=1931180 is_installed=false is_delisted=false matchedIndex=-1 beforeLen=348
(12:05:18) [INFO]:    [Frontend]:        [handleGamePush/steam] app_name=1937780 is_installed=false is_delisted=false matchedIndex=-1 beforeLen=349
(12:05:18) [INFO]:    [Frontend]:        [handleGamePush/steam] app_name=1963370 is_installed=false is_delisted=false matchedIndex=-1 beforeLen=350
(12:05:18) [INFO]:    [Frontend]:        [handleGamePush/steam] app_name=1975580 is_installed=false is_delisted=false matchedIndex=-1 beforeLen=351
(12:05:18) [INFO]:    [Frontend]:        [handleGamePush/steam] app_name=1983260 is_installed=false is_delisted=false matchedIndex=-1 beforeLen=352
(12:05:18) [INFO]:    [Frontend]:        [handleGamePush/steam] app_name=2021880 is_installed=false is_delisted=false matchedIndex=-1 beforeLen=354
(12:05:18) [INFO]:    [Frontend]:        [handleGamePush/steam] app_name=2020710 is_installed=false is_delisted=false matchedIndex=-1 beforeLen=353
(12:05:18) [INFO]:    [Frontend]:        [handleGamePush/steam] app_name=2026000 is_installed=false is_delisted=false matchedIndex=-1 beforeLen=355
(12:05:18) [INFO]:    [Frontend]:        [handleGamePush/steam] app_name=2080690 is_installed=false is_delisted=false matchedIndex=-1 beforeLen=356
(12:05:18) [INFO]:    [Frontend]:        [handleGamePush/steam] app_name=2082470 is_installed=false is_delisted=false matchedIndex=-1 beforeLen=357
(12:05:18) [INFO]:    [Frontend]:        [handleGamePush/steam] app_name=2115760 is_installed=false is_delisted=false matchedIndex=-1 beforeLen=358
(12:05:18) [INFO]:    [Frontend]:        [handleGamePush/steam] app_name=2139460 is_installed=false is_delisted=false matchedIndex=-1 beforeLen=359
(12:05:18) [INFO]:    [Frontend]:        [handleGamePush/steam] app_name=2186680 is_installed=false is_delisted=false matchedIndex=-1 beforeLen=360
(12:05:18) [INFO]:    [Frontend]:        [handleGamePush/steam] app_name=2198510 is_installed=false is_delisted=false matchedIndex=-1 beforeLen=361
(12:05:18) [INFO]:    [Frontend]:        [handleGamePush/steam] app_name=2230980 is_installed=false is_delisted=false matchedIndex=-1 beforeLen=362
(12:05:18) [INFO]:    [Frontend]:        [handleGamePush/steam] app_name=2362420 is_installed=false is_delisted=false matchedIndex=-1 beforeLen=363
(12:05:18) [INFO]:    [Frontend]:        [handleGamePush/steam] app_name=2375550 is_installed=false is_delisted=false matchedIndex=-1 beforeLen=364
(12:05:18) [INFO]:    [Frontend]:        [handleGamePush/steam] app_name=2408820 is_installed=false is_delisted=false matchedIndex=-1 beforeLen=365
(12:05:18) [INFO]:    [Frontend]:        [handleGamePush/steam] app_name=2457220 is_installed=false is_delisted=false matchedIndex=-1 beforeLen=366
(12:05:18) [INFO]:    [Frontend]:        [handleGamePush/steam] app_name=2525380 is_installed=false is_delisted=false matchedIndex=-1 beforeLen=367
(12:05:18) [INFO]:    [Frontend]:        [handleGamePush/steam] app_name=2570210 is_installed=false is_delisted=false matchedIndex=-1 beforeLen=368
(12:05:18) [INFO]:    [Frontend]:        [handleGamePush/steam] app_name=2617700 is_installed=false is_delisted=false matchedIndex=-1 beforeLen=369
(12:05:18) [INFO]:    [Frontend]:        [handleGamePush/steam] app_name=2646460 is_installed=false is_delisted=false matchedIndex=-1 beforeLen=370
(12:05:18) [INFO]:    [Frontend]:        [handleGamePush/steam] app_name=2683150 is_installed=false is_delisted=false matchedIndex=-1 beforeLen=371
(12:05:18) [INFO]:    [Frontend]:        [handleGamePush/steam] app_name=2933130 is_installed=false is_delisted=false matchedIndex=-1 beforeLen=373
(12:05:18) [INFO]:    [Frontend]:        [handleGamePush/steam] app_name=2706020 is_installed=false is_delisted=false matchedIndex=-1 beforeLen=372
(12:05:18) [INFO]:    [Frontend]:        [handleGamePush/steam] app_name=2951630 is_installed=false is_delisted=false matchedIndex=-1 beforeLen=374
(12:05:18) [INFO]:    [Frontend]:        [handleGamePush/steam] app_name=2975950 is_installed=false is_delisted=false matchedIndex=-1 beforeLen=375
(12:05:18) [INFO]:    [Frontend]:        [handleGamePush/steam] app_name=3172700 is_installed=false is_delisted=false matchedIndex=-1 beforeLen=376
(12:05:18) [INFO]:    [Frontend]:        [handleGamePush/steam] app_name=3410180 is_installed=false is_delisted=false matchedIndex=-1 beforeLen=377
(12:05:27) [INFO]:    [Legendary]:       Running command: LEGENDARY_CONFIG_PATH="/Users/graysonmitchell/Library/Application Support/GameLib/legendaryConfig/legendary" /Users/graysonmitchell/Projects/GameLib/public/bin/arm64/darwin/legendary/legendary --version
(12:05:27) [INFO]:    [Gog]:             Running command: GOGDL_CONFIG_PATH="/Users/graysonmitchell/Library/Application Support/GameLib/gogdlConfig" /Users/graysonmitchell/Projects/GameLib/public/bin/arm64/darwin/gogdl/gogdl --auth-config-path "/Users/graysonmitchell/Library/Application Support/GameLib/gog_store/auth.json" --version
(12:05:27) [DEBUG]:   [Backend]:         Logging to file(s) /Users/graysonmitchell/Library/Logs/GameLib/runners/legendary.log
(12:05:27) [DEBUG]:   [Backend]:         Logging to file(s) /Users/graysonmitchell/Library/Logs/GameLib/runners/nile.log
(12:05:27) [INFO]:    [Nile]:            Running command: NILE_CONFIG_PATH="/Users/graysonmitchell/Library/Application Support/GameLib/nile_config" /Users/graysonmitchell/Projects/GameLib/public/bin/arm64/darwin/nile/nile --version
(12:08:38) [INFO]:    [Nile]:            Running command: NILE_CONFIG_PATH="/Users/graysonmitchell/Library/Application Support/GameLib/nile_config" /Users/graysonmitchell/Projects/GameLib/public/bin/x64/darwin/nile --version
(12:12:34) [INFO]:    [Nile]:            Running command: NILE_CONFIG_PATH="/Users/graysonmitchell/Library/Application Support/GameLib/nile_config" /Users/graysonmitchell/Projects/GameLib/public/bin/arm64/darwin/nile/nile --version
